[0;33m> data/4-leg-mat-1.txt[0m

     a     b     c     d     e     f     g     h    
  +-----+-----+-----+-----+-----+-----+-----+-----+
8 |  ♜  |  ♞  |  ♝  |  ♛  |  ♚  |  ♝  |  ♞  |  ♜  |
  +-----+-----+-----+-----+-----+-----+-----+-----+
7 |  ♟  |  ♟  |  ♟  |  ♟  |  ♟  |  ♟  |  ♟  |  ♟  |
  +-----+-----+-----+-----+-----+-----+-----+-----+
6 |     |     |     |     |     |     |     |     |
  +-----+-----+-----+-----+-----+-----+-----+-----+
5 |     |     |     |     |     |     |     |     |
  +-----+-----+-----+-----+-----+-----+-----+-----+
4 |     |     |     |     |     |     |     |     |
  +-----+-----+-----+-----+-----+-----+-----+-----+
3 |     |     |     |     |     |     |     |     |
  +-----+-----+-----+-----+-----+-----+-----+-----+
2 |  ♙  |  ♙  |  ♙  |  ♙  |  ♙  |  ♙  |  ♙  |  ♙  |
  +-----+-----+-----+-----+-----+-----+-----+-----+
1 |  ♖  |  ♘  |  ♗  |  ♕  |  ♔  |  ♗  |  ♘  |  ♖  |
  +-----+-----+-----+-----+-----+-----+-----+-----+
Blanc : 
     a     b     c     d     e     f     g     h    
  +-----+-----+-----+-----+-----+-----+-----+-----+
8 |  ♜  |  ♞  |  ♝  |  ♛  |  ♚  |  ♝  |  ♞  |  ♜  |
  +-----+-----+-----+-----+-----+-----+-----+-----+
7 |  ♟  |  ♟  |  ♟  |  ♟  |  ♟  |  ♟  |  ♟  |  ♟  |
  +-----+-----+-----+-----+-----+-----+-----+-----+
6 |     |     |     |     |     |     |     |     |
  +-----+-----+-----+-----+-----+-----+-----+-----+
5 |     |     |     |     |     |     |     |     |
  +-----+-----+-----+-----+-----+-----+-----+-----+
4 |     |     |     |     |  ♙  |     |     |     |
  +-----+-----+-----+-----+-----+-----+-----+-----+
3 |     |     |     |     |     |     |     |     |
  +-----+-----+-----+-----+-----+-----+-----+-----+
2 |  ♙  |  ♙  |  ♙  |  ♙  |     |  ♙  |  ♙  |  ♙  |
  +-----+-----+-----+-----+-----+-----+-----+-----+
1 |  ♖  |  ♘  |  ♗  |  ♕  |  ♔  |  ♗  |  ♘  |  ♖  |
  +-----+-----+-----+-----+-----+-----+-----+-----+
Noir : 
     a     b     c     d     e     f     g     h    
  +-----+-----+-----+-----+-----+-----+-----+-----+
8 |  ♜  |  ♞  |  ♝  |  ♛  |  ♚  |  ♝  |  ♞  |  ♜  |
  +-----+-----+-----+-----+-----+-----+-----+-----+
7 |  ♟  |  ♟  |  ♟  |  ♟  |     |  ♟  |  ♟  |  ♟  |
  +-----+-----+-----+-----+-----+-----+-----+-----+
6 |     |     |     |     |     |     |     |     |
  +-----+-----+-----+-----+-----+-----+-----+-----+
5 |     |     |     |     |  ♟  |     |     |     |
  +-----+-----+-----+-----+-----+-----+-----+-----+
4 |     |     |     |     |  ♙  |     |     |     |
  +-----+-----+-----+-----+-----+-----+-----+-----+
3 |     |     |     |     |     |     |     |     |
  +-----+-----+-----+-----+-----+-----+-----+-----+
2 |  ♙  |  ♙  |  ♙  |  ♙  |     |  ♙  |  ♙  |  ♙  |
  +-----+-----+-----+-----+-----+-----+-----+-----+
1 |  ♖  |  ♘  |  ♗  |  ♕  |  ♔  |  ♗  |  ♘  |  ♖  |
  +-----+-----+-----+-----+-----+-----+-----+-----+
Blanc : 
     a     b     c     d     e     f     g     h    
  +-----+-----+-----+-----+-----+-----+-----+-----+
8 |  ♜  |  ♞  |  ♝  |  ♛  |  ♚  |  ♝  |  ♞  |  ♜  |
  +-----+-----+-----+-----+-----+-----+-----+-----+
7 |  ♟  |  ♟  |  ♟  |  ♟  |     |  ♟  |  ♟  |  ♟  |
  +-----+-----+-----+-----+-----+-----+-----+-----+
6 |     |     |     |     |     |     |     |     |
  +-----+-----+-----+-----+-----+-----+-----+-----+
5 |     |     |     |     |  ♟  |     |     |     |
  +-----+-----+-----+-----+-----+-----+-----+-----+
4 |     |     |     |     |  ♙  |  ♙  |     |     |
  +-----+-----+-----+-----+-----+-----+-----+-----+
3 |     |     |     |     |     |     |     |     |
  +-----+-----+-----+-----+-----+-----+-----+-----+
2 |  ♙  |  ♙  |  ♙  |  ♙  |     |     |  ♙  |  ♙  |
  +-----+-----+-----+-----+-----+-----+-----+-----+
1 |  ♖  |  ♘  |  ♗  |  ♕  |  ♔  |  ♗  |  ♘  |  ♖  |
  +-----+-----+-----+-----+-----+-----+-----+-----+
Noir : 
     a     b     c     d     e     f     g     h    
  +-----+-----+-----+-----+-----+-----+-----+-----+
8 |  ♜  |  ♞  |  ♝  |  ♛  |  ♚  |  ♝  |  ♞  |  ♜  |
  +-----+-----+-----+-----+-----+-----+-----+-----+
7 |  ♟  |  ♟  |  ♟  |     |     |  ♟  |  ♟  |  ♟  |
  +-----+-----+-----+-----+-----+-----+-----+-----+
6 |     |     |     |     |     |     |     |     |
  +-----+-----+-----+-----+-----+-----+-----+-----+
5 |     |     |     |  ♟  |  ♟  |     |     |     |
  +-----+-----+-----+-----+-----+-----+-----+-----+
4 |     |     |     |     |  ♙  |  ♙  |     |     |
  +-----+-----+-----+-----+-----+-----+-----+-----+
3 |     |     |     |     |     |     |     |     |
  +-----+-----+-----+-----+-----+-----+-----+-----+
2 |  ♙  |  ♙  |  ♙  |  ♙  |     |     |  ♙  |  ♙  |
  +-----+-----+-----+-----+-----+-----+-----+-----+
1 |  ♖  |  ♘  |  ♗  |  ♕  |  ♔  |  ♗  |  ♘  |  ♖  |
  +-----+-----+-----+-----+-----+-----+-----+-----+
Blanc : 
     a     b     c     d     e     f     g     h    
  +-----+-----+-----+-----+-----+-----+-----+-----+
8 |  ♜  |  ♞  |  ♝  |  ♛  |  ♚  |  ♝  |  ♞  |  ♜  |
  +-----+-----+-----+-----+-----+-----+-----+-----+
7 |  ♟  |  ♟  |  ♟  |     |     |  ♟  |  ♟  |  ♟  |
  +-----+-----+-----+-----+-----+-----+-----+-----+
6 |     |     |     |     |     |     |     |     |
  +-----+-----+-----+-----+-----+-----+-----+-----+
5 |     |     |     |  ♟  |  ♟  |     |     |     |
  +-----+-----+-----+-----+-----+-----+-----+-----+
4 |     |     |     |     |  ♙  |  ♙  |     |     |
  +-----+-----+-----+-----+-----+-----+-----+-----+
3 |     |     |  ♘  |     |     |     |     |     |
  +-----+-----+-----+-----+-----+-----+-----+-----+
2 |  ♙  |  ♙  |  ♙  |  ♙  |     |     |  ♙  |  ♙  |
  +-----+-----+-----+-----+-----+-----+-----+-----+
1 |  ♖  |     |  ♗  |  ♕  |  ♔  |  ♗  |  ♘  |  ♖  |
  +-----+-----+-----+-----+-----+-----+-----+-----+
Noir : 
     a     b     c     d     e     f     g     h    
  +-----+-----+-----+-----+-----+-----+-----+-----+
8 |  ♜  |  ♞  |  ♝  |  ♛  |  ♚  |  ♝  |  ♞  |  ♜  |
  +-----+-----+-----+-----+-----+-----+-----+-----+
7 |  ♟  |  ♟  |  ♟  |     |     |  ♟  |  ♟  |  ♟  |
  +-----+-----+-----+-----+-----+-----+-----+-----+
6 |     |     |     |     |     |     |     |     |
  +-----+-----+-----+-----+-----+-----+-----+-----+
5 |     |     |     |     |  ♟  |     |     |     |
  +-----+-----+-----+-----+-----+-----+-----+-----+
4 |     |     |     |  ♟  |  ♙  |  ♙  |     |     |
  +-----+-----+-----+-----+-----+-----+-----+-----+
3 |     |     |  ♘  |     |     |     |     |     |
  +-----+-----+-----+-----+-----+-----+-----+-----+
2 |  ♙  |  ♙  |  ♙  |  ♙  |     |     |  ♙  |  ♙  |
  +-----+-----+-----+-----+-----+-----+-----+-----+
1 |  ♖  |     |  ♗  |  ♕  |  ♔  |  ♗  |  ♘  |  ♖  |
  +-----+-----+-----+-----+-----+-----+-----+-----+
Blanc : 
     a     b     c     d     e     f     g     h    
  +-----+-----+-----+-----+-----+-----+-----+-----+
8 |  ♜  |  ♞  |  ♝  |  ♛  |  ♚  |  ♝  |  ♞  |  ♜  |
  +-----+-----+-----+-----+-----+-----+-----+-----+
7 |  ♟  |  ♟  |  ♟  |     |     |  ♟  |  ♟  |  ♟  |
  +-----+-----+-----+-----+-----+-----+-----+-----+
6 |     |     |     |     |     |     |     |     |
  +-----+-----+-----+-----+-----+-----+-----+-----+
5 |     |     |     |     |  ♟  |     |     |     |
  +-----+-----+-----+-----+-----+-----+-----+-----+
4 |     |     |     |  ♟  |  ♙  |  ♙  |     |     |
  +-----+-----+-----+-----+-----+-----+-----+-----+
3 |     |     |     |     |     |     |     |     |
  +-----+-----+-----+-----+-----+-----+-----+-----+
2 |  ♙  |  ♙  |  ♙  |  ♙  |  ♘  |     |  ♙  |  ♙  |
  +-----+-----+-----+-----+-----+-----+-----+-----+
1 |  ♖  |     |  ♗  |  ♕  |  ♔  |  ♗  |  ♘  |  ♖  |
  +-----+-----+-----+-----+-----+-----+-----+-----+
Noir : 
     a     b     c     d     e     f     g     h    
  +-----+-----+-----+-----+-----+-----+-----+-----+
8 |  ♜  |  ♞  |  ♝  |  ♛  |  ♚  |     |  ♞  |  ♜  |
  +-----+-----+-----+-----+-----+-----+-----+-----+
7 |  ♟  |  ♟  |  ♟  |     |     |  ♟  |  ♟  |  ♟  |
  +-----+-----+-----+-----+-----+-----+-----+-----+
6 |     |     |     |     |     |     |     |     |
  +-----+-----+-----+-----+-----+-----+-----+-----+
5 |     |     |     |     |  ♟  |     |     |     |
  +-----+-----+-----+-----+-----+-----+-----+-----+
4 |     |  ♝  |     |  ♟  |  ♙  |  ♙  |     |     |
  +-----+-----+-----+-----+-----+-----+-----+-----+
3 |     |     |     |     |     |     |     |     |
  +-----+-----+-----+-----+-----+-----+-----+-----+
2 |  ♙  |  ♙  |  ♙  |  ♙  |  ♘  |     |  ♙  |  ♙  |
  +-----+-----+-----+-----+-----+-----+-----+-----+
1 |  ♖  |     |  ♗  |  ♕  |  ♔  |  ♗  |  ♘  |  ♖  |
  +-----+-----+-----+-----+-----+-----+-----+-----+
Blanc : 
     a     b     c     d     e     f     g     h    
  +-----+-----+-----+-----+-----+-----+-----+-----+
8 |  ♜  |  ♞  |  ♝  |  ♛  |  ♚  |     |  ♞  |  ♜  |
  +-----+-----+-----+-----+-----+-----+-----+-----+
7 |  ♟  |  ♟  |  ♟  |     |     |  ♟  |  ♟  |  ♟  |
  +-----+-----+-----+-----+-----+-----+-----+-----+
6 |     |     |     |     |     |     |     |     |
  +-----+-----+-----+-----+-----+-----+-----+-----+
5 |     |     |     |     |  ♟  |  ♙  |     |     |
  +-----+-----+-----+-----+-----+-----+-----+-----+
4 |     |  ♝  |     |  ♟  |  ♙  |     |     |     |
  +-----+-----+-----+-----+-----+-----+-----+-----+
3 |     |     |     |     |     |     |     |     |
  +-----+-----+-----+-----+-----+-----+-----+-----+
2 |  ♙  |  ♙  |  ♙  |  ♙  |  ♘  |     |  ♙  |  ♙  |
  +-----+-----+-----+-----+-----+-----+-----+-----+
1 |  ♖  |     |  ♗  |  ♕  |  ♔  |  ♗  |  ♘  |  ♖  |
  +-----+-----+-----+-----+-----+-----+-----+-----+
Noir : 
     a     b     c     d     e     f     g     h    
  +-----+-----+-----+-----+-----+-----+-----+-----+
8 |  ♜  |     |  ♝  |  ♛  |  ♚  |     |  ♞  |  ♜  |
  +-----+-----+-----+-----+-----+-----+-----+-----+
7 |  ♟  |  ♟  |  ♟  |     |     |  ♟  |  ♟  |  ♟  |
  +-----+-----+-----+-----+-----+-----+-----+-----+
6 |     |     |  ♞  |     |     |     |     |     |
  +-----+-----+-----+-----+-----+-----+-----+-----+
5 |     |     |     |     |  ♟  |  ♙  |     |     |
  +-----+-----+-----+-----+-----+-----+-----+-----+
4 |     |  ♝  |     |  ♟  |  ♙  |     |     |     |
  +-----+-----+-----+-----+-----+-----+-----+-----+
3 |     |     |     |     |     |     |     |     |
  +-----+-----+-----+-----+-----+-----+-----+-----+
2 |  ♙  |  ♙  |  ♙  |  ♙  |  ♘  |     |  ♙  |  ♙  |
  +-----+-----+-----+-----+-----+-----+-----+-----+
1 |  ♖  |     |  ♗  |  ♕  |  ♔  |  ♗  |  ♘  |  ♖  |
  +-----+-----+-----+-----+-----+-----+-----+-----+
Blanc : 
     a     b     c     d     e     f     g     h    
  +-----+-----+-----+-----+-----+-----+-----+-----+
8 |  ♜  |     |  ♝  |  ♛  |  ♚  |     |  ♞  |  ♜  |
  +-----+-----+-----+-----+-----+-----+-----+-----+
7 |  ♟  |  ♟  |  ♟  |     |     |  ♟  |  ♟  |  ♟  |
  +-----+-----+-----+-----+-----+-----+-----+-----+
6 |     |     |  ♞  |     |     |     |     |     |
  +-----+-----+-----+-----+-----+-----+-----+-----+
5 |     |     |     |     |  ♟  |  ♙  |     |     |
  +-----+-----+-----+-----+-----+-----+-----+-----+
4 |     |  ♝  |     |  ♟  |  ♙  |     |     |     |
  +-----+-----+-----+-----+-----+-----+-----+-----+
3 |     |     |  ♙  |     |     |     |     |     |
  +-----+-----+-----+-----+-----+-----+-----+-----+
2 |  ♙  |  ♙  |     |  ♙  |  ♘  |     |  ♙  |  ♙  |
  +-----+-----+-----+-----+-----+-----+-----+-----+
1 |  ♖  |     |  ♗  |  ♕  |  ♔  |  ♗  |  ♘  |  ♖  |
  +-----+-----+-----+-----+-----+-----+-----+-----+
Noir : 
     a     b     c     d     e     f     g     h    
  +-----+-----+-----+-----+-----+-----+-----+-----+
8 |  ♜  |     |  ♝  |  ♛  |  ♚  |     |  ♞  |  ♜  |
  +-----+-----+-----+-----+-----+-----+-----+-----+
7 |  ♟  |  ♟  |  ♟  |     |     |  ♟  |  ♟  |  ♟  |
  +-----+-----+-----+-----+-----+-----+-----+-----+
6 |     |     |  ♞  |     |     |     |     |     |
  +-----+-----+-----+-----+-----+-----+-----+-----+
5 |     |     |     |     |  ♟  |  ♙  |     |     |
  +-----+-----+-----+-----+-----+-----+-----+-----+
4 |     |  ♝  |     |     |  ♙  |     |     |     |
  +-----+-----+-----+-----+-----+-----+-----+-----+
3 |     |     |  ♟  |     |     |     |     |     |
  +-----+-----+-----+-----+-----+-----+-----+-----+
2 |  ♙  |  ♙  |     |  ♙  |  ♘  |     |  ♙  |  ♙  |
  +-----+-----+-----+-----+-----+-----+-----+-----+
1 |  ♖  |     |  ♗  |  ♕  |  ♔  |  ♗  |  ♘  |  ♖  |
  +-----+-----+-----+-----+-----+-----+-----+-----+
Blanc : 
     a     b     c     d     e     f     g     h    
  +-----+-----+-----+-----+-----+-----+-----+-----+
8 |  ♜  |     |  ♝  |  ♛  |  ♚  |     |  ♞  |  ♜  |
  +-----+-----+-----+-----+-----+-----+-----+-----+
7 |  ♟  |  ♟  |  ♟  |     |     |  ♟  |  ♟  |  ♟  |
  +-----+-----+-----+-----+-----+-----+-----+-----+
6 |     |     |  ♞  |     |     |     |     |     |
  +-----+-----+-----+-----+-----+-----+-----+-----+
5 |     |     |     |     |  ♟  |  ♙  |     |     |
  +-----+-----+-----+-----+-----+-----+-----+-----+
4 |     |  ♝  |     |     |  ♙  |     |     |     |
  +-----+-----+-----+-----+-----+-----+-----+-----+
3 |     |     |  ♘  |     |     |     |     |     |
  +-----+-----+-----+-----+-----+-----+-----+-----+
2 |  ♙  |  ♙  |     |  ♙  |     |     |  ♙  |  ♙  |
  +-----+-----+-----+-----+-----+-----+-----+-----+
1 |  ♖  |     |  ♗  |  ♕  |  ♔  |  ♗  |  ♘  |  ♖  |
  +-----+-----+-----+-----+-----+-----+-----+-----+
Noir : 
     a     b     c     d     e     f     g     h    
  +-----+-----+-----+-----+-----+-----+-----+-----+
8 |  ♜  |     |  ♝  |  ♛  |  ♚  |     |  ♞  |  ♜  |
  +-----+-----+-----+-----+-----+-----+-----+-----+
7 |  ♟  |  ♟  |  ♟  |     |     |     |  ♟  |  ♟  |
  +-----+-----+-----+-----+-----+-----+-----+-----+
6 |     |     |  ♞  |     |     |  ♟  |     |     |
  +-----+-----+-----+-----+-----+-----+-----+-----+
5 |     |     |     |     |  ♟  |  ♙  |     |     |
  +-----+-----+-----+-----+-----+-----+-----+-----+
4 |     |  ♝  |     |     |  ♙  |     |     |     |
  +-----+-----+-----+-----+-----+-----+-----+-----+
3 |     |     |  ♘  |     |     |     |     |     |
  +-----+-----+-----+-----+-----+-----+-----+-----+
2 |  ♙  |  ♙  |     |  ♙  |     |     |  ♙  |  ♙  |
  +-----+-----+-----+-----+-----+-----+-----+-----+
1 |  ♖  |     |  ♗  |  ♕  |  ♔  |  ♗  |  ♘  |  ♖  |
  +-----+-----+-----+-----+-----+-----+-----+-----+
Blanc : 
     a     b     c     d     e     f     g     h    
  +-----+-----+-----+-----+-----+-----+-----+-----+
8 |  ♜  |     |  ♝  |  ♛  |  ♚  |     |  ♞  |  ♜  |
  +-----+-----+-----+-----+-----+-----+-----+-----+
7 |  ♟  |  ♟  |  ♟  |     |     |     |  ♟  |  ♟  |
  +-----+-----+-----+-----+-----+-----+-----+-----+
6 |     |     |  ♞  |     |     |  ♟  |     |     |
  +-----+-----+-----+-----+-----+-----+-----+-----+
5 |     |     |     |     |  ♟  |  ♙  |     |     |
  +-----+-----+-----+-----+-----+-----+-----+-----+
4 |     |  ♝  |     |     |  ♙  |     |  ♙  |     |
  +-----+-----+-----+-----+-----+-----+-----+-----+
3 |     |     |  ♘  |     |     |     |     |     |
  +-----+-----+-----+-----+-----+-----+-----+-----+
2 |  ♙  |  ♙  |     |  ♙  |     |     |     |  ♙  |
  +-----+-----+-----+-----+-----+-----+-----+-----+
1 |  ♖  |     |  ♗  |  ♕  |  ♔  |  ♗  |  ♘  |  ♖  |
  +-----+-----+-----+-----+-----+-----+-----+-----+
Noir : 
     a     b     c     d     e     f     g     h    
  +-----+-----+-----+-----+-----+-----+-----+-----+
8 |  ♜  |     |  ♝  |  ♛  |  ♚  |     |  ♞  |  ♜  |
  +-----+-----+-----+-----+-----+-----+-----+-----+
7 |  ♟  |  ♟  |  ♟  |     |     |     |  ♟  |  ♟  |
  +-----+-----+-----+-----+-----+-----+-----+-----+
6 |     |     |     |     |     |  ♟  |     |     |
  +-----+-----+-----+-----+-----+-----+-----+-----+
5 |     |     |     |     |  ♟  |  ♙  |     |     |
  +-----+-----+-----+-----+-----+-----+-----+-----+
4 |     |  ♝  |     |  ♞  |  ♙  |     |  ♙  |     |
  +-----+-----+-----+-----+-----+-----+-----+-----+
3 |     |     |  ♘  |     |     |     |     |     |
  +-----+-----+-----+-----+-----+-----+-----+-----+
2 |  ♙  |  ♙  |     |  ♙  |     |     |     |  ♙  |
  +-----+-----+-----+-----+-----+-----+-----+-----+
1 |  ♖  |     |  ♗  |  ♕  |  ♔  |  ♗  |  ♘  |  ♖  |
  +-----+-----+-----+-----+-----+-----+-----+-----+
Blanc : 
     a     b     c     d     e     f     g     h    
  +-----+-----+-----+-----+-----+-----+-----+-----+
8 |  ♜  |     |  ♝  |  ♛  |  ♚  |     |  ♞  |  ♜  |
  +-----+-----+-----+-----+-----+-----+-----+-----+
7 |  ♟  |  ♟  |  ♟  |     |     |     |  ♟  |  ♟  |
  +-----+-----+-----+-----+-----+-----+-----+-----+
6 |     |     |     |     |     |  ♟  |     |     |
  +-----+-----+-----+-----+-----+-----+-----+-----+
5 |     |     |     |     |  ♟  |  ♙  |     |     |
  +-----+-----+-----+-----+-----+-----+-----+-----+
4 |     |  ♝  |     |  ♞  |  ♙  |     |  ♙  |     |
  +-----+-----+-----+-----+-----+-----+-----+-----+
3 |     |     |  ♘  |  ♙  |     |     |     |     |
  +-----+-----+-----+-----+-----+-----+-----+-----+
2 |  ♙  |  ♙  |     |     |     |     |     |  ♙  |
  +-----+-----+-----+-----+-----+-----+-----+-----+
1 |  ♖  |     |  ♗  |  ♕  |  ♔  |  ♗  |  ♘  |  ♖  |
  +-----+-----+-----+-----+-----+-----+-----+-----+
Noir : 
     a     b     c     d     e     f     g     h    
  +-----+-----+-----+-----+-----+-----+-----+-----+
8 |  ♜  |     |  ♝  |  ♛  |  ♚  |     |     |  ♜  |
  +-----+-----+-----+-----+-----+-----+-----+-----+
7 |  ♟  |  ♟  |  ♟  |     |  ♞  |     |  ♟  |  ♟  |
  +-----+-----+-----+-----+-----+-----+-----+-----+
6 |     |     |     |     |     |  ♟  |     |     |
  +-----+-----+-----+-----+-----+-----+-----+-----+
5 |     |     |     |     |  ♟  |  ♙  |     |     |
  +-----+-----+-----+-----+-----+-----+-----+-----+
4 |     |  ♝  |     |  ♞  |  ♙  |     |  ♙  |     |
  +-----+-----+-----+-----+-----+-----+-----+-----+
3 |     |     |  ♘  |  ♙  |     |     |     |     |
  +-----+-----+-----+-----+-----+-----+-----+-----+
2 |  ♙  |  ♙  |     |     |     |     |     |  ♙  |
  +-----+-----+-----+-----+-----+-----+-----+-----+
1 |  ♖  |     |  ♗  |  ♕  |  ♔  |  ♗  |  ♘  |  ♖  |
  +-----+-----+-----+-----+-----+-----+-----+-----+
Blanc : 
     a     b     c     d     e     f     g     h    
  +-----+-----+-----+-----+-----+-----+-----+-----+
8 |  ♜  |     |  ♝  |  ♛  |  ♚  |     |     |  ♜  |
  +-----+-----+-----+-----+-----+-----+-----+-----+
7 |  ♟  |  ♟  |  ♟  |     |  ♞  |     |  ♟  |  ♟  |
  +-----+-----+-----+-----+-----+-----+-----+-----+
6 |     |     |     |     |     |  ♟  |     |     |
  +-----+-----+-----+-----+-----+-----+-----+-----+
5 |     |     |     |     |  ♟  |  ♙  |  ♙  |     |
  +-----+-----+-----+-----+-----+-----+-----+-----+
4 |     |  ♝  |     |  ♞  |  ♙  |     |     |     |
  +-----+-----+-----+-----+-----+-----+-----+-----+
3 |     |     |  ♘  |  ♙  |     |     |     |     |
  +-----+-----+-----+-----+-----+-----+-----+-----+
2 |  ♙  |  ♙  |     |     |     |     |     |  ♙  |
  +-----+-----+-----+-----+-----+-----+-----+-----+
1 |  ♖  |     |  ♗  |  ♕  |  ♔  |  ♗  |  ♘  |  ♖  |
  +-----+-----+-----+-----+-----+-----+-----+-----+
Noir : 
     a     b     c     d     e     f     g     h    
  +-----+-----+-----+-----+-----+-----+-----+-----+
8 |  ♜  |     |  ♝  |     |  ♚  |     |     |  ♜  |
  +-----+-----+-----+-----+-----+-----+-----+-----+
7 |  ♟  |  ♟  |  ♟  |     |  ♞  |     |  ♟  |  ♟  |
  +-----+-----+-----+-----+-----+-----+-----+-----+
6 |     |     |     |  ♛  |     |  ♟  |     |     |
  +-----+-----+-----+-----+-----+-----+-----+-----+
5 |     |     |     |     |  ♟  |  ♙  |  ♙  |     |
  +-----+-----+-----+-----+-----+-----+-----+-----+
4 |     |  ♝  |     |  ♞  |  ♙  |     |     |     |
  +-----+-----+-----+-----+-----+-----+-----+-----+
3 |     |     |  ♘  |  ♙  |     |     |     |     |
  +-----+-----+-----+-----+-----+-----+-----+-----+
2 |  ♙  |  ♙  |     |     |     |     |     |  ♙  |
  +-----+-----+-----+-----+-----+-----+-----+-----+
1 |  ♖  |     |  ♗  |  ♕  |  ♔  |  ♗  |  ♘  |  ♖  |
  +-----+-----+-----+-----+-----+-----+-----+-----+
Blanc : 
     a     b     c     d     e     f     g     h    
  +-----+-----+-----+-----+-----+-----+-----+-----+
8 |  ♜  |     |  ♝  |     |  ♚  |     |     |  ♜  |
  +-----+-----+-----+-----+-----+-----+-----+-----+
7 |  ♟  |  ♟  |  ♟  |     |  ♞  |     |  ♟  |  ♟  |
  +-----+-----+-----+-----+-----+-----+-----+-----+
6 |     |     |     |  ♛  |     |  ♟  |     |     |
  +-----+-----+-----+-----+-----+-----+-----+-----+
5 |     |     |     |     |  ♟  |  ♙  |  ♙  |     |
  +-----+-----+-----+-----+-----+-----+-----+-----+
4 |     |  ♝  |     |  ♞  |  ♙  |     |     |     |
  +-----+-----+-----+-----+-----+-----+-----+-----+
3 |  ♙  |     |  ♘  |  ♙  |     |     |     |     |
  +-----+-----+-----+-----+-----+-----+-----+-----+
2 |     |  ♙  |     |     |     |     |     |  ♙  |
  +-----+-----+-----+-----+-----+-----+-----+-----+
1 |  ♖  |     |  ♗  |  ♕  |  ♔  |  ♗  |  ♘  |  ♖  |
  +-----+-----+-----+-----+-----+-----+-----+-----+
Noir : 
     a     b     c     d     e     f     g     h    
  +-----+-----+-----+-----+-----+-----+-----+-----+
8 |  ♜  |     |  ♝  |     |  ♚  |     |     |  ♜  |
  +-----+-----+-----+-----+-----+-----+-----+-----+
7 |  ♟  |  ♟  |  ♟  |     |  ♞  |     |  ♟  |  ♟  |
  +-----+-----+-----+-----+-----+-----+-----+-----+
6 |     |     |     |  ♛  |     |  ♟  |     |     |
  +-----+-----+-----+-----+-----+-----+-----+-----+
5 |     |     |     |     |  ♟  |  ♙  |  ♙  |     |
  +-----+-----+-----+-----+-----+-----+-----+-----+
4 |     |     |     |  ♞  |  ♙  |     |     |     |
  +-----+-----+-----+-----+-----+-----+-----+-----+
3 |  ♙  |     |  ♝  |  ♙  |     |     |     |     |
  +-----+-----+-----+-----+-----+-----+-----+-----+
2 |     |  ♙  |     |     |     |     |     |  ♙  |
  +-----+-----+-----+-----+-----+-----+-----+-----+
1 |  ♖  |     |  ♗  |  ♕  |  ♔  |  ♗  |  ♘  |  ♖  |
  +-----+-----+-----+-----+-----+-----+-----+-----+
Blanc : Le roi peut se deplacer en 1 5
vous êtes en echec : 
     a     b     c     d     e     f     g     h    
  +-----+-----+-----+-----+-----+-----+-----+-----+
8 |  ♜  |     |  ♝  |     |  ♚  |     |     |  ♜  |
  +-----+-----+-----+-----+-----+-----+-----+-----+
7 |  ♟  |  ♟  |  ♟  |     |  ♞  |     |  ♟  |  ♟  |
  +-----+-----+-----+-----+-----+-----+-----+-----+
6 |     |     |     |  ♛  |     |  ♟  |     |     |
  +-----+-----+-----+-----+-----+-----+-----+-----+
5 |     |     |     |     |  ♟  |  ♙  |  ♙  |     |
  +-----+-----+-----+-----+-----+-----+-----+-----+
4 |     |     |     |  ♞  |  ♙  |     |     |     |
  +-----+-----+-----+-----+-----+-----+-----+-----+
3 |  ♙  |     |  ♙  |  ♙  |     |     |     |     |
  +-----+-----+-----+-----+-----+-----+-----+-----+
2 |     |     |     |     |     |     |     |  ♙  |
  +-----+-----+-----+-----+-----+-----+-----+-----+
1 |  ♖  |     |  ♗  |  ♕  |  ♔  |  ♗  |  ♘  |  ♖  |
  +-----+-----+-----+-----+-----+-----+-----+-----+
Noir : 
     a     b     c     d     e     f     g     h    
  +-----+-----+-----+-----+-----+-----+-----+-----+
8 |  ♜  |     |  ♝  |     |  ♚  |     |     |  ♜  |
  +-----+-----+-----+-----+-----+-----+-----+-----+
7 |  ♟  |  ♟  |  ♟  |     |  ♞  |     |  ♟  |  ♟  |
  +-----+-----+-----+-----+-----+-----+-----+-----+
6 |     |     |     |  ♛  |     |  ♟  |     |     |
  +-----+-----+-----+-----+-----+-----+-----+-----+
5 |     |  ♞  |     |     |  ♟  |  ♙  |  ♙  |     |
  +-----+-----+-----+-----+-----+-----+-----+-----+
4 |     |     |     |     |  ♙  |     |     |     |
  +-----+-----+-----+-----+-----+-----+-----+-----+
3 |  ♙  |     |  ♙  |  ♙  |     |     |     |     |
  +-----+-----+-----+-----+-----+-----+-----+-----+
2 |     |     |     |     |     |     |     |  ♙  |
  +-----+-----+-----+-----+-----+-----+-----+-----+
1 |  ♖  |     |  ♗  |  ♕  |  ♔  |  ♗  |  ♘  |  ♖  |
  +-----+-----+-----+-----+-----+-----+-----+-----+
Blanc : 
     a     b     c     d     e     f     g     h    
  +-----+-----+-----+-----+-----+-----+-----+-----+
8 |  ♜  |     |  ♝  |     |  ♚  |     |     |  ♜  |
  +-----+-----+-----+-----+-----+-----+-----+-----+
7 |  ♟  |  ♟  |  ♟  |     |  ♞  |     |  ♟  |  ♟  |
  +-----+-----+-----+-----+-----+-----+-----+-----+
6 |     |     |     |  ♛  |     |  ♟  |     |     |
  +-----+-----+-----+-----+-----+-----+-----+-----+
5 |     |  ♞  |     |     |  ♟  |  ♙  |  ♙  |     |
  +-----+-----+-----+-----+-----+-----+-----+-----+
4 |     |     |     |     |  ♙  |     |     |     |
  +-----+-----+-----+-----+-----+-----+-----+-----+
3 |  ♙  |     |  ♙  |  ♙  |     |     |     |     |
  +-----+-----+-----+-----+-----+-----+-----+-----+
2 |     |     |     |     |  ♘  |     |     |  ♙  |
  +-----+-----+-----+-----+-----+-----+-----+-----+
1 |  ♖  |     |  ♗  |  ♕  |  ♔  |  ♗  |     |  ♖  |
  +-----+-----+-----+-----+-----+-----+-----+-----+
Noir : 
     a     b     c     d     e     f     g     h    
  +-----+-----+-----+-----+-----+-----+-----+-----+
8 |  ♜  |     |  ♝  |     |     |  ♜  |  ♚  |     |
  +-----+-----+-----+-----+-----+-----+-----+-----+
7 |  ♟  |  ♟  |  ♟  |     |  ♞  |     |  ♟  |  ♟  |
  +-----+-----+-----+-----+-----+-----+-----+-----+
6 |     |     |     |  ♛  |     |  ♟  |     |     |
  +-----+-----+-----+-----+-----+-----+-----+-----+
5 |     |  ♞  |     |     |  ♟  |  ♙  |  ♙  |     |
  +-----+-----+-----+-----+-----+-----+-----+-----+
4 |     |     |     |     |  ♙  |     |     |     |
  +-----+-----+-----+-----+-----+-----+-----+-----+
3 |  ♙  |     |  ♙  |  ♙  |     |     |     |     |
  +-----+-----+-----+-----+-----+-----+-----+-----+
2 |     |     |     |     |  ♘  |     |     |  ♙  |
  +-----+-----+-----+-----+-----+-----+-----+-----+
1 |  ♖  |     |  ♗  |  ♕  |  ♔  |  ♗  |     |  ♖  |
  +-----+-----+-----+-----+-----+-----+-----+-----+
Blanc : 
     a     b     c     d     e     f     g     h    
  +-----+-----+-----+-----+-----+-----+-----+-----+
8 |  ♜  |     |  ♝  |     |     |  ♜  |  ♚  |     |
  +-----+-----+-----+-----+-----+-----+-----+-----+
7 |  ♟  |  ♟  |  ♟  |     |  ♞  |     |  ♟  |  ♟  |
  +-----+-----+-----+-----+-----+-----+-----+-----+
6 |     |     |     |  ♛  |     |  ♟  |  ♙  |     |
  +-----+-----+-----+-----+-----+-----+-----+-----+
5 |     |  ♞  |     |     |  ♟  |  ♙  |     |     |
  +-----+-----+-----+-----+-----+-----+-----+-----+
4 |     |     |     |     |  ♙  |     |     |     |
  +-----+-----+-----+-----+-----+-----+-----+-----+
3 |  ♙  |     |  ♙  |  ♙  |     |     |     |     |
  +-----+-----+-----+-----+-----+-----+-----+-----+
2 |     |     |     |     |  ♘  |     |     |  ♙  |
  +-----+-----+-----+-----+-----+-----+-----+-----+
1 |  ♖  |     |  ♗  |  ♕  |  ♔  |  ♗  |     |  ♖  |
  +-----+-----+-----+-----+-----+-----+-----+-----+
Noir : 
     a     b     c     d     e     f     g     h    
  +-----+-----+-----+-----+-----+-----+-----+-----+
8 |  ♜  |     |     |     |     |  ♜  |  ♚  |     |
  +-----+-----+-----+-----+-----+-----+-----+-----+
7 |  ♟  |  ♟  |  ♟  |  ♝  |  ♞  |     |  ♟  |  ♟  |
  +-----+-----+-----+-----+-----+-----+-----+-----+
6 |     |     |     |  ♛  |     |  ♟  |  ♙  |     |
  +-----+-----+-----+-----+-----+-----+-----+-----+
5 |     |  ♞  |     |     |  ♟  |  ♙  |     |     |
  +-----+-----+-----+-----+-----+-----+-----+-----+
4 |     |     |     |     |  ♙  |     |     |     |
  +-----+-----+-----+-----+-----+-----+-----+-----+
3 |  ♙  |     |  ♙  |  ♙  |     |     |     |     |
  +-----+-----+-----+-----+-----+-----+-----+-----+
2 |     |     |     |     |  ♘  |     |     |  ♙  |
  +-----+-----+-----+-----+-----+-----+-----+-----+
1 |  ♖  |     |  ♗  |  ♕  |  ♔  |  ♗  |     |  ♖  |
  +-----+-----+-----+-----+-----+-----+-----+-----+
Blanc : 
     a     b     c     d     e     f     g     h    
  +-----+-----+-----+-----+-----+-----+-----+-----+
8 |  ♜  |     |     |     |     |  ♜  |  ♚  |     |
  +-----+-----+-----+-----+-----+-----+-----+-----+
7 |  ♟  |  ♟  |  ♟  |  ♝  |  ♞  |     |  ♟  |  ♟  |
  +-----+-----+-----+-----+-----+-----+-----+-----+
6 |     |     |     |  ♛  |     |  ♟  |  ♙  |     |
  +-----+-----+-----+-----+-----+-----+-----+-----+
5 |     |  ♞  |     |     |  ♟  |  ♙  |     |     |
  +-----+-----+-----+-----+-----+-----+-----+-----+
4 |     |     |     |  ♙  |  ♙  |     |     |     |
  +-----+-----+-----+-----+-----+-----+-----+-----+
3 |  ♙  |     |  ♙  |     |     |     |     |     |
  +-----+-----+-----+-----+-----+-----+-----+-----+
2 |     |     |     |     |  ♘  |     |     |  ♙  |
  +-----+-----+-----+-----+-----+-----+-----+-----+
1 |  ♖  |     |  ♗  |  ♕  |  ♔  |  ♗  |     |  ♖  |
  +-----+-----+-----+-----+-----+-----+-----+-----+
Noir : 
     a     b     c     d     e     f     g     h    
  +-----+-----+-----+-----+-----+-----+-----+-----+
8 |  ♜  |     |     |     |     |  ♜  |  ♚  |     |
  +-----+-----+-----+-----+-----+-----+-----+-----+
7 |  ♟  |  ♟  |  ♟  |  ♝  |  ♞  |     |  ♟  |  ♟  |
  +-----+-----+-----+-----+-----+-----+-----+-----+
6 |     |     |     |  ♛  |     |  ♟  |  ♙  |     |
  +-----+-----+-----+-----+-----+-----+-----+-----+
5 |     |  ♞  |     |     |     |  ♙  |     |     |
  +-----+-----+-----+-----+-----+-----+-----+-----+
4 |     |     |     |  ♟  |  ♙  |     |     |     |
  +-----+-----+-----+-----+-----+-----+-----+-----+
3 |  ♙  |     |  ♙  |     |     |     |     |     |
  +-----+-----+-----+-----+-----+-----+-----+-----+
2 |     |     |     |     |  ♘  |     |     |  ♙  |
  +-----+-----+-----+-----+-----+-----+-----+-----+
1 |  ♖  |     |  ♗  |  ♕  |  ♔  |  ♗  |     |  ♖  |
  +-----+-----+-----+-----+-----+-----+-----+-----+
Blanc : 
     a     b     c     d     e     f     g     h    
  +-----+-----+-----+-----+-----+-----+-----+-----+
8 |  ♜  |     |     |     |     |  ♜  |  ♚  |     |
  +-----+-----+-----+-----+-----+-----+-----+-----+
7 |  ♟  |  ♟  |  ♟  |  ♝  |  ♞  |     |  ♟  |  ♟  |
  +-----+-----+-----+-----+-----+-----+-----+-----+
6 |     |     |     |  ♛  |     |  ♟  |  ♙  |     |
  +-----+-----+-----+-----+-----+-----+-----+-----+
5 |     |  ♞  |     |     |     |  ♙  |     |     |
  +-----+-----+-----+-----+-----+-----+-----+-----+
4 |     |     |     |  ♘  |  ♙  |     |     |     |
  +-----+-----+-----+-----+-----+-----+-----+-----+
3 |  ♙  |     |  ♙  |     |     |     |     |     |
  +-----+-----+-----+-----+-----+-----+-----+-----+
2 |     |     |     |     |     |     |     |  ♙  |
  +-----+-----+-----+-----+-----+-----+-----+-----+
1 |  ♖  |     |  ♗  |  ♕  |  ♔  |  ♗  |     |  ♖  |
  +-----+-----+-----+-----+-----+-----+-----+-----+
Noir : 
     a     b     c     d     e     f     g     h    
  +-----+-----+-----+-----+-----+-----+-----+-----+
8 |  ♜  |     |     |     |     |  ♜  |  ♚  |     |
  +-----+-----+-----+-----+-----+-----+-----+-----+
7 |  ♟  |  ♟  |  ♟  |  ♝  |  ♞  |     |  ♟  |  ♟  |
  +-----+-----+-----+-----+-----+-----+-----+-----+
6 |     |     |     |  ♛  |     |  ♟  |  ♙  |     |
  +-----+-----+-----+-----+-----+-----+-----+-----+
5 |     |     |     |     |     |  ♙  |     |     |
  +-----+-----+-----+-----+-----+-----+-----+-----+
4 |     |     |     |  ♞  |  ♙  |     |     |     |
  +-----+-----+-----+-----+-----+-----+-----+-----+
3 |  ♙  |     |  ♙  |     |     |     |     |     |
  +-----+-----+-----+-----+-----+-----+-----+-----+
2 |     |     |     |     |     |     |     |  ♙  |
  +-----+-----+-----+-----+-----+-----+-----+-----+
1 |  ♖  |     |  ♗  |  ♕  |  ♔  |  ♗  |     |  ♖  |
  +-----+-----+-----+-----+-----+-----+-----+-----+
Blanc : 
     a     b     c     d     e     f     g     h    
  +-----+-----+-----+-----+-----+-----+-----+-----+
8 |  ♜  |     |     |     |     |  ♜  |  ♚  |     |
  +-----+-----+-----+-----+-----+-----+-----+-----+
7 |  ♟  |  ♟  |  ♟  |  ♝  |  ♞  |     |  ♟  |  ♟  |
  +-----+-----+-----+-----+-----+-----+-----+-----+
6 |     |     |     |  ♛  |     |  ♟  |  ♙  |     |
  +-----+-----+-----+-----+-----+-----+-----+-----+
5 |     |     |     |     |     |  ♙  |     |  ♕  |
  +-----+-----+-----+-----+-----+-----+-----+-----+
4 |     |     |     |  ♞  |  ♙  |     |     |     |
  +-----+-----+-----+-----+-----+-----+-----+-----+
3 |  ♙  |     |  ♙  |     |     |     |     |     |
  +-----+-----+-----+-----+-----+-----+-----+-----+
2 |     |     |     |     |     |     |     |  ♙  |
  +-----+-----+-----+-----+-----+-----+-----+-----+
1 |  ♖  |     |  ♗  |     |  ♔  |  ♗  |     |  ♖  |
  +-----+-----+-----+-----+-----+-----+-----+-----+
Noir : 
     a     b     c     d     e     f     g     h    
  +-----+-----+-----+-----+-----+-----+-----+-----+
8 |  ♜  |     |     |     |     |  ♜  |  ♚  |     |
  +-----+-----+-----+-----+-----+-----+-----+-----+
7 |  ♟  |  ♟  |  ♟  |  ♝  |  ♞  |     |  ♟  |  ♟  |
  +-----+-----+-----+-----+-----+-----+-----+-----+
6 |     |     |     |  ♛  |     |  ♟  |  ♙  |     |
  +-----+-----+-----+-----+-----+-----+-----+-----+
5 |     |     |     |     |     |  ♙  |     |  ♕  |
  +-----+-----+-----+-----+-----+-----+-----+-----+
4 |     |     |     |  ♞  |  ♙  |     |     |     |
  +-----+-----+-----+-----+-----+-----+-----+-----+
3 |  ♙  |     |  ♙  |     |     |     |     |     |
  +-----+-----+-----+-----+-----+-----+-----+-----+
2 |     |     |     |     |     |     |     |  ♙  |
  +-----+-----+-----+-----+-----+-----+-----+-----+
1 |  ♖  |     |  ♗  |     |  ♔  |  ♗  |     |  ♖  |
  +-----+-----+-----+-----+-----+-----+-----+-----+
Noir : 
     a     b     c     d     e     f     g     h    
  +-----+-----+-----+-----+-----+-----+-----+-----+
8 |  ♜  |     |     |     |     |  ♜  |  ♚  |     |
  +-----+-----+-----+-----+-----+-----+-----+-----+
7 |  ♟  |  ♟  |  ♟  |  ♝  |  ♞  |     |  ♟  |     |
  +-----+-----+-----+-----+-----+-----+-----+-----+
6 |     |     |     |  ♛  |     |  ♟  |  ♙  |  ♟  |
  +-----+-----+-----+-----+-----+-----+-----+-----+
5 |     |     |     |     |     |  ♙  |     |  ♕  |
  +-----+-----+-----+-----+-----+-----+-----+-----+
4 |     |     |     |  ♞  |  ♙  |     |     |     |
  +-----+-----+-----+-----+-----+-----+-----+-----+
3 |  ♙  |     |  ♙  |     |     |     |     |     |
  +-----+-----+-----+-----+-----+-----+-----+-----+
2 |     |     |     |     |     |     |     |  ♙  |
  +-----+-----+-----+-----+-----+-----+-----+-----+
1 |  ♖  |     |  ♗  |     |  ♔  |  ♗  |     |  ♖  |
  +-----+-----+-----+-----+-----+-----+-----+-----+
Blanc : 
     a     b     c     d     e     f     g     h    
  +-----+-----+-----+-----+-----+-----+-----+-----+
8 |  ♜  |     |     |     |     |  ♜  |  ♚  |     |
  +-----+-----+-----+-----+-----+-----+-----+-----+
7 |  ♟  |  ♟  |  ♟  |  ♝  |  ♞  |     |  ♟  |     |
  +-----+-----+-----+-----+-----+-----+-----+-----+
6 |     |     |     |  ♛  |     |  ♟  |  ♙  |  ♟  |
  +-----+-----+-----+-----+-----+-----+-----+-----+
5 |     |     |     |     |     |  ♙  |     |  ♕  |
  +-----+-----+-----+-----+-----+-----+-----+-----+
4 |     |     |     |  ♙  |  ♙  |     |     |     |
  +-----+-----+-----+-----+-----+-----+-----+-----+
3 |  ♙  |     |     |     |     |     |     |     |
  +-----+-----+-----+-----+-----+-----+-----+-----+
2 |     |     |     |     |     |     |     |  ♙  |
  +-----+-----+-----+-----+-----+-----+-----+-----+
1 |  ♖  |     |  ♗  |     |  ♔  |  ♗  |     |  ♖  |
  +-----+-----+-----+-----+-----+-----+-----+-----+
Noir : 
     a     b     c     d     e     f     g     h    
  +-----+-----+-----+-----+-----+-----+-----+-----+
8 |  ♜  |     |     |     |     |  ♜  |  ♚  |     |
  +-----+-----+-----+-----+-----+-----+-----+-----+
7 |  ♟  |  ♟  |  ♟  |  ♝  |  ♞  |     |  ♟  |     |
  +-----+-----+-----+-----+-----+-----+-----+-----+
6 |     |     |     |     |     |  ♟  |  ♙  |  ♟  |
  +-----+-----+-----+-----+-----+-----+-----+-----+
5 |     |     |     |     |     |  ♙  |     |  ♕  |
  +-----+-----+-----+-----+-----+-----+-----+-----+
4 |     |     |     |  ♛  |  ♙  |     |     |     |
  +-----+-----+-----+-----+-----+-----+-----+-----+
3 |  ♙  |     |     |     |     |     |     |     |
  +-----+-----+-----+-----+-----+-----+-----+-----+
2 |     |     |     |     |     |     |     |  ♙  |
  +-----+-----+-----+-----+-----+-----+-----+-----+
1 |  ♖  |     |  ♗  |     |  ♔  |  ♗  |     |  ♖  |
  +-----+-----+-----+-----+-----+-----+-----+-----+
Blanc : 
     a     b     c     d     e     f     g     h    
  +-----+-----+-----+-----+-----+-----+-----+-----+
8 |  ♜  |     |     |     |     |  ♜  |  ♚  |     |
  +-----+-----+-----+-----+-----+-----+-----+-----+
7 |  ♟  |  ♟  |  ♟  |  ♝  |  ♞  |     |  ♟  |     |
  +-----+-----+-----+-----+-----+-----+-----+-----+
6 |     |     |     |     |     |  ♟  |  ♙  |  ♟  |
  +-----+-----+-----+-----+-----+-----+-----+-----+
5 |     |     |     |     |     |  ♙  |     |  ♕  |
  +-----+-----+-----+-----+-----+-----+-----+-----+
4 |     |     |     |  ♛  |  ♙  |     |     |     |
  +-----+-----+-----+-----+-----+-----+-----+-----+
3 |  ♙  |     |     |     |     |     |     |     |
  +-----+-----+-----+-----+-----+-----+-----+-----+
2 |  ♖  |     |     |     |     |     |     |  ♙  |
  +-----+-----+-----+-----+-----+-----+-----+-----+
1 |     |     |  ♗  |     |  ♔  |  ♗  |     |  ♖  |
  +-----+-----+-----+-----+-----+-----+-----+-----+
Noir : 
     a     b     c     d     e     f     g     h    
  +-----+-----+-----+-----+-----+-----+-----+-----+
8 |  ♜  |     |     |     |     |  ♜  |  ♚  |     |
  +-----+-----+-----+-----+-----+-----+-----+-----+
7 |  ♟  |  ♟  |  ♟  |  ♝  |  ♞  |     |  ♟  |     |
  +-----+-----+-----+-----+-----+-----+-----+-----+
6 |     |     |     |     |     |  ♟  |  ♙  |  ♟  |
  +-----+-----+-----+-----+-----+-----+-----+-----+
5 |     |     |     |     |     |  ♙  |     |  ♕  |
  +-----+-----+-----+-----+-----+-----+-----+-----+
4 |     |     |     |     |  ♛  |     |     |     |
  +-----+-----+-----+-----+-----+-----+-----+-----+
3 |  ♙  |     |     |     |     |     |     |     |
  +-----+-----+-----+-----+-----+-----+-----+-----+
2 |  ♖  |     |     |     |     |     |     |  ♙  |
  +-----+-----+-----+-----+-----+-----+-----+-----+
1 |     |     |  ♗  |     |  ♔  |  ♗  |     |  ♖  |
  +-----+-----+-----+-----+-----+-----+-----+-----+
Blanc : Le roi peut se deplacer en 1 5
vous êtes en echec : 
     a     b     c     d     e     f     g     h    
  +-----+-----+-----+-----+-----+-----+-----+-----+
8 |  ♜  |     |     |     |     |  ♜  |  ♚  |     |
  +-----+-----+-----+-----+-----+-----+-----+-----+
7 |  ♟  |  ♟  |  ♟  |  ♝  |  ♞  |     |  ♟  |     |
  +-----+-----+-----+-----+-----+-----+-----+-----+
6 |     |     |     |     |     |  ♟  |  ♙  |  ♟  |
  +-----+-----+-----+-----+-----+-----+-----+-----+
5 |     |     |     |     |     |  ♙  |     |  ♕  |
  +-----+-----+-----+-----+-----+-----+-----+-----+
4 |     |     |     |     |  ♛  |     |     |     |
  +-----+-----+-----+-----+-----+-----+-----+-----+
3 |  ♙  |     |     |     |     |     |     |     |
  +-----+-----+-----+-----+-----+-----+-----+-----+
2 |     |     |     |     |  ♖  |     |     |  ♙  |
  +-----+-----+-----+-----+-----+-----+-----+-----+
1 |     |     |  ♗  |     |  ♔  |  ♗  |     |  ♖  |
  +-----+-----+-----+-----+-----+-----+-----+-----+
Noir : 
     a     b     c     d     e     f     g     h    
  +-----+-----+-----+-----+-----+-----+-----+-----+
8 |  ♜  |     |     |     |     |  ♜  |  ♚  |     |
  +-----+-----+-----+-----+-----+-----+-----+-----+
7 |  ♟  |  ♟  |  ♟  |  ♝  |  ♞  |     |  ♟  |     |
  +-----+-----+-----+-----+-----+-----+-----+-----+
6 |     |     |     |     |     |  ♟  |  ♙  |  ♟  |
  +-----+-----+-----+-----+-----+-----+-----+-----+
5 |     |     |     |     |     |  ♙  |     |  ♕  |
  +-----+-----+-----+-----+-----+-----+-----+-----+
4 |     |     |     |     |     |     |     |     |
  +-----+-----+-----+-----+-----+-----+-----+-----+
3 |  ♙  |     |     |     |     |     |     |     |
  +-----+-----+-----+-----+-----+-----+-----+-----+
2 |     |     |     |     |  ♖  |     |     |  ♙  |
  +-----+-----+-----+-----+-----+-----+-----+-----+
1 |     |     |  ♗  |     |  ♔  |  ♗  |     |  ♛  |
  +-----+-----+-----+-----+-----+-----+-----+-----+
Blanc : 
     a     b     c     d     e     f     g     h    
  +-----+-----+-----+-----+-----+-----+-----+-----+
8 |  ♜  |     |     |     |     |  ♜  |  ♚  |     |
  +-----+-----+-----+-----+-----+-----+-----+-----+
7 |  ♟  |  ♟  |  ♟  |  ♝  |  ♖  |     |  ♟  |     |
  +-----+-----+-----+-----+-----+-----+-----+-----+
6 |     |     |     |     |     |  ♟  |  ♙  |  ♟  |
  +-----+-----+-----+-----+-----+-----+-----+-----+
5 |     |     |     |     |     |  ♙  |     |  ♕  |
  +-----+-----+-----+-----+-----+-----+-----+-----+
4 |     |     |     |     |     |     |     |     |
  +-----+-----+-----+-----+-----+-----+-----+-----+
3 |  ♙  |     |     |     |     |     |     |     |
  +-----+-----+-----+-----+-----+-----+-----+-----+
2 |     |     |     |     |     |     |     |  ♙  |
  +-----+-----+-----+-----+-----+-----+-----+-----+
1 |     |     |  ♗  |     |  ♔  |  ♗  |     |  ♛  |
  +-----+-----+-----+-----+-----+-----+-----+-----+
Noir : 
     a     b     c     d     e     f     g     h    
  +-----+-----+-----+-----+-----+-----+-----+-----+
8 |     |     |     |     |  ♜  |  ♜  |  ♚  |     |
  +-----+-----+-----+-----+-----+-----+-----+-----+
7 |  ♟  |  ♟  |  ♟  |  ♝  |  ♖  |     |  ♟  |     |
  +-----+-----+-----+-----+-----+-----+-----+-----+
6 |     |     |     |     |     |  ♟  |  ♙  |  ♟  |
  +-----+-----+-----+-----+-----+-----+-----+-----+
5 |     |     |     |     |     |  ♙  |     |  ♕  |
  +-----+-----+-----+-----+-----+-----+-----+-----+
4 |     |     |     |     |     |     |     |     |
  +-----+-----+-----+-----+-----+-----+-----+-----+
3 |  ♙  |     |     |     |     |     |     |     |
  +-----+-----+-----+-----+-----+-----+-----+-----+
2 |     |     |     |     |     |     |     |  ♙  |
  +-----+-----+-----+-----+-----+-----+-----+-----+
1 |     |     |  ♗  |     |  ♔  |  ♗  |     |  ♛  |
  +-----+-----+-----+-----+-----+-----+-----+-----+
Blanc : 
     a     b     c     d     e     f     g     h    
  +-----+-----+-----+-----+-----+-----+-----+-----+
8 |     |     |     |     |  ♖  |  ♜  |  ♚  |     |
  +-----+-----+-----+-----+-----+-----+-----+-----+
7 |  ♟  |  ♟  |  ♟  |  ♝  |     |     |  ♟  |     |
  +-----+-----+-----+-----+-----+-----+-----+-----+
6 |     |     |     |     |     |  ♟  |  ♙  |  ♟  |
  +-----+-----+-----+-----+-----+-----+-----+-----+
5 |     |     |     |     |     |  ♙  |     |  ♕  |
  +-----+-----+-----+-----+-----+-----+-----+-----+
4 |     |     |     |     |     |     |     |     |
  +-----+-----+-----+-----+-----+-----+-----+-----+
3 |  ♙  |     |     |     |     |     |     |     |
  +-----+-----+-----+-----+-----+-----+-----+-----+
2 |     |     |     |     |     |     |     |  ♙  |
  +-----+-----+-----+-----+-----+-----+-----+-----+
1 |     |     |  ♗  |     |  ♔  |  ♗  |     |  ♛  |
  +-----+-----+-----+-----+-----+-----+-----+-----+
Noir : 
     a     b     c     d     e     f     g     h    
  +-----+-----+-----+-----+-----+-----+-----+-----+
8 |     |     |     |     |  ♜  |     |  ♚  |     |
  +-----+-----+-----+-----+-----+-----+-----+-----+
7 |  ♟  |  ♟  |  ♟  |  ♝  |     |     |  ♟  |     |
  +-----+-----+-----+-----+-----+-----+-----+-----+
6 |     |     |     |     |     |  ♟  |  ♙  |  ♟  |
  +-----+-----+-----+-----+-----+-----+-----+-----+
5 |     |     |     |     |     |  ♙  |     |  ♕  |
  +-----+-----+-----+-----+-----+-----+-----+-----+
4 |     |     |     |     |     |     |     |     |
  +-----+-----+-----+-----+-----+-----+-----+-----+
3 |  ♙  |     |     |     |     |     |     |     |
  +-----+-----+-----+-----+-----+-----+-----+-----+
2 |     |     |     |     |     |     |     |  ♙  |
  +-----+-----+-----+-----+-----+-----+-----+-----+
1 |     |     |  ♗  |     |  ♔  |  ♗  |     |  ♛  |
  +-----+-----+-----+-----+-----+-----+-----+-----+
Blanc : Le roi peut se deplacer en 1 5
vous êtes en echec : 
     a     b     c     d     e     f     g     h    
  +-----+-----+-----+-----+-----+-----+-----+-----+
8 |     |     |     |     |  ♜  |     |  ♚  |     |
  +-----+-----+-----+-----+-----+-----+-----+-----+
7 |  ♟  |  ♟  |  ♟  |  ♝  |     |     |  ♟  |     |
  +-----+-----+-----+-----+-----+-----+-----+-----+
6 |     |     |     |     |     |  ♟  |  ♙  |  ♟  |
  +-----+-----+-----+-----+-----+-----+-----+-----+
5 |     |     |     |     |     |  ♙  |     |  ♕  |
  +-----+-----+-----+-----+-----+-----+-----+-----+
4 |     |     |     |     |     |     |     |     |
  +-----+-----+-----+-----+-----+-----+-----+-----+
3 |  ♙  |     |     |     |     |     |     |     |
  +-----+-----+-----+-----+-----+-----+-----+-----+
2 |     |     |     |     |     |  ♔  |     |  ♙  |
  +-----+-----+-----+-----+-----+-----+-----+-----+
1 |     |     |  ♗  |     |     |  ♗  |     |  ♛  |
  +-----+-----+-----+-----+-----+-----+-----+-----+
Noir : 
     a     b     c     d     e     f     g     h    
  +-----+-----+-----+-----+-----+-----+-----+-----+
8 |     |     |     |     |  ♜  |     |  ♚  |     |
  +-----+-----+-----+-----+-----+-----+-----+-----+
7 |  ♟  |  ♟  |  ♟  |     |     |     |  ♟  |     |
  +-----+-----+-----+-----+-----+-----+-----+-----+
6 |     |     |  ♝  |     |     |  ♟  |  ♙  |  ♟  |
  +-----+-----+-----+-----+-----+-----+-----+-----+
5 |     |     |     |     |     |  ♙  |     |  ♕  |
  +-----+-----+-----+-----+-----+-----+-----+-----+
4 |     |     |     |     |     |     |     |     |
  +-----+-----+-----+-----+-----+-----+-----+-----+
3 |  ♙  |     |     |     |     |     |     |     |
  +-----+-----+-----+-----+-----+-----+-----+-----+
2 |     |     |     |     |     |  ♔  |     |  ♙  |
  +-----+-----+-----+-----+-----+-----+-----+-----+
1 |     |     |  ♗  |     |     |  ♗  |     |  ♛  |
  +-----+-----+-----+-----+-----+-----+-----+-----+
Blanc : 
     a     b     c     d     e     f     g     h    
  +-----+-----+-----+-----+-----+-----+-----+-----+
8 |     |     |     |     |  ♜  |     |  ♚  |     |
  +-----+-----+-----+-----+-----+-----+-----+-----+
7 |  ♟  |  ♟  |  ♟  |     |     |     |  ♟  |     |
  +-----+-----+-----+-----+-----+-----+-----+-----+
6 |     |     |  ♝  |     |     |  ♟  |  ♙  |  ♗  |
  +-----+-----+-----+-----+-----+-----+-----+-----+
5 |     |     |     |     |     |  ♙  |     |  ♕  |
  +-----+-----+-----+-----+-----+-----+-----+-----+
4 |     |     |     |     |     |     |     |     |
  +-----+-----+-----+-----+-----+-----+-----+-----+
3 |  ♙  |     |     |     |     |     |     |     |
  +-----+-----+-----+-----+-----+-----+-----+-----+
2 |     |     |     |     |     |  ♔  |     |  ♙  |
  +-----+-----+-----+-----+-----+-----+-----+-----+
1 |     |     |     |     |     |  ♗  |     |  ♛  |
  +-----+-----+-----+-----+-----+-----+-----+-----+
Noir : 
     a     b     c     d     e     f     g     h    
  +-----+-----+-----+-----+-----+-----+-----+-----+
8 |     |     |     |     |  ♜  |     |  ♚  |     |
  +-----+-----+-----+-----+-----+-----+-----+-----+
7 |  ♟  |  ♟  |  ♟  |     |     |     |     |     |
  +-----+-----+-----+-----+-----+-----+-----+-----+
6 |     |     |  ♝  |     |     |  ♟  |  ♙  |  ♟  |
  +-----+-----+-----+-----+-----+-----+-----+-----+
5 |     |     |     |     |     |  ♙  |     |  ♕  |
  +-----+-----+-----+-----+-----+-----+-----+-----+
4 |     |     |     |     |     |     |     |     |
  +-----+-----+-----+-----+-----+-----+-----+-----+
3 |  ♙  |     |     |     |     |     |     |     |
  +-----+-----+-----+-----+-----+-----+-----+-----+
2 |     |     |     |     |     |  ♔  |     |  ♙  |
  +-----+-----+-----+-----+-----+-----+-----+-----+
1 |     |     |     |     |     |  ♗  |     |  ♛  |
  +-----+-----+-----+-----+-----+-----+-----+-----+
Blanc : 
     a     b     c     d     e     f     g     h    
  +-----+-----+-----+-----+-----+-----+-----+-----+
8 |     |     |     |     |  ♜  |     |  ♚  |     |
  +-----+-----+-----+-----+-----+-----+-----+-----+
7 |  ♟  |  ♟  |  ♟  |     |     |     |     |     |
  +-----+-----+-----+-----+-----+-----+-----+-----+
6 |     |     |  ♝  |     |     |  ♟  |  ♙  |  ♟  |
  +-----+-----+-----+-----+-----+-----+-----+-----+
5 |     |     |     |     |     |  ♙  |     |  ♕  |
  +-----+-----+-----+-----+-----+-----+-----+-----+
4 |     |     |  ♗  |     |     |     |     |     |
  +-----+-----+-----+-----+-----+-----+-----+-----+
3 |  ♙  |     |     |     |     |     |     |     |
  +-----+-----+-----+-----+-----+-----+-----+-----+
2 |     |     |     |     |     |  ♔  |     |  ♙  |
  +-----+-----+-----+-----+-----+-----+-----+-----+
1 |     |     |     |     |     |     |     |  ♛  |
  +-----+-----+-----+-----+-----+-----+-----+-----+
Noir : Le roi peut se deplacer en 6 6
vous êtes en echec : 
     a     b     c     d     e     f     g     h    
  +-----+-----+-----+-----+-----+-----+-----+-----+
8 |     |     |     |     |  ♜  |     |     |  ♚  |
  +-----+-----+-----+-----+-----+-----+-----+-----+
7 |  ♟  |  ♟  |  ♟  |     |     |     |     |     |
  +-----+-----+-----+-----+-----+-----+-----+-----+
6 |     |     |  ♝  |     |     |  ♟  |  ♙  |  ♟  |
  +-----+-----+-----+-----+-----+-----+-----+-----+
5 |     |     |     |     |     |  ♙  |     |  ♕  |
  +-----+-----+-----+-----+-----+-----+-----+-----+
4 |     |     |  ♗  |     |     |     |     |     |
  +-----+-----+-----+-----+-----+-----+-----+-----+
3 |  ♙  |     |     |     |     |     |     |     |
  +-----+-----+-----+-----+-----+-----+-----+-----+
2 |     |     |     |     |     |  ♔  |     |  ♙  |
  +-----+-----+-----+-----+-----+-----+-----+-----+
1 |     |     |     |     |     |     |     |  ♛  |
  +-----+-----+-----+-----+-----+-----+-----+-----+
Blanc : 
     a     b     c     d     e     f     g     h    
  +-----+-----+-----+-----+-----+-----+-----+-----+
8 |     |     |     |     |  ♜  |     |     |  ♚  |
  +-----+-----+-----+-----+-----+-----+-----+-----+
7 |  ♟  |  ♟  |  ♟  |     |     |     |     |     |
  +-----+-----+-----+-----+-----+-----+-----+-----+
6 |     |     |  ♝  |     |     |  ♟  |  ♙  |  ♕  |
  +-----+-----+-----+-----+-----+-----+-----+-----+
5 |     |     |     |     |     |  ♙  |     |     |
  +-----+-----+-----+-----+-----+-----+-----+-----+
4 |     |     |  ♗  |     |     |     |     |     |
  +-----+-----+-----+-----+-----+-----+-----+-----+
3 |  ♙  |     |     |     |     |     |     |     |
  +-----+-----+-----+-----+-----+-----+-----+-----+
2 |     |     |     |     |     |  ♔  |     |  ♙  |
  +-----+-----+-----+-----+-----+-----+-----+-----+
1 |     |     |     |     |     |     |     |  ♛  |
  +-----+-----+-----+-----+-----+-----+-----+-----+
Noir : Le roi ne peut pas se deplacer
echec et mat, les blancs ont gagné
fin de partie
,,,,,,,bQ,,,,,,wK,,wP,wP,,,,,,,,,,wB,,,,,,,,,,,wP,,,,,bB,,,bP,wP,wQ,bP,bP,bP,,,,,,,,,,bR,,,bK, 1-0
  -> [0;32mreference position: OK[0m
  -> [0;32mreference result: OK[0m
  -> [0m(exit code=0)
[0;33m> data/4-leg-mat-berger.txt[0m

     a     b     c     d     e     f     g     h    
  +-----+-----+-----+-----+-----+-----+-----+-----+
8 |  ♜  |  ♞  |  ♝  |  ♛  |  ♚  |  ♝  |  ♞  |  ♜  |
  +-----+-----+-----+-----+-----+-----+-----+-----+
7 |  ♟  |  ♟  |  ♟  |  ♟  |  ♟  |  ♟  |  ♟  |  ♟  |
  +-----+-----+-----+-----+-----+-----+-----+-----+
6 |     |     |     |     |     |     |     |     |
  +-----+-----+-----+-----+-----+-----+-----+-----+
5 |     |     |     |     |     |     |     |     |
  +-----+-----+-----+-----+-----+-----+-----+-----+
4 |     |     |     |     |     |     |     |     |
  +-----+-----+-----+-----+-----+-----+-----+-----+
3 |     |     |     |     |     |     |     |     |
  +-----+-----+-----+-----+-----+-----+-----+-----+
2 |  ♙  |  ♙  |  ♙  |  ♙  |  ♙  |  ♙  |  ♙  |  ♙  |
  +-----+-----+-----+-----+-----+-----+-----+-----+
1 |  ♖  |  ♘  |  ♗  |  ♕  |  ♔  |  ♗  |  ♘  |  ♖  |
  +-----+-----+-----+-----+-----+-----+-----+-----+
Blanc : 
     a     b     c     d     e     f     g     h    
  +-----+-----+-----+-----+-----+-----+-----+-----+
8 |  ♜  |  ♞  |  ♝  |  ♛  |  ♚  |  ♝  |  ♞  |  ♜  |
  +-----+-----+-----+-----+-----+-----+-----+-----+
7 |  ♟  |  ♟  |  ♟  |  ♟  |  ♟  |  ♟  |  ♟  |  ♟  |
  +-----+-----+-----+-----+-----+-----+-----+-----+
6 |     |     |     |     |     |     |     |     |
  +-----+-----+-----+-----+-----+-----+-----+-----+
5 |     |     |     |     |     |     |     |     |
  +-----+-----+-----+-----+-----+-----+-----+-----+
4 |     |     |     |     |  ♙  |     |     |     |
  +-----+-----+-----+-----+-----+-----+-----+-----+
3 |     |     |     |     |     |     |     |     |
  +-----+-----+-----+-----+-----+-----+-----+-----+
2 |  ♙  |  ♙  |  ♙  |  ♙  |     |  ♙  |  ♙  |  ♙  |
  +-----+-----+-----+-----+-----+-----+-----+-----+
1 |  ♖  |  ♘  |  ♗  |  ♕  |  ♔  |  ♗  |  ♘  |  ♖  |
  +-----+-----+-----+-----+-----+-----+-----+-----+
Noir : 
     a     b     c     d     e     f     g     h    
  +-----+-----+-----+-----+-----+-----+-----+-----+
8 |  ♜  |  ♞  |  ♝  |  ♛  |  ♚  |  ♝  |  ♞  |  ♜  |
  +-----+-----+-----+-----+-----+-----+-----+-----+
7 |  ♟  |  ♟  |  ♟  |  ♟  |     |  ♟  |  ♟  |  ♟  |
  +-----+-----+-----+-----+-----+-----+-----+-----+
6 |     |     |     |     |     |     |     |     |
  +-----+-----+-----+-----+-----+-----+-----+-----+
5 |     |     |     |     |  ♟  |     |     |     |
  +-----+-----+-----+-----+-----+-----+-----+-----+
4 |     |     |     |     |  ♙  |     |     |     |
  +-----+-----+-----+-----+-----+-----+-----+-----+
3 |     |     |     |     |     |     |     |     |
  +-----+-----+-----+-----+-----+-----+-----+-----+
2 |  ♙  |  ♙  |  ♙  |  ♙  |     |  ♙  |  ♙  |  ♙  |
  +-----+-----+-----+-----+-----+-----+-----+-----+
1 |  ♖  |  ♘  |  ♗  |  ♕  |  ♔  |  ♗  |  ♘  |  ♖  |
  +-----+-----+-----+-----+-----+-----+-----+-----+
Blanc : 
     a     b     c     d     e     f     g     h    
  +-----+-----+-----+-----+-----+-----+-----+-----+
8 |  ♜  |  ♞  |  ♝  |  ♛  |  ♚  |  ♝  |  ♞  |  ♜  |
  +-----+-----+-----+-----+-----+-----+-----+-----+
7 |  ♟  |  ♟  |  ♟  |  ♟  |     |  ♟  |  ♟  |  ♟  |
  +-----+-----+-----+-----+-----+-----+-----+-----+
6 |     |     |     |     |     |     |     |     |
  +-----+-----+-----+-----+-----+-----+-----+-----+
5 |     |     |     |     |  ♟  |     |     |     |
  +-----+-----+-----+-----+-----+-----+-----+-----+
4 |     |     |  ♗  |     |  ♙  |     |     |     |
  +-----+-----+-----+-----+-----+-----+-----+-----+
3 |     |     |     |     |     |     |     |     |
  +-----+-----+-----+-----+-----+-----+-----+-----+
2 |  ♙  |  ♙  |  ♙  |  ♙  |     |  ♙  |  ♙  |  ♙  |
  +-----+-----+-----+-----+-----+-----+-----+-----+
1 |  ♖  |  ♘  |  ♗  |  ♕  |  ♔  |     |  ♘  |  ♖  |
  +-----+-----+-----+-----+-----+-----+-----+-----+
Noir : 
     a     b     c     d     e     f     g     h    
  +-----+-----+-----+-----+-----+-----+-----+-----+
8 |  ♜  |  ♞  |  ♝  |  ♛  |  ♚  |     |  ♞  |  ♜  |
  +-----+-----+-----+-----+-----+-----+-----+-----+
7 |  ♟  |  ♟  |  ♟  |  ♟  |     |  ♟  |  ♟  |  ♟  |
  +-----+-----+-----+-----+-----+-----+-----+-----+
6 |     |     |     |     |     |     |     |     |
  +-----+-----+-----+-----+-----+-----+-----+-----+
5 |     |     |  ♝  |     |  ♟  |     |     |     |
  +-----+-----+-----+-----+-----+-----+-----+-----+
4 |     |     |  ♗  |     |  ♙  |     |     |     |
  +-----+-----+-----+-----+-----+-----+-----+-----+
3 |     |     |     |     |     |     |     |     |
  +-----+-----+-----+-----+-----+-----+-----+-----+
2 |  ♙  |  ♙  |  ♙  |  ♙  |     |  ♙  |  ♙  |  ♙  |
  +-----+-----+-----+-----+-----+-----+-----+-----+
1 |  ♖  |  ♘  |  ♗  |  ♕  |  ♔  |     |  ♘  |  ♖  |
  +-----+-----+-----+-----+-----+-----+-----+-----+
Blanc : 
     a     b     c     d     e     f     g     h    
  +-----+-----+-----+-----+-----+-----+-----+-----+
8 |  ♜  |  ♞  |  ♝  |  ♛  |  ♚  |     |  ♞  |  ♜  |
  +-----+-----+-----+-----+-----+-----+-----+-----+
7 |  ♟  |  ♟  |  ♟  |  ♟  |     |  ♟  |  ♟  |  ♟  |
  +-----+-----+-----+-----+-----+-----+-----+-----+
6 |     |     |     |     |     |     |     |     |
  +-----+-----+-----+-----+-----+-----+-----+-----+
5 |     |     |  ♝  |     |  ♟  |     |     |  ♕  |
  +-----+-----+-----+-----+-----+-----+-----+-----+
4 |     |     |  ♗  |     |  ♙  |     |     |     |
  +-----+-----+-----+-----+-----+-----+-----+-----+
3 |     |     |     |     |     |     |     |     |
  +-----+-----+-----+-----+-----+-----+-----+-----+
2 |  ♙  |  ♙  |  ♙  |  ♙  |     |  ♙  |  ♙  |  ♙  |
  +-----+-----+-----+-----+-----+-----+-----+-----+
1 |  ♖  |  ♘  |  ♗  |     |  ♔  |     |  ♘  |  ♖  |
  +-----+-----+-----+-----+-----+-----+-----+-----+
Noir : 
     a     b     c     d     e     f     g     h    
  +-----+-----+-----+-----+-----+-----+-----+-----+
8 |  ♜  |     |  ♝  |  ♛  |  ♚  |     |  ♞  |  ♜  |
  +-----+-----+-----+-----+-----+-----+-----+-----+
7 |  ♟  |  ♟  |  ♟  |  ♟  |     |  ♟  |  ♟  |  ♟  |
  +-----+-----+-----+-----+-----+-----+-----+-----+
6 |     |     |  ♞  |     |     |     |     |     |
  +-----+-----+-----+-----+-----+-----+-----+-----+
5 |     |     |  ♝  |     |  ♟  |     |     |  ♕  |
  +-----+-----+-----+-----+-----+-----+-----+-----+
4 |     |     |  ♗  |     |  ♙  |     |     |     |
  +-----+-----+-----+-----+-----+-----+-----+-----+
3 |     |     |     |     |     |     |     |     |
  +-----+-----+-----+-----+-----+-----+-----+-----+
2 |  ♙  |  ♙  |  ♙  |  ♙  |     |  ♙  |  ♙  |  ♙  |
  +-----+-----+-----+-----+-----+-----+-----+-----+
1 |  ♖  |  ♘  |  ♗  |     |  ♔  |     |  ♘  |  ♖  |
  +-----+-----+-----+-----+-----+-----+-----+-----+
Blanc : 
     a     b     c     d     e     f     g     h    
  +-----+-----+-----+-----+-----+-----+-----+-----+
8 |  ♜  |     |  ♝  |  ♛  |  ♚  |     |  ♞  |  ♜  |
  +-----+-----+-----+-----+-----+-----+-----+-----+
7 |  ♟  |  ♟  |  ♟  |  ♟  |     |  ♕  |  ♟  |  ♟  |
  +-----+-----+-----+-----+-----+-----+-----+-----+
6 |     |     |  ♞  |     |     |     |     |     |
  +-----+-----+-----+-----+-----+-----+-----+-----+
5 |     |     |  ♝  |     |  ♟  |     |     |     |
  +-----+-----+-----+-----+-----+-----+-----+-----+
4 |     |     |  ♗  |     |  ♙  |     |     |     |
  +-----+-----+-----+-----+-----+-----+-----+-----+
3 |     |     |     |     |     |     |     |     |
  +-----+-----+-----+-----+-----+-----+-----+-----+
2 |  ♙  |  ♙  |  ♙  |  ♙  |     |  ♙  |  ♙  |  ♙  |
  +-----+-----+-----+-----+-----+-----+-----+-----+
1 |  ♖  |  ♘  |  ♗  |     |  ♔  |     |  ♘  |  ♖  |
  +-----+-----+-----+-----+-----+-----+-----+-----+
Noir : Le roi ne peut pas se deplacer
echec et mat, les blancs ont gagné
fin de partie
wR,wN,wB,,wK,,wN,wR,wP,wP,wP,wP,,wP,wP,wP,,,,,,,,,,,wB,,wP,,,,,,bB,,bP,,,,,,bN,,,,,,bP,bP,bP,bP,,wQ,bP,bP,bR,,bB,bQ,bK,,bN,bR, 1-0
  -> [0;32mreference position: OK[0m
  -> [0;32mreference result: OK[0m
  -> [0m(exit code=0)
[0;33m> data/4-leg-mat-decouv.txt[0m

     a     b     c     d     e     f     g     h    
  +-----+-----+-----+-----+-----+-----+-----+-----+
8 |  ♜  |  ♞  |  ♝  |  ♛  |  ♚  |  ♝  |  ♞  |  ♜  |
  +-----+-----+-----+-----+-----+-----+-----+-----+
7 |  ♟  |  ♟  |  ♟  |  ♟  |  ♟  |  ♟  |  ♟  |  ♟  |
  +-----+-----+-----+-----+-----+-----+-----+-----+
6 |     |     |     |     |     |     |     |     |
  +-----+-----+-----+-----+-----+-----+-----+-----+
5 |     |     |     |     |     |     |     |     |
  +-----+-----+-----+-----+-----+-----+-----+-----+
4 |     |     |     |     |     |     |     |     |
  +-----+-----+-----+-----+-----+-----+-----+-----+
3 |     |     |     |     |     |     |     |     |
  +-----+-----+-----+-----+-----+-----+-----+-----+
2 |  ♙  |  ♙  |  ♙  |  ♙  |  ♙  |  ♙  |  ♙  |  ♙  |
  +-----+-----+-----+-----+-----+-----+-----+-----+
1 |  ♖  |  ♘  |  ♗  |  ♕  |  ♔  |  ♗  |  ♘  |  ♖  |
  +-----+-----+-----+-----+-----+-----+-----+-----+
Blanc : 
     a     b     c     d     e     f     g     h    
  +-----+-----+-----+-----+-----+-----+-----+-----+
8 |  ♜  |  ♞  |  ♝  |  ♛  |  ♚  |  ♝  |  ♞  |  ♜  |
  +-----+-----+-----+-----+-----+-----+-----+-----+
7 |  ♟  |  ♟  |  ♟  |  ♟  |  ♟  |  ♟  |  ♟  |  ♟  |
  +-----+-----+-----+-----+-----+-----+-----+-----+
6 |     |     |     |     |     |     |     |     |
  +-----+-----+-----+-----+-----+-----+-----+-----+
5 |     |     |     |     |     |     |     |     |
  +-----+-----+-----+-----+-----+-----+-----+-----+
4 |     |     |     |     |  ♙  |     |     |     |
  +-----+-----+-----+-----+-----+-----+-----+-----+
3 |     |     |     |     |     |     |     |     |
  +-----+-----+-----+-----+-----+-----+-----+-----+
2 |  ♙  |  ♙  |  ♙  |  ♙  |     |  ♙  |  ♙  |  ♙  |
  +-----+-----+-----+-----+-----+-----+-----+-----+
1 |  ♖  |  ♘  |  ♗  |  ♕  |  ♔  |  ♗  |  ♘  |  ♖  |
  +-----+-----+-----+-----+-----+-----+-----+-----+
Noir : 
     a     b     c     d     e     f     g     h    
  +-----+-----+-----+-----+-----+-----+-----+-----+
8 |  ♜  |  ♞  |  ♝  |  ♛  |  ♚  |  ♝  |  ♞  |  ♜  |
  +-----+-----+-----+-----+-----+-----+-----+-----+
7 |  ♟  |  ♟  |  ♟  |  ♟  |     |  ♟  |  ♟  |  ♟  |
  +-----+-----+-----+-----+-----+-----+-----+-----+
6 |     |     |     |     |     |     |     |     |
  +-----+-----+-----+-----+-----+-----+-----+-----+
5 |     |     |     |     |  ♟  |     |     |     |
  +-----+-----+-----+-----+-----+-----+-----+-----+
4 |     |     |     |     |  ♙  |     |     |     |
  +-----+-----+-----+-----+-----+-----+-----+-----+
3 |     |     |     |     |     |     |     |     |
  +-----+-----+-----+-----+-----+-----+-----+-----+
2 |  ♙  |  ♙  |  ♙  |  ♙  |     |  ♙  |  ♙  |  ♙  |
  +-----+-----+-----+-----+-----+-----+-----+-----+
1 |  ♖  |  ♘  |  ♗  |  ♕  |  ♔  |  ♗  |  ♘  |  ♖  |
  +-----+-----+-----+-----+-----+-----+-----+-----+
Blanc : 
     a     b     c     d     e     f     g     h    
  +-----+-----+-----+-----+-----+-----+-----+-----+
8 |  ♜  |  ♞  |  ♝  |  ♛  |  ♚  |  ♝  |  ♞  |  ♜  |
  +-----+-----+-----+-----+-----+-----+-----+-----+
7 |  ♟  |  ♟  |  ♟  |  ♟  |     |  ♟  |  ♟  |  ♟  |
  +-----+-----+-----+-----+-----+-----+-----+-----+
6 |     |     |     |     |     |     |     |     |
  +-----+-----+-----+-----+-----+-----+-----+-----+
5 |     |     |     |     |  ♟  |     |     |  ♕  |
  +-----+-----+-----+-----+-----+-----+-----+-----+
4 |     |     |     |     |  ♙  |     |     |     |
  +-----+-----+-----+-----+-----+-----+-----+-----+
3 |     |     |     |     |     |     |     |     |
  +-----+-----+-----+-----+-----+-----+-----+-----+
2 |  ♙  |  ♙  |  ♙  |  ♙  |     |  ♙  |  ♙  |  ♙  |
  +-----+-----+-----+-----+-----+-----+-----+-----+
1 |  ♖  |  ♘  |  ♗  |     |  ♔  |  ♗  |  ♘  |  ♖  |
  +-----+-----+-----+-----+-----+-----+-----+-----+
Noir : 
     a     b     c     d     e     f     g     h    
  +-----+-----+-----+-----+-----+-----+-----+-----+
8 |  ♜  |  ♞  |  ♝  |  ♛  |  ♚  |  ♝  |  ♞  |  ♜  |
  +-----+-----+-----+-----+-----+-----+-----+-----+
7 |  ♟  |  ♟  |  ♟  |  ♟  |     |  ♟  |     |  ♟  |
  +-----+-----+-----+-----+-----+-----+-----+-----+
6 |     |     |     |     |     |     |  ♟  |     |
  +-----+-----+-----+-----+-----+-----+-----+-----+
5 |     |     |     |     |  ♟  |     |     |  ♕  |
  +-----+-----+-----+-----+-----+-----+-----+-----+
4 |     |     |     |     |  ♙  |     |     |     |
  +-----+-----+-----+-----+-----+-----+-----+-----+
3 |     |     |     |     |     |     |     |     |
  +-----+-----+-----+-----+-----+-----+-----+-----+
2 |  ♙  |  ♙  |  ♙  |  ♙  |     |  ♙  |  ♙  |  ♙  |
  +-----+-----+-----+-----+-----+-----+-----+-----+
1 |  ♖  |  ♘  |  ♗  |     |  ♔  |  ♗  |  ♘  |  ♖  |
  +-----+-----+-----+-----+-----+-----+-----+-----+
Blanc : 
     a     b     c     d     e     f     g     h    
  +-----+-----+-----+-----+-----+-----+-----+-----+
8 |  ♜  |  ♞  |  ♝  |  ♛  |  ♚  |  ♝  |  ♞  |  ♜  |
  +-----+-----+-----+-----+-----+-----+-----+-----+
7 |  ♟  |  ♟  |  ♟  |  ♟  |     |  ♟  |     |  ♟  |
  +-----+-----+-----+-----+-----+-----+-----+-----+
6 |     |     |     |     |     |     |  ♟  |     |
  +-----+-----+-----+-----+-----+-----+-----+-----+
5 |     |     |     |     |  ♟  |     |     |     |
  +-----+-----+-----+-----+-----+-----+-----+-----+
4 |     |     |     |     |  ♙  |     |     |     |
  +-----+-----+-----+-----+-----+-----+-----+-----+
3 |     |     |     |     |     |  ♕  |     |     |
  +-----+-----+-----+-----+-----+-----+-----+-----+
2 |  ♙  |  ♙  |  ♙  |  ♙  |     |  ♙  |  ♙  |  ♙  |
  +-----+-----+-----+-----+-----+-----+-----+-----+
1 |  ♖  |  ♘  |  ♗  |     |  ♔  |  ♗  |  ♘  |  ♖  |
  +-----+-----+-----+-----+-----+-----+-----+-----+
Noir : 
     a     b     c     d     e     f     g     h    
  +-----+-----+-----+-----+-----+-----+-----+-----+
8 |  ♜  |  ♞  |  ♝  |  ♛  |  ♚  |     |  ♞  |  ♜  |
  +-----+-----+-----+-----+-----+-----+-----+-----+
7 |  ♟  |  ♟  |  ♟  |  ♟  |     |  ♟  |  ♝  |  ♟  |
  +-----+-----+-----+-----+-----+-----+-----+-----+
6 |     |     |     |     |     |     |  ♟  |     |
  +-----+-----+-----+-----+-----+-----+-----+-----+
5 |     |     |     |     |  ♟  |     |     |     |
  +-----+-----+-----+-----+-----+-----+-----+-----+
4 |     |     |     |     |  ♙  |     |     |     |
  +-----+-----+-----+-----+-----+-----+-----+-----+
3 |     |     |     |     |     |  ♕  |     |     |
  +-----+-----+-----+-----+-----+-----+-----+-----+
2 |  ♙  |  ♙  |  ♙  |  ♙  |     |  ♙  |  ♙  |  ♙  |
  +-----+-----+-----+-----+-----+-----+-----+-----+
1 |  ♖  |  ♘  |  ♗  |     |  ♔  |  ♗  |  ♘  |  ♖  |
  +-----+-----+-----+-----+-----+-----+-----+-----+
Blanc : 
     a     b     c     d     e     f     g     h    
  +-----+-----+-----+-----+-----+-----+-----+-----+
8 |  ♜  |  ♞  |  ♝  |  ♛  |  ♚  |     |  ♞  |  ♜  |
  +-----+-----+-----+-----+-----+-----+-----+-----+
7 |  ♟  |  ♟  |  ♟  |  ♟  |     |  ♟  |  ♝  |  ♟  |
  +-----+-----+-----+-----+-----+-----+-----+-----+
6 |     |     |     |     |     |     |  ♟  |     |
  +-----+-----+-----+-----+-----+-----+-----+-----+
5 |     |     |     |     |  ♟  |     |     |     |
  +-----+-----+-----+-----+-----+-----+-----+-----+
4 |     |     |  ♗  |     |  ♙  |     |     |     |
  +-----+-----+-----+-----+-----+-----+-----+-----+
3 |     |     |     |     |     |  ♕  |     |     |
  +-----+-----+-----+-----+-----+-----+-----+-----+
2 |  ♙  |  ♙  |  ♙  |  ♙  |     |  ♙  |  ♙  |  ♙  |
  +-----+-----+-----+-----+-----+-----+-----+-----+
1 |  ♖  |  ♘  |  ♗  |     |  ♔  |     |  ♘  |  ♖  |
  +-----+-----+-----+-----+-----+-----+-----+-----+
Noir : 
     a     b     c     d     e     f     g     h    
  +-----+-----+-----+-----+-----+-----+-----+-----+
8 |  ♜  |  ♞  |  ♝  |  ♛  |  ♚  |     |     |  ♜  |
  +-----+-----+-----+-----+-----+-----+-----+-----+
7 |  ♟  |  ♟  |  ♟  |  ♟  |  ♞  |  ♟  |  ♝  |  ♟  |
  +-----+-----+-----+-----+-----+-----+-----+-----+
6 |     |     |     |     |     |     |  ♟  |     |
  +-----+-----+-----+-----+-----+-----+-----+-----+
5 |     |     |     |     |  ♟  |     |     |     |
  +-----+-----+-----+-----+-----+-----+-----+-----+
4 |     |     |  ♗  |     |  ♙  |     |     |     |
  +-----+-----+-----+-----+-----+-----+-----+-----+
3 |     |     |     |     |     |  ♕  |     |     |
  +-----+-----+-----+-----+-----+-----+-----+-----+
2 |  ♙  |  ♙  |  ♙  |  ♙  |     |  ♙  |  ♙  |  ♙  |
  +-----+-----+-----+-----+-----+-----+-----+-----+
1 |  ♖  |  ♘  |  ♗  |     |  ♔  |     |  ♘  |  ♖  |
  +-----+-----+-----+-----+-----+-----+-----+-----+
Blanc : 
     a     b     c     d     e     f     g     h    
  +-----+-----+-----+-----+-----+-----+-----+-----+
8 |  ♜  |  ♞  |  ♝  |  ♛  |  ♚  |     |     |  ♜  |
  +-----+-----+-----+-----+-----+-----+-----+-----+
7 |  ♟  |  ♟  |  ♟  |  ♟  |  ♞  |  ♗  |  ♝  |  ♟  |
  +-----+-----+-----+-----+-----+-----+-----+-----+
6 |     |     |     |     |     |     |  ♟  |     |
  +-----+-----+-----+-----+-----+-----+-----+-----+
5 |     |     |     |     |  ♟  |     |     |     |
  +-----+-----+-----+-----+-----+-----+-----+-----+
4 |     |     |     |     |  ♙  |     |     |     |
  +-----+-----+-----+-----+-----+-----+-----+-----+
3 |     |     |     |     |     |  ♕  |     |     |
  +-----+-----+-----+-----+-----+-----+-----+-----+
2 |  ♙  |  ♙  |  ♙  |  ♙  |     |  ♙  |  ♙  |  ♙  |
  +-----+-----+-----+-----+-----+-----+-----+-----+
1 |  ♖  |  ♘  |  ♗  |     |  ♔  |     |  ♘  |  ♖  |
  +-----+-----+-----+-----+-----+-----+-----+-----+
Noir : Le roi peut se deplacer en 7 5
vous êtes en echec : 
     a     b     c     d     e     f     g     h    
  +-----+-----+-----+-----+-----+-----+-----+-----+
8 |  ♜  |  ♞  |  ♝  |  ♛  |     |  ♚  |     |  ♜  |
  +-----+-----+-----+-----+-----+-----+-----+-----+
7 |  ♟  |  ♟  |  ♟  |  ♟  |  ♞  |  ♗  |  ♝  |  ♟  |
  +-----+-----+-----+-----+-----+-----+-----+-----+
6 |     |     |     |     |     |     |  ♟  |     |
  +-----+-----+-----+-----+-----+-----+-----+-----+
5 |     |     |     |     |  ♟  |     |     |     |
  +-----+-----+-----+-----+-----+-----+-----+-----+
4 |     |     |     |     |  ♙  |     |     |     |
  +-----+-----+-----+-----+-----+-----+-----+-----+
3 |     |     |     |     |     |  ♕  |     |     |
  +-----+-----+-----+-----+-----+-----+-----+-----+
2 |  ♙  |  ♙  |  ♙  |  ♙  |     |  ♙  |  ♙  |  ♙  |
  +-----+-----+-----+-----+-----+-----+-----+-----+
1 |  ♖  |  ♘  |  ♗  |     |  ♔  |     |  ♘  |  ♖  |
  +-----+-----+-----+-----+-----+-----+-----+-----+
Blanc : 
     a     b     c     d     e     f     g     h    
  +-----+-----+-----+-----+-----+-----+-----+-----+
8 |  ♜  |  ♞  |  ♝  |  ♛  |     |  ♚  |     |  ♜  |
  +-----+-----+-----+-----+-----+-----+-----+-----+
7 |  ♟  |  ♟  |  ♟  |  ♟  |  ♞  |     |  ♝  |  ♟  |
  +-----+-----+-----+-----+-----+-----+-----+-----+
6 |     |     |     |     |     |     |  ♗  |     |
  +-----+-----+-----+-----+-----+-----+-----+-----+
5 |     |     |     |     |  ♟  |     |     |     |
  +-----+-----+-----+-----+-----+-----+-----+-----+
4 |     |     |     |     |  ♙  |     |     |     |
  +-----+-----+-----+-----+-----+-----+-----+-----+
3 |     |     |     |     |     |  ♕  |     |     |
  +-----+-----+-----+-----+-----+-----+-----+-----+
2 |  ♙  |  ♙  |  ♙  |  ♙  |     |  ♙  |  ♙  |  ♙  |
  +-----+-----+-----+-----+-----+-----+-----+-----+
1 |  ♖  |  ♘  |  ♗  |     |  ♔  |     |  ♘  |  ♖  |
  +-----+-----+-----+-----+-----+-----+-----+-----+
Noir : Le roi peut se deplacer en 7 6
vous êtes en echec : 
     a     b     c     d     e     f     g     h    
  +-----+-----+-----+-----+-----+-----+-----+-----+
8 |  ♜  |  ♞  |  ♝  |  ♛  |     |  ♚  |     |  ♜  |
  +-----+-----+-----+-----+-----+-----+-----+-----+
7 |  ♟  |  ♟  |  ♟  |  ♟  |  ♞  |     |  ♝  |  ♟  |
  +-----+-----+-----+-----+-----+-----+-----+-----+
6 |     |     |     |     |     |     |  ♗  |     |
  +-----+-----+-----+-----+-----+-----+-----+-----+
5 |     |     |     |     |  ♟  |     |     |     |
  +-----+-----+-----+-----+-----+-----+-----+-----+
4 |     |     |     |     |  ♙  |     |     |     |
  +-----+-----+-----+-----+-----+-----+-----+-----+
3 |     |     |     |     |     |  ♕  |     |     |
  +-----+-----+-----+-----+-----+-----+-----+-----+
2 |  ♙  |  ♙  |  ♙  |  ♙  |     |  ♙  |  ♙  |  ♙  |
  +-----+-----+-----+-----+-----+-----+-----+-----+
1 |  ♖  |  ♘  |  ♗  |     |  ♔  |     |  ♘  |  ♖  |
  +-----+-----+-----+-----+-----+-----+-----+-----+
Noir : Le roi peut se deplacer en 7 6
vous êtes en echec : 
     a     b     c     d     e     f     g     h    
  +-----+-----+-----+-----+-----+-----+-----+-----+
8 |  ♜  |  ♞  |  ♝  |  ♛  |     |  ♚  |     |  ♜  |
  +-----+-----+-----+-----+-----+-----+-----+-----+
7 |  ♟  |  ♟  |  ♟  |  ♟  |     |     |  ♝  |  ♟  |
  +-----+-----+-----+-----+-----+-----+-----+-----+
6 |     |     |     |     |     |     |  ♗  |     |
  +-----+-----+-----+-----+-----+-----+-----+-----+
5 |     |     |     |     |  ♟  |  ♞  |     |     |
  +-----+-----+-----+-----+-----+-----+-----+-----+
4 |     |     |     |     |  ♙  |     |     |     |
  +-----+-----+-----+-----+-----+-----+-----+-----+
3 |     |     |     |     |     |  ♕  |     |     |
  +-----+-----+-----+-----+-----+-----+-----+-----+
2 |  ♙  |  ♙  |  ♙  |  ♙  |     |  ♙  |  ♙  |  ♙  |
  +-----+-----+-----+-----+-----+-----+-----+-----+
1 |  ♖  |  ♘  |  ♗  |     |  ♔  |     |  ♘  |  ♖  |
  +-----+-----+-----+-----+-----+-----+-----+-----+
Blanc : 
     a     b     c     d     e     f     g     h    
  +-----+-----+-----+-----+-----+-----+-----+-----+
8 |  ♜  |  ♞  |  ♝  |  ♛  |     |  ♚  |     |  ♜  |
  +-----+-----+-----+-----+-----+-----+-----+-----+
7 |  ♟  |  ♟  |  ♟  |  ♟  |     |     |  ♝  |  ♟  |
  +-----+-----+-----+-----+-----+-----+-----+-----+
6 |     |     |     |     |     |     |  ♗  |     |
  +-----+-----+-----+-----+-----+-----+-----+-----+
5 |     |     |     |     |  ♟  |  ♕  |     |     |
  +-----+-----+-----+-----+-----+-----+-----+-----+
4 |     |     |     |     |  ♙  |     |     |     |
  +-----+-----+-----+-----+-----+-----+-----+-----+
3 |     |     |     |     |     |     |     |     |
  +-----+-----+-----+-----+-----+-----+-----+-----+
2 |  ♙  |  ♙  |  ♙  |  ♙  |     |  ♙  |  ♙  |  ♙  |
  +-----+-----+-----+-----+-----+-----+-----+-----+
1 |  ♖  |  ♘  |  ♗  |     |  ♔  |     |  ♘  |  ♖  |
  +-----+-----+-----+-----+-----+-----+-----+-----+
Noir : Le roi peut se deplacer en 6 4
vous êtes en echec : 
     a     b     c     d     e     f     g     h    
  +-----+-----+-----+-----+-----+-----+-----+-----+
8 |  ♜  |  ♞  |  ♝  |  ♛  |     |     |  ♚  |  ♜  |
  +-----+-----+-----+-----+-----+-----+-----+-----+
7 |  ♟  |  ♟  |  ♟  |  ♟  |     |     |  ♝  |  ♟  |
  +-----+-----+-----+-----+-----+-----+-----+-----+
6 |     |     |     |     |     |     |  ♗  |     |
  +-----+-----+-----+-----+-----+-----+-----+-----+
5 |     |     |     |     |  ♟  |  ♕  |     |     |
  +-----+-----+-----+-----+-----+-----+-----+-----+
4 |     |     |     |     |  ♙  |     |     |     |
  +-----+-----+-----+-----+-----+-----+-----+-----+
3 |     |     |     |     |     |     |     |     |
  +-----+-----+-----+-----+-----+-----+-----+-----+
2 |  ♙  |  ♙  |  ♙  |  ♙  |     |  ♙  |  ♙  |  ♙  |
  +-----+-----+-----+-----+-----+-----+-----+-----+
1 |  ♖  |  ♘  |  ♗  |     |  ♔  |     |  ♘  |  ♖  |
  +-----+-----+-----+-----+-----+-----+-----+-----+
Blanc : 
     a     b     c     d     e     f     g     h    
  +-----+-----+-----+-----+-----+-----+-----+-----+
8 |  ♜  |  ♞  |  ♝  |  ♛  |     |     |  ♚  |  ♜  |
  +-----+-----+-----+-----+-----+-----+-----+-----+
7 |  ♟  |  ♟  |  ♟  |  ♟  |     |  ♕  |  ♝  |  ♟  |
  +-----+-----+-----+-----+-----+-----+-----+-----+
6 |     |     |     |     |     |     |  ♗  |     |
  +-----+-----+-----+-----+-----+-----+-----+-----+
5 |     |     |     |     |  ♟  |     |     |     |
  +-----+-----+-----+-----+-----+-----+-----+-----+
4 |     |     |     |     |  ♙  |     |     |     |
  +-----+-----+-----+-----+-----+-----+-----+-----+
3 |     |     |     |     |     |     |     |     |
  +-----+-----+-----+-----+-----+-----+-----+-----+
2 |  ♙  |  ♙  |  ♙  |  ♙  |     |  ♙  |  ♙  |  ♙  |
  +-----+-----+-----+-----+-----+-----+-----+-----+
1 |  ♖  |  ♘  |  ♗  |     |  ♔  |     |  ♘  |  ♖  |
  +-----+-----+-----+-----+-----+-----+-----+-----+
Noir : Le roi ne peut pas se deplacer
echec et mat, les blancs ont gagné
fin de partie
wR,wN,wB,,wK,,wN,wR,wP,wP,wP,wP,,wP,wP,wP,,,,,,,,,,,,,wP,,,,,,,,bP,,,,,,,,,,wB,,bP,bP,bP,bP,,wQ,bB,bP,bR,bN,bB,bQ,,,bK,bR, 1-0
  -> [0;32mreference position: OK[0m
  -> [0;32mreference result: OK[0m
  -> [0m(exit code=0)
[0;33m> data/4-leg-mat-parade.txt[0m

     a     b     c     d     e     f     g     h    
  +-----+-----+-----+-----+-----+-----+-----+-----+
8 |  ♜  |  ♞  |  ♝  |  ♛  |  ♚  |  ♝  |  ♞  |  ♜  |
  +-----+-----+-----+-----+-----+-----+-----+-----+
7 |  ♟  |  ♟  |  ♟  |  ♟  |  ♟  |  ♟  |  ♟  |  ♟  |
  +-----+-----+-----+-----+-----+-----+-----+-----+
6 |     |     |     |     |     |     |     |     |
  +-----+-----+-----+-----+-----+-----+-----+-----+
5 |     |     |     |     |     |     |     |     |
  +-----+-----+-----+-----+-----+-----+-----+-----+
4 |     |     |     |     |     |     |     |     |
  +-----+-----+-----+-----+-----+-----+-----+-----+
3 |     |     |     |     |     |     |     |     |
  +-----+-----+-----+-----+-----+-----+-----+-----+
2 |  ♙  |  ♙  |  ♙  |  ♙  |  ♙  |  ♙  |  ♙  |  ♙  |
  +-----+-----+-----+-----+-----+-----+-----+-----+
1 |  ♖  |  ♘  |  ♗  |  ♕  |  ♔  |  ♗  |  ♘  |  ♖  |
  +-----+-----+-----+-----+-----+-----+-----+-----+
Blanc : 
     a     b     c     d     e     f     g     h    
  +-----+-----+-----+-----+-----+-----+-----+-----+
8 |  ♜  |  ♞  |  ♝  |  ♛  |  ♚  |  ♝  |  ♞  |  ♜  |
  +-----+-----+-----+-----+-----+-----+-----+-----+
7 |  ♟  |  ♟  |  ♟  |  ♟  |  ♟  |  ♟  |  ♟  |  ♟  |
  +-----+-----+-----+-----+-----+-----+-----+-----+
6 |     |     |     |     |     |     |     |     |
  +-----+-----+-----+-----+-----+-----+-----+-----+
5 |     |     |     |     |     |     |     |     |
  +-----+-----+-----+-----+-----+-----+-----+-----+
4 |     |     |     |     |  ♙  |     |     |     |
  +-----+-----+-----+-----+-----+-----+-----+-----+
3 |     |     |     |     |     |     |     |     |
  +-----+-----+-----+-----+-----+-----+-----+-----+
2 |  ♙  |  ♙  |  ♙  |  ♙  |     |  ♙  |  ♙  |  ♙  |
  +-----+-----+-----+-----+-----+-----+-----+-----+
1 |  ♖  |  ♘  |  ♗  |  ♕  |  ♔  |  ♗  |  ♘  |  ♖  |
  +-----+-----+-----+-----+-----+-----+-----+-----+
Noir : 
     a     b     c     d     e     f     g     h    
  +-----+-----+-----+-----+-----+-----+-----+-----+
8 |  ♜  |  ♞  |  ♝  |  ♛  |  ♚  |  ♝  |  ♞  |  ♜  |
  +-----+-----+-----+-----+-----+-----+-----+-----+
7 |  ♟  |  ♟  |  ♟  |  ♟  |     |  ♟  |  ♟  |  ♟  |
  +-----+-----+-----+-----+-----+-----+-----+-----+
6 |     |     |     |     |     |     |     |     |
  +-----+-----+-----+-----+-----+-----+-----+-----+
5 |     |     |     |     |  ♟  |     |     |     |
  +-----+-----+-----+-----+-----+-----+-----+-----+
4 |     |     |     |     |  ♙  |     |     |     |
  +-----+-----+-----+-----+-----+-----+-----+-----+
3 |     |     |     |     |     |     |     |     |
  +-----+-----+-----+-----+-----+-----+-----+-----+
2 |  ♙  |  ♙  |  ♙  |  ♙  |     |  ♙  |  ♙  |  ♙  |
  +-----+-----+-----+-----+-----+-----+-----+-----+
1 |  ♖  |  ♘  |  ♗  |  ♕  |  ♔  |  ♗  |  ♘  |  ♖  |
  +-----+-----+-----+-----+-----+-----+-----+-----+
Blanc : 
     a     b     c     d     e     f     g     h    
  +-----+-----+-----+-----+-----+-----+-----+-----+
8 |  ♜  |  ♞  |  ♝  |  ♛  |  ♚  |  ♝  |  ♞  |  ♜  |
  +-----+-----+-----+-----+-----+-----+-----+-----+
7 |  ♟  |  ♟  |  ♟  |  ♟  |     |  ♟  |  ♟  |  ♟  |
  +-----+-----+-----+-----+-----+-----+-----+-----+
6 |     |     |     |     |     |     |     |     |
  +-----+-----+-----+-----+-----+-----+-----+-----+
5 |     |     |     |     |  ♟  |     |     |     |
  +-----+-----+-----+-----+-----+-----+-----+-----+
4 |     |     |     |  ♙  |  ♙  |     |     |     |
  +-----+-----+-----+-----+-----+-----+-----+-----+
3 |     |     |     |     |     |     |     |     |
  +-----+-----+-----+-----+-----+-----+-----+-----+
2 |  ♙  |  ♙  |  ♙  |     |     |  ♙  |  ♙  |  ♙  |
  +-----+-----+-----+-----+-----+-----+-----+-----+
1 |  ♖  |  ♘  |  ♗  |  ♕  |  ♔  |  ♗  |  ♘  |  ♖  |
  +-----+-----+-----+-----+-----+-----+-----+-----+
Noir : 
     a     b     c     d     e     f     g     h    
  +-----+-----+-----+-----+-----+-----+-----+-----+
8 |  ♜  |  ♞  |  ♝  |  ♛  |  ♚  |  ♝  |  ♞  |  ♜  |
  +-----+-----+-----+-----+-----+-----+-----+-----+
7 |  ♟  |  ♟  |  ♟  |  ♟  |     |  ♟  |  ♟  |  ♟  |
  +-----+-----+-----+-----+-----+-----+-----+-----+
6 |     |     |     |     |     |     |     |     |
  +-----+-----+-----+-----+-----+-----+-----+-----+
5 |     |     |     |     |     |     |     |     |
  +-----+-----+-----+-----+-----+-----+-----+-----+
4 |     |     |     |  ♟  |  ♙  |     |     |     |
  +-----+-----+-----+-----+-----+-----+-----+-----+
3 |     |     |     |     |     |     |     |     |
  +-----+-----+-----+-----+-----+-----+-----+-----+
2 |  ♙  |  ♙  |  ♙  |     |     |  ♙  |  ♙  |  ♙  |
  +-----+-----+-----+-----+-----+-----+-----+-----+
1 |  ♖  |  ♘  |  ♗  |  ♕  |  ♔  |  ♗  |  ♘  |  ♖  |
  +-----+-----+-----+-----+-----+-----+-----+-----+
Blanc : 
     a     b     c     d     e     f     g     h    
  +-----+-----+-----+-----+-----+-----+-----+-----+
8 |  ♜  |  ♞  |  ♝  |  ♛  |  ♚  |  ♝  |  ♞  |  ♜  |
  +-----+-----+-----+-----+-----+-----+-----+-----+
7 |  ♟  |  ♟  |  ♟  |  ♟  |     |  ♟  |  ♟  |  ♟  |
  +-----+-----+-----+-----+-----+-----+-----+-----+
6 |     |     |     |     |     |     |     |     |
  +-----+-----+-----+-----+-----+-----+-----+-----+
5 |     |     |     |     |     |     |  ♗  |     |
  +-----+-----+-----+-----+-----+-----+-----+-----+
4 |     |     |     |  ♟  |  ♙  |     |     |     |
  +-----+-----+-----+-----+-----+-----+-----+-----+
3 |     |     |     |     |     |     |     |     |
  +-----+-----+-----+-----+-----+-----+-----+-----+
2 |  ♙  |  ♙  |  ♙  |     |     |  ♙  |  ♙  |  ♙  |
  +-----+-----+-----+-----+-----+-----+-----+-----+
1 |  ♖  |  ♘  |     |  ♕  |  ♔  |  ♗  |  ♘  |  ♖  |
  +-----+-----+-----+-----+-----+-----+-----+-----+
Noir : 
     a     b     c     d     e     f     g     h    
  +-----+-----+-----+-----+-----+-----+-----+-----+
8 |  ♜  |  ♞  |  ♝  |  ♛  |  ♚  |  ♝  |  ♞  |  ♜  |
  +-----+-----+-----+-----+-----+-----+-----+-----+
7 |     |  ♟  |  ♟  |  ♟  |     |  ♟  |  ♟  |  ♟  |
  +-----+-----+-----+-----+-----+-----+-----+-----+
6 |  ♟  |     |     |     |     |     |     |     |
  +-----+-----+-----+-----+-----+-----+-----+-----+
5 |     |     |     |     |     |     |  ♗  |     |
  +-----+-----+-----+-----+-----+-----+-----+-----+
4 |     |     |     |  ♟  |  ♙  |     |     |     |
  +-----+-----+-----+-----+-----+-----+-----+-----+
3 |     |     |     |     |     |     |     |     |
  +-----+-----+-----+-----+-----+-----+-----+-----+
2 |  ♙  |  ♙  |  ♙  |     |     |  ♙  |  ♙  |  ♙  |
  +-----+-----+-----+-----+-----+-----+-----+-----+
1 |  ♖  |  ♘  |     |  ♕  |  ♔  |  ♗  |  ♘  |  ♖  |
  +-----+-----+-----+-----+-----+-----+-----+-----+
Blanc : 
     a     b     c     d     e     f     g     h    
  +-----+-----+-----+-----+-----+-----+-----+-----+
8 |  ♜  |  ♞  |  ♝  |  ♛  |  ♚  |  ♝  |  ♞  |  ♜  |
  +-----+-----+-----+-----+-----+-----+-----+-----+
7 |     |  ♟  |  ♟  |  ♟  |     |  ♟  |  ♟  |  ♟  |
  +-----+-----+-----+-----+-----+-----+-----+-----+
6 |  ♟  |     |     |     |     |     |     |     |
  +-----+-----+-----+-----+-----+-----+-----+-----+
5 |     |     |     |     |     |     |  ♗  |     |
  +-----+-----+-----+-----+-----+-----+-----+-----+
4 |     |     |     |  ♕  |  ♙  |     |     |     |
  +-----+-----+-----+-----+-----+-----+-----+-----+
3 |     |     |     |     |     |     |     |     |
  +-----+-----+-----+-----+-----+-----+-----+-----+
2 |  ♙  |  ♙  |  ♙  |     |     |  ♙  |  ♙  |  ♙  |
  +-----+-----+-----+-----+-----+-----+-----+-----+
1 |  ♖  |  ♘  |     |     |  ♔  |  ♗  |  ♘  |  ♖  |
  +-----+-----+-----+-----+-----+-----+-----+-----+
Noir : 
     a     b     c     d     e     f     g     h    
  +-----+-----+-----+-----+-----+-----+-----+-----+
8 |  ♜  |  ♞  |  ♝  |  ♛  |  ♚  |  ♝  |  ♞  |  ♜  |
  +-----+-----+-----+-----+-----+-----+-----+-----+
7 |     |  ♟  |     |  ♟  |     |  ♟  |  ♟  |  ♟  |
  +-----+-----+-----+-----+-----+-----+-----+-----+
6 |  ♟  |     |  ♟  |     |     |     |     |     |
  +-----+-----+-----+-----+-----+-----+-----+-----+
5 |     |     |     |     |     |     |  ♗  |     |
  +-----+-----+-----+-----+-----+-----+-----+-----+
4 |     |     |     |  ♕  |  ♙  |     |     |     |
  +-----+-----+-----+-----+-----+-----+-----+-----+
3 |     |     |     |     |     |     |     |     |
  +-----+-----+-----+-----+-----+-----+-----+-----+
2 |  ♙  |  ♙  |  ♙  |     |     |  ♙  |  ♙  |  ♙  |
  +-----+-----+-----+-----+-----+-----+-----+-----+
1 |  ♖  |  ♘  |     |     |  ♔  |  ♗  |  ♘  |  ♖  |
  +-----+-----+-----+-----+-----+-----+-----+-----+
Blanc : 
     a     b     c     d     e     f     g     h    
  +-----+-----+-----+-----+-----+-----+-----+-----+
8 |  ♜  |  ♞  |  ♝  |  ♛  |  ♚  |  ♝  |  ♞  |  ♜  |
  +-----+-----+-----+-----+-----+-----+-----+-----+
7 |     |  ♟  |     |  ♟  |     |  ♟  |  ♟  |  ♟  |
  +-----+-----+-----+-----+-----+-----+-----+-----+
6 |  ♟  |     |  ♟  |     |     |     |     |     |
  +-----+-----+-----+-----+-----+-----+-----+-----+
5 |     |     |     |     |  ♕  |     |  ♗  |     |
  +-----+-----+-----+-----+-----+-----+-----+-----+
4 |     |     |     |     |  ♙  |     |     |     |
  +-----+-----+-----+-----+-----+-----+-----+-----+
3 |     |     |     |     |     |     |     |     |
  +-----+-----+-----+-----+-----+-----+-----+-----+
2 |  ♙  |  ♙  |  ♙  |     |     |  ♙  |  ♙  |  ♙  |
  +-----+-----+-----+-----+-----+-----+-----+-----+
1 |  ♖  |  ♘  |     |     |  ♔  |  ♗  |  ♘  |  ♖  |
  +-----+-----+-----+-----+-----+-----+-----+-----+
Noir : Le roi ne peut pas se deplacer
La piece en 7 3 peut se deplacer en 6 4
vous êtes en echec : 
     a     b     c     d     e     f     g     h    
  +-----+-----+-----+-----+-----+-----+-----+-----+
8 |  ♜  |  ♞  |  ♝  |  ♛  |  ♚  |     |  ♞  |  ♜  |
  +-----+-----+-----+-----+-----+-----+-----+-----+
7 |     |  ♟  |     |  ♟  |  ♝  |  ♟  |  ♟  |  ♟  |
  +-----+-----+-----+-----+-----+-----+-----+-----+
6 |  ♟  |     |  ♟  |     |     |     |     |     |
  +-----+-----+-----+-----+-----+-----+-----+-----+
5 |     |     |     |     |  ♕  |     |  ♗  |     |
  +-----+-----+-----+-----+-----+-----+-----+-----+
4 |     |     |     |     |  ♙  |     |     |     |
  +-----+-----+-----+-----+-----+-----+-----+-----+
3 |     |     |     |     |     |     |     |     |
  +-----+-----+-----+-----+-----+-----+-----+-----+
2 |  ♙  |  ♙  |  ♙  |     |     |  ♙  |  ♙  |  ♙  |
  +-----+-----+-----+-----+-----+-----+-----+-----+
1 |  ♖  |  ♘  |     |     |  ♔  |  ♗  |  ♘  |  ♖  |
  +-----+-----+-----+-----+-----+-----+-----+-----+
Blanc : 
     a     b     c     d     e     f     g     h    
  +-----+-----+-----+-----+-----+-----+-----+-----+
8 |  ♜  |  ♞  |  ♝  |  ♛  |  ♚  |     |  ♞  |  ♜  |
  +-----+-----+-----+-----+-----+-----+-----+-----+
7 |     |  ♟  |     |  ♟  |  ♝  |  ♟  |  ♟  |  ♟  |
  +-----+-----+-----+-----+-----+-----+-----+-----+
6 |  ♟  |     |  ♟  |     |     |     |     |     |
  +-----+-----+-----+-----+-----+-----+-----+-----+
5 |     |     |     |     |  ♕  |     |  ♗  |     |
  +-----+-----+-----+-----+-----+-----+-----+-----+
4 |     |     |     |     |  ♙  |     |     |     |
  +-----+-----+-----+-----+-----+-----+-----+-----+
3 |     |     |  ♘  |     |     |     |     |     |
  +-----+-----+-----+-----+-----+-----+-----+-----+
2 |  ♙  |  ♙  |  ♙  |     |     |  ♙  |  ♙  |  ♙  |
  +-----+-----+-----+-----+-----+-----+-----+-----+
1 |  ♖  |     |     |     |  ♔  |  ♗  |  ♘  |  ♖  |
  +-----+-----+-----+-----+-----+-----+-----+-----+
Noir : 
     a     b     c     d     e     f     g     h    
  +-----+-----+-----+-----+-----+-----+-----+-----+
8 |  ♜  |  ♞  |  ♝  |  ♛  |  ♚  |     |  ♞  |  ♜  |
  +-----+-----+-----+-----+-----+-----+-----+-----+
7 |     |  ♟  |     |  ♟  |  ♝  |  ♟  |  ♟  |  ♟  |
  +-----+-----+-----+-----+-----+-----+-----+-----+
6 |  ♟  |     |     |     |     |     |     |     |
  +-----+-----+-----+-----+-----+-----+-----+-----+
5 |     |     |  ♟  |     |  ♕  |     |  ♗  |     |
  +-----+-----+-----+-----+-----+-----+-----+-----+
4 |     |     |     |     |  ♙  |     |     |     |
  +-----+-----+-----+-----+-----+-----+-----+-----+
3 |     |     |  ♘  |     |     |     |     |     |
  +-----+-----+-----+-----+-----+-----+-----+-----+
2 |  ♙  |  ♙  |  ♙  |     |     |  ♙  |  ♙  |  ♙  |
  +-----+-----+-----+-----+-----+-----+-----+-----+
1 |  ♖  |     |     |     |  ♔  |  ♗  |  ♘  |  ♖  |
  +-----+-----+-----+-----+-----+-----+-----+-----+
Blanc : 
     a     b     c     d     e     f     g     h    
  +-----+-----+-----+-----+-----+-----+-----+-----+
8 |  ♜  |  ♞  |  ♝  |  ♛  |  ♚  |     |  ♞  |  ♜  |
  +-----+-----+-----+-----+-----+-----+-----+-----+
7 |     |  ♟  |     |  ♟  |  ♝  |  ♟  |  ♟  |  ♟  |
  +-----+-----+-----+-----+-----+-----+-----+-----+
6 |  ♟  |     |     |     |     |     |     |     |
  +-----+-----+-----+-----+-----+-----+-----+-----+
5 |     |     |  ♟  |  ♘  |  ♕  |     |  ♗  |     |
  +-----+-----+-----+-----+-----+-----+-----+-----+
4 |     |     |     |     |  ♙  |     |     |     |
  +-----+-----+-----+-----+-----+-----+-----+-----+
3 |     |     |     |     |     |     |     |     |
  +-----+-----+-----+-----+-----+-----+-----+-----+
2 |  ♙  |  ♙  |  ♙  |     |     |  ♙  |  ♙  |  ♙  |
  +-----+-----+-----+-----+-----+-----+-----+-----+
1 |  ♖  |     |     |     |  ♔  |  ♗  |  ♘  |  ♖  |
  +-----+-----+-----+-----+-----+-----+-----+-----+
Noir : 
     a     b     c     d     e     f     g     h    
  +-----+-----+-----+-----+-----+-----+-----+-----+
8 |  ♜  |     |  ♝  |  ♛  |  ♚  |     |  ♞  |  ♜  |
  +-----+-----+-----+-----+-----+-----+-----+-----+
7 |     |  ♟  |     |  ♟  |  ♝  |  ♟  |  ♟  |  ♟  |
  +-----+-----+-----+-----+-----+-----+-----+-----+
6 |  ♟  |     |  ♞  |     |     |     |     |     |
  +-----+-----+-----+-----+-----+-----+-----+-----+
5 |     |     |  ♟  |  ♘  |  ♕  |     |  ♗  |     |
  +-----+-----+-----+-----+-----+-----+-----+-----+
4 |     |     |     |     |  ♙  |     |     |     |
  +-----+-----+-----+-----+-----+-----+-----+-----+
3 |     |     |     |     |     |     |     |     |
  +-----+-----+-----+-----+-----+-----+-----+-----+
2 |  ♙  |  ♙  |  ♙  |     |     |  ♙  |  ♙  |  ♙  |
  +-----+-----+-----+-----+-----+-----+-----+-----+
1 |  ♖  |     |     |     |  ♔  |  ♗  |  ♘  |  ♖  |
  +-----+-----+-----+-----+-----+-----+-----+-----+
Blanc : 
     a     b     c     d     e     f     g     h    
  +-----+-----+-----+-----+-----+-----+-----+-----+
8 |  ♜  |     |  ♝  |  ♛  |  ♚  |     |  ♞  |  ♜  |
  +-----+-----+-----+-----+-----+-----+-----+-----+
7 |     |  ♟  |  ♘  |  ♟  |  ♝  |  ♟  |  ♟  |  ♟  |
  +-----+-----+-----+-----+-----+-----+-----+-----+
6 |  ♟  |     |  ♞  |     |     |     |     |     |
  +-----+-----+-----+-----+-----+-----+-----+-----+
5 |     |     |  ♟  |     |  ♕  |     |  ♗  |     |
  +-----+-----+-----+-----+-----+-----+-----+-----+
4 |     |     |     |     |  ♙  |     |     |     |
  +-----+-----+-----+-----+-----+-----+-----+-----+
3 |     |     |     |     |     |     |     |     |
  +-----+-----+-----+-----+-----+-----+-----+-----+
2 |  ♙  |  ♙  |  ♙  |     |     |  ♙  |  ♙  |  ♙  |
  +-----+-----+-----+-----+-----+-----+-----+-----+
1 |  ♖  |     |     |     |  ♔  |  ♗  |  ♘  |  ♖  |
  +-----+-----+-----+-----+-----+-----+-----+-----+
Noir : Le roi peut se deplacer en 7 5
vous êtes en echec : 
     a     b     c     d     e     f     g     h    
  +-----+-----+-----+-----+-----+-----+-----+-----+
8 |  ♜  |     |  ♝  |  ♛  |     |  ♚  |  ♞  |  ♜  |
  +-----+-----+-----+-----+-----+-----+-----+-----+
7 |     |  ♟  |  ♘  |  ♟  |  ♝  |  ♟  |  ♟  |  ♟  |
  +-----+-----+-----+-----+-----+-----+-----+-----+
6 |  ♟  |     |  ♞  |     |     |     |     |     |
  +-----+-----+-----+-----+-----+-----+-----+-----+
5 |     |     |  ♟  |     |  ♕  |     |  ♗  |     |
  +-----+-----+-----+-----+-----+-----+-----+-----+
4 |     |     |     |     |  ♙  |     |     |     |
  +-----+-----+-----+-----+-----+-----+-----+-----+
3 |     |     |     |     |     |     |     |     |
  +-----+-----+-----+-----+-----+-----+-----+-----+
2 |  ♙  |  ♙  |  ♙  |     |     |  ♙  |  ♙  |  ♙  |
  +-----+-----+-----+-----+-----+-----+-----+-----+
1 |  ♖  |     |     |     |  ♔  |  ♗  |  ♘  |  ♖  |
  +-----+-----+-----+-----+-----+-----+-----+-----+
Blanc : 
     a     b     c     d     e     f     g     h    
  +-----+-----+-----+-----+-----+-----+-----+-----+
8 |  ♜  |     |  ♝  |  ♛  |     |  ♚  |  ♞  |  ♜  |
  +-----+-----+-----+-----+-----+-----+-----+-----+
7 |     |  ♟  |  ♘  |  ♟  |  ♗  |  ♟  |  ♟  |  ♟  |
  +-----+-----+-----+-----+-----+-----+-----+-----+
6 |  ♟  |     |  ♞  |     |     |     |     |     |
  +-----+-----+-----+-----+-----+-----+-----+-----+
5 |     |     |  ♟  |     |  ♕  |     |     |     |
  +-----+-----+-----+-----+-----+-----+-----+-----+
4 |     |     |     |     |  ♙  |     |     |     |
  +-----+-----+-----+-----+-----+-----+-----+-----+
3 |     |     |     |     |     |     |     |     |
  +-----+-----+-----+-----+-----+-----+-----+-----+
2 |  ♙  |  ♙  |  ♙  |     |     |  ♙  |  ♙  |  ♙  |
  +-----+-----+-----+-----+-----+-----+-----+-----+
1 |  ♖  |     |     |     |  ♔  |  ♗  |  ♘  |  ♖  |
  +-----+-----+-----+-----+-----+-----+-----+-----+
Noir : Le roi ne peut pas se deplacer
La piece en 5 2 peut se deplacer en 6 4
vous êtes en echec : 
     a     b     c     d     e     f     g     h    
  +-----+-----+-----+-----+-----+-----+-----+-----+
8 |  ♜  |     |  ♝  |  ♛  |     |  ♚  |     |  ♜  |
  +-----+-----+-----+-----+-----+-----+-----+-----+
7 |     |  ♟  |  ♘  |  ♟  |  ♞  |  ♟  |  ♟  |  ♟  |
  +-----+-----+-----+-----+-----+-----+-----+-----+
6 |  ♟  |     |  ♞  |     |     |     |     |     |
  +-----+-----+-----+-----+-----+-----+-----+-----+
5 |     |     |  ♟  |     |  ♕  |     |     |     |
  +-----+-----+-----+-----+-----+-----+-----+-----+
4 |     |     |     |     |  ♙  |     |     |     |
  +-----+-----+-----+-----+-----+-----+-----+-----+
3 |     |     |     |     |     |     |     |     |
  +-----+-----+-----+-----+-----+-----+-----+-----+
2 |  ♙  |  ♙  |  ♙  |     |     |  ♙  |  ♙  |  ♙  |
  +-----+-----+-----+-----+-----+-----+-----+-----+
1 |  ♖  |     |     |     |  ♔  |  ♗  |  ♘  |  ♖  |
  +-----+-----+-----+-----+-----+-----+-----+-----+
Blanc : 
     a     b     c     d     e     f     g     h    
  +-----+-----+-----+-----+-----+-----+-----+-----+
8 |  ♜  |     |  ♝  |  ♛  |     |  ♚  |     |  ♜  |
  +-----+-----+-----+-----+-----+-----+-----+-----+
7 |     |  ♟  |  ♘  |  ♟  |  ♞  |  ♟  |  ♟  |  ♟  |
  +-----+-----+-----+-----+-----+-----+-----+-----+
6 |  ♟  |     |  ♞  |  ♕  |     |     |     |     |
  +-----+-----+-----+-----+-----+-----+-----+-----+
5 |     |     |  ♟  |     |     |     |     |     |
  +-----+-----+-----+-----+-----+-----+-----+-----+
4 |     |     |     |     |  ♙  |     |     |     |
  +-----+-----+-----+-----+-----+-----+-----+-----+
3 |     |     |     |     |     |     |     |     |
  +-----+-----+-----+-----+-----+-----+-----+-----+
2 |  ♙  |  ♙  |  ♙  |     |     |  ♙  |  ♙  |  ♙  |
  +-----+-----+-----+-----+-----+-----+-----+-----+
1 |  ♖  |     |     |     |  ♔  |  ♗  |  ♘  |  ♖  |
  +-----+-----+-----+-----+-----+-----+-----+-----+
Noir : 
     a     b     c     d     e     f     g     h    
  +-----+-----+-----+-----+-----+-----+-----+-----+
8 |     |  ♜  |  ♝  |  ♛  |     |  ♚  |     |  ♜  |
  +-----+-----+-----+-----+-----+-----+-----+-----+
7 |     |  ♟  |  ♘  |  ♟  |  ♞  |  ♟  |  ♟  |  ♟  |
  +-----+-----+-----+-----+-----+-----+-----+-----+
6 |  ♟  |     |  ♞  |  ♕  |     |     |     |     |
  +-----+-----+-----+-----+-----+-----+-----+-----+
5 |     |     |  ♟  |     |     |     |     |     |
  +-----+-----+-----+-----+-----+-----+-----+-----+
4 |     |     |     |     |  ♙  |     |     |     |
  +-----+-----+-----+-----+-----+-----+-----+-----+
3 |     |     |     |     |     |     |     |     |
  +-----+-----+-----+-----+-----+-----+-----+-----+
2 |  ♙  |  ♙  |  ♙  |     |     |  ♙  |  ♙  |  ♙  |
  +-----+-----+-----+-----+-----+-----+-----+-----+
1 |  ♖  |     |     |     |  ♔  |  ♗  |  ♘  |  ♖  |
  +-----+-----+-----+-----+-----+-----+-----+-----+
Blanc : 
     a     b     c     d     e     f     g     h    
  +-----+-----+-----+-----+-----+-----+-----+-----+
8 |     |  ♜  |  ♝  |  ♛  |     |  ♚  |     |  ♜  |
  +-----+-----+-----+-----+-----+-----+-----+-----+
7 |     |  ♟  |  ♘  |  ♟  |  ♞  |  ♟  |  ♟  |  ♟  |
  +-----+-----+-----+-----+-----+-----+-----+-----+
6 |  ♟  |     |  ♞  |  ♕  |     |     |     |     |
  +-----+-----+-----+-----+-----+-----+-----+-----+
5 |     |     |  ♟  |     |     |     |     |     |
  +-----+-----+-----+-----+-----+-----+-----+-----+
4 |     |     |  ♗  |     |  ♙  |     |     |     |
  +-----+-----+-----+-----+-----+-----+-----+-----+
3 |     |     |     |     |     |     |     |     |
  +-----+-----+-----+-----+-----+-----+-----+-----+
2 |  ♙  |  ♙  |  ♙  |     |     |  ♙  |  ♙  |  ♙  |
  +-----+-----+-----+-----+-----+-----+-----+-----+
1 |  ♖  |     |     |     |  ♔  |     |  ♘  |  ♖  |
  +-----+-----+-----+-----+-----+-----+-----+-----+
Noir : 
     a     b     c     d     e     f     g     h    
  +-----+-----+-----+-----+-----+-----+-----+-----+
8 |     |  ♜  |  ♝  |  ♛  |     |  ♚  |     |  ♜  |
  +-----+-----+-----+-----+-----+-----+-----+-----+
7 |     |  ♟  |  ♘  |  ♟  |  ♞  |  ♟  |     |  ♟  |
  +-----+-----+-----+-----+-----+-----+-----+-----+
6 |  ♟  |     |  ♞  |  ♕  |     |     |  ♟  |     |
  +-----+-----+-----+-----+-----+-----+-----+-----+
5 |     |     |  ♟  |     |     |     |     |     |
  +-----+-----+-----+-----+-----+-----+-----+-----+
4 |     |     |  ♗  |     |  ♙  |     |     |     |
  +-----+-----+-----+-----+-----+-----+-----+-----+
3 |     |     |     |     |     |     |     |     |
  +-----+-----+-----+-----+-----+-----+-----+-----+
2 |  ♙  |  ♙  |  ♙  |     |     |  ♙  |  ♙  |  ♙  |
  +-----+-----+-----+-----+-----+-----+-----+-----+
1 |  ♖  |     |     |     |  ♔  |     |  ♘  |  ♖  |
  +-----+-----+-----+-----+-----+-----+-----+-----+
Blanc : 
     a     b     c     d     e     f     g     h    
  +-----+-----+-----+-----+-----+-----+-----+-----+
8 |     |  ♜  |  ♝  |  ♛  |     |  ♚  |     |  ♜  |
  +-----+-----+-----+-----+-----+-----+-----+-----+
7 |     |  ♟  |  ♘  |  ♟  |  ♞  |  ♟  |     |  ♟  |
  +-----+-----+-----+-----+-----+-----+-----+-----+
6 |  ♟  |     |  ♞  |     |     |  ♕  |  ♟  |     |
  +-----+-----+-----+-----+-----+-----+-----+-----+
5 |     |     |  ♟  |     |     |     |     |     |
  +-----+-----+-----+-----+-----+-----+-----+-----+
4 |     |     |  ♗  |     |  ♙  |     |     |     |
  +-----+-----+-----+-----+-----+-----+-----+-----+
3 |     |     |     |     |     |     |     |     |
  +-----+-----+-----+-----+-----+-----+-----+-----+
2 |  ♙  |  ♙  |  ♙  |     |     |  ♙  |  ♙  |  ♙  |
  +-----+-----+-----+-----+-----+-----+-----+-----+
1 |  ♖  |     |     |     |  ♔  |     |  ♘  |  ♖  |
  +-----+-----+-----+-----+-----+-----+-----+-----+
Noir : 
     a     b     c     d     e     f     g     h    
  +-----+-----+-----+-----+-----+-----+-----+-----+
8 |     |  ♜  |  ♝  |     |     |  ♚  |     |  ♜  |
  +-----+-----+-----+-----+-----+-----+-----+-----+
7 |     |  ♟  |  ♛  |  ♟  |  ♞  |  ♟  |     |  ♟  |
  +-----+-----+-----+-----+-----+-----+-----+-----+
6 |  ♟  |     |  ♞  |     |     |  ♕  |  ♟  |     |
  +-----+-----+-----+-----+-----+-----+-----+-----+
5 |     |     |  ♟  |     |     |     |     |     |
  +-----+-----+-----+-----+-----+-----+-----+-----+
4 |     |     |  ♗  |     |  ♙  |     |     |     |
  +-----+-----+-----+-----+-----+-----+-----+-----+
3 |     |     |     |     |     |     |     |     |
  +-----+-----+-----+-----+-----+-----+-----+-----+
2 |  ♙  |  ♙  |  ♙  |     |     |  ♙  |  ♙  |  ♙  |
  +-----+-----+-----+-----+-----+-----+-----+-----+
1 |  ♖  |     |     |     |  ♔  |     |  ♘  |  ♖  |
  +-----+-----+-----+-----+-----+-----+-----+-----+
Blanc : 
     a     b     c     d     e     f     g     h    
  +-----+-----+-----+-----+-----+-----+-----+-----+
8 |     |  ♜  |  ♝  |     |     |  ♚  |     |  ♜  |
  +-----+-----+-----+-----+-----+-----+-----+-----+
7 |     |  ♟  |  ♛  |  ♟  |  ♞  |  ♕  |     |  ♟  |
  +-----+-----+-----+-----+-----+-----+-----+-----+
6 |  ♟  |     |  ♞  |     |     |     |  ♟  |     |
  +-----+-----+-----+-----+-----+-----+-----+-----+
5 |     |     |  ♟  |     |     |     |     |     |
  +-----+-----+-----+-----+-----+-----+-----+-----+
4 |     |     |  ♗  |     |  ♙  |     |     |     |
  +-----+-----+-----+-----+-----+-----+-----+-----+
3 |     |     |     |     |     |     |     |     |
  +-----+-----+-----+-----+-----+-----+-----+-----+
2 |  ♙  |  ♙  |  ♙  |     |     |  ♙  |  ♙  |  ♙  |
  +-----+-----+-----+-----+-----+-----+-----+-----+
1 |  ♖  |     |     |     |  ♔  |     |  ♘  |  ♖  |
  +-----+-----+-----+-----+-----+-----+-----+-----+
Noir : Le roi ne peut pas se deplacer
echec et mat, les blancs ont gagné
fin de partie
wR,,,,wK,,wN,wR,wP,wP,wP,,,wP,wP,wP,,,,,,,,,,,wB,,wP,,,,,,bP,,,,,,bP,,bN,,,,bP,,,bP,bQ,bP,bN,wQ,,bP,,bR,bB,,,bK,,bR, 1-0
  -> [0;32mreference position: OK[0m
  -> [0;32mreference result: OK[0m
  -> [0m(exit code=0)
[0;33m> data/4-leg-pat.txt[0m

     a     b     c     d     e     f     g     h    
  +-----+-----+-----+-----+-----+-----+-----+-----+
8 |  ♜  |  ♞  |  ♝  |  ♛  |  ♚  |  ♝  |  ♞  |  ♜  |
  +-----+-----+-----+-----+-----+-----+-----+-----+
7 |  ♟  |  ♟  |  ♟  |  ♟  |  ♟  |  ♟  |  ♟  |  ♟  |
  +-----+-----+-----+-----+-----+-----+-----+-----+
6 |     |     |     |     |     |     |     |     |
  +-----+-----+-----+-----+-----+-----+-----+-----+
5 |     |     |     |     |     |     |     |     |
  +-----+-----+-----+-----+-----+-----+-----+-----+
4 |     |     |     |     |     |     |     |     |
  +-----+-----+-----+-----+-----+-----+-----+-----+
3 |     |     |     |     |     |     |     |     |
  +-----+-----+-----+-----+-----+-----+-----+-----+
2 |  ♙  |  ♙  |  ♙  |  ♙  |  ♙  |  ♙  |  ♙  |  ♙  |
  +-----+-----+-----+-----+-----+-----+-----+-----+
1 |  ♖  |  ♘  |  ♗  |  ♕  |  ♔  |  ♗  |  ♘  |  ♖  |
  +-----+-----+-----+-----+-----+-----+-----+-----+
Blanc : 
     a     b     c     d     e     f     g     h    
  +-----+-----+-----+-----+-----+-----+-----+-----+
8 |  ♜  |  ♞  |  ♝  |  ♛  |  ♚  |  ♝  |  ♞  |  ♜  |
  +-----+-----+-----+-----+-----+-----+-----+-----+
7 |  ♟  |  ♟  |  ♟  |  ♟  |  ♟  |  ♟  |  ♟  |  ♟  |
  +-----+-----+-----+-----+-----+-----+-----+-----+
6 |     |     |     |     |     |     |     |     |
  +-----+-----+-----+-----+-----+-----+-----+-----+
5 |     |     |     |     |     |     |     |     |
  +-----+-----+-----+-----+-----+-----+-----+-----+
4 |     |     |  ♙  |     |     |     |     |     |
  +-----+-----+-----+-----+-----+-----+-----+-----+
3 |     |     |     |     |     |     |     |     |
  +-----+-----+-----+-----+-----+-----+-----+-----+
2 |  ♙  |  ♙  |     |  ♙  |  ♙  |  ♙  |  ♙  |  ♙  |
  +-----+-----+-----+-----+-----+-----+-----+-----+
1 |  ♖  |  ♘  |  ♗  |  ♕  |  ♔  |  ♗  |  ♘  |  ♖  |
  +-----+-----+-----+-----+-----+-----+-----+-----+
Noir : 
     a     b     c     d     e     f     g     h    
  +-----+-----+-----+-----+-----+-----+-----+-----+
8 |  ♜  |  ♞  |  ♝  |  ♛  |  ♚  |  ♝  |     |  ♜  |
  +-----+-----+-----+-----+-----+-----+-----+-----+
7 |  ♟  |  ♟  |  ♟  |  ♟  |  ♟  |  ♟  |  ♟  |  ♟  |
  +-----+-----+-----+-----+-----+-----+-----+-----+
6 |     |     |     |     |     |  ♞  |     |     |
  +-----+-----+-----+-----+-----+-----+-----+-----+
5 |     |     |     |     |     |     |     |     |
  +-----+-----+-----+-----+-----+-----+-----+-----+
4 |     |     |  ♙  |     |     |     |     |     |
  +-----+-----+-----+-----+-----+-----+-----+-----+
3 |     |     |     |     |     |     |     |     |
  +-----+-----+-----+-----+-----+-----+-----+-----+
2 |  ♙  |  ♙  |     |  ♙  |  ♙  |  ♙  |  ♙  |  ♙  |
  +-----+-----+-----+-----+-----+-----+-----+-----+
1 |  ♖  |  ♘  |  ♗  |  ♕  |  ♔  |  ♗  |  ♘  |  ♖  |
  +-----+-----+-----+-----+-----+-----+-----+-----+
Blanc : 
     a     b     c     d     e     f     g     h    
  +-----+-----+-----+-----+-----+-----+-----+-----+
8 |  ♜  |  ♞  |  ♝  |  ♛  |  ♚  |  ♝  |     |  ♜  |
  +-----+-----+-----+-----+-----+-----+-----+-----+
7 |  ♟  |  ♟  |  ♟  |  ♟  |  ♟  |  ♟  |  ♟  |  ♟  |
  +-----+-----+-----+-----+-----+-----+-----+-----+
6 |     |     |     |     |     |  ♞  |     |     |
  +-----+-----+-----+-----+-----+-----+-----+-----+
5 |     |     |     |     |     |     |     |     |
  +-----+-----+-----+-----+-----+-----+-----+-----+
4 |     |     |  ♙  |  ♙  |     |     |     |     |
  +-----+-----+-----+-----+-----+-----+-----+-----+
3 |     |     |     |     |     |     |     |     |
  +-----+-----+-----+-----+-----+-----+-----+-----+
2 |  ♙  |  ♙  |     |     |  ♙  |  ♙  |  ♙  |  ♙  |
  +-----+-----+-----+-----+-----+-----+-----+-----+
1 |  ♖  |  ♘  |  ♗  |  ♕  |  ♔  |  ♗  |  ♘  |  ♖  |
  +-----+-----+-----+-----+-----+-----+-----+-----+
Noir : 
     a     b     c     d     e     f     g     h    
  +-----+-----+-----+-----+-----+-----+-----+-----+
8 |  ♜  |  ♞  |  ♝  |  ♛  |  ♚  |  ♝  |     |  ♜  |
  +-----+-----+-----+-----+-----+-----+-----+-----+
7 |  ♟  |  ♟  |     |  ♟  |  ♟  |  ♟  |  ♟  |  ♟  |
  +-----+-----+-----+-----+-----+-----+-----+-----+
6 |     |     |  ♟  |     |     |  ♞  |     |     |
  +-----+-----+-----+-----+-----+-----+-----+-----+
5 |     |     |     |     |     |     |     |     |
  +-----+-----+-----+-----+-----+-----+-----+-----+
4 |     |     |  ♙  |  ♙  |     |     |     |     |
  +-----+-----+-----+-----+-----+-----+-----+-----+
3 |     |     |     |     |     |     |     |     |
  +-----+-----+-----+-----+-----+-----+-----+-----+
2 |  ♙  |  ♙  |     |     |  ♙  |  ♙  |  ♙  |  ♙  |
  +-----+-----+-----+-----+-----+-----+-----+-----+
1 |  ♖  |  ♘  |  ♗  |  ♕  |  ♔  |  ♗  |  ♘  |  ♖  |
  +-----+-----+-----+-----+-----+-----+-----+-----+
Blanc : 
     a     b     c     d     e     f     g     h    
  +-----+-----+-----+-----+-----+-----+-----+-----+
8 |  ♜  |  ♞  |  ♝  |  ♛  |  ♚  |  ♝  |     |  ♜  |
  +-----+-----+-----+-----+-----+-----+-----+-----+
7 |  ♟  |  ♟  |     |  ♟  |  ♟  |  ♟  |  ♟  |  ♟  |
  +-----+-----+-----+-----+-----+-----+-----+-----+
6 |     |     |  ♟  |     |     |  ♞  |     |     |
  +-----+-----+-----+-----+-----+-----+-----+-----+
5 |     |     |     |     |     |     |     |     |
  +-----+-----+-----+-----+-----+-----+-----+-----+
4 |     |     |  ♙  |  ♙  |     |  ♗  |     |     |
  +-----+-----+-----+-----+-----+-----+-----+-----+
3 |     |     |     |     |     |     |     |     |
  +-----+-----+-----+-----+-----+-----+-----+-----+
2 |  ♙  |  ♙  |     |     |  ♙  |  ♙  |  ♙  |  ♙  |
  +-----+-----+-----+-----+-----+-----+-----+-----+
1 |  ♖  |  ♘  |     |  ♕  |  ♔  |  ♗  |  ♘  |  ♖  |
  +-----+-----+-----+-----+-----+-----+-----+-----+
Noir : 
     a     b     c     d     e     f     g     h    
  +-----+-----+-----+-----+-----+-----+-----+-----+
8 |  ♜  |  ♞  |  ♝  |     |  ♚  |  ♝  |     |  ♜  |
  +-----+-----+-----+-----+-----+-----+-----+-----+
7 |  ♟  |  ♟  |     |  ♟  |  ♟  |  ♟  |  ♟  |  ♟  |
  +-----+-----+-----+-----+-----+-----+-----+-----+
6 |     |  ♛  |  ♟  |     |     |  ♞  |     |     |
  +-----+-----+-----+-----+-----+-----+-----+-----+
5 |     |     |     |     |     |     |     |     |
  +-----+-----+-----+-----+-----+-----+-----+-----+
4 |     |     |  ♙  |  ♙  |     |  ♗  |     |     |
  +-----+-----+-----+-----+-----+-----+-----+-----+
3 |     |     |     |     |     |     |     |     |
  +-----+-----+-----+-----+-----+-----+-----+-----+
2 |  ♙  |  ♙  |     |     |  ♙  |  ♙  |  ♙  |  ♙  |
  +-----+-----+-----+-----+-----+-----+-----+-----+
1 |  ♖  |  ♘  |     |  ♕  |  ♔  |  ♗  |  ♘  |  ♖  |
  +-----+-----+-----+-----+-----+-----+-----+-----+
Blanc : 
     a     b     c     d     e     f     g     h    
  +-----+-----+-----+-----+-----+-----+-----+-----+
8 |  ♜  |  ♞  |  ♝  |     |  ♚  |  ♝  |     |  ♜  |
  +-----+-----+-----+-----+-----+-----+-----+-----+
7 |  ♟  |  ♟  |     |  ♟  |  ♟  |  ♟  |  ♟  |  ♟  |
  +-----+-----+-----+-----+-----+-----+-----+-----+
6 |     |  ♛  |  ♟  |     |     |  ♞  |     |     |
  +-----+-----+-----+-----+-----+-----+-----+-----+
5 |     |     |     |     |     |     |     |     |
  +-----+-----+-----+-----+-----+-----+-----+-----+
4 |     |     |  ♙  |  ♙  |     |  ♗  |     |     |
  +-----+-----+-----+-----+-----+-----+-----+-----+
3 |     |     |     |     |     |     |     |     |
  +-----+-----+-----+-----+-----+-----+-----+-----+
2 |  ♙  |  ♙  |     |  ♕  |  ♙  |  ♙  |  ♙  |  ♙  |
  +-----+-----+-----+-----+-----+-----+-----+-----+
1 |  ♖  |  ♘  |     |     |  ♔  |  ♗  |  ♘  |  ♖  |
  +-----+-----+-----+-----+-----+-----+-----+-----+
Noir : 
     a     b     c     d     e     f     g     h    
  +-----+-----+-----+-----+-----+-----+-----+-----+
8 |  ♜  |  ♞  |  ♝  |     |  ♚  |  ♝  |     |  ♜  |
  +-----+-----+-----+-----+-----+-----+-----+-----+
7 |  ♟  |  ♟  |     |  ♟  |  ♟  |  ♟  |  ♟  |  ♟  |
  +-----+-----+-----+-----+-----+-----+-----+-----+
6 |     |  ♛  |  ♟  |     |     |     |     |     |
  +-----+-----+-----+-----+-----+-----+-----+-----+
5 |     |     |     |     |     |     |     |     |
  +-----+-----+-----+-----+-----+-----+-----+-----+
4 |     |     |  ♙  |  ♙  |  ♞  |  ♗  |     |     |
  +-----+-----+-----+-----+-----+-----+-----+-----+
3 |     |     |     |     |     |     |     |     |
  +-----+-----+-----+-----+-----+-----+-----+-----+
2 |  ♙  |  ♙  |     |  ♕  |  ♙  |  ♙  |  ♙  |  ♙  |
  +-----+-----+-----+-----+-----+-----+-----+-----+
1 |  ♖  |  ♘  |     |     |  ♔  |  ♗  |  ♘  |  ♖  |
  +-----+-----+-----+-----+-----+-----+-----+-----+
Blanc : 
     a     b     c     d     e     f     g     h    
  +-----+-----+-----+-----+-----+-----+-----+-----+
8 |  ♜  |  ♞  |  ♝  |     |  ♚  |  ♝  |     |  ♜  |
  +-----+-----+-----+-----+-----+-----+-----+-----+
7 |  ♟  |  ♟  |     |  ♟  |  ♟  |  ♟  |  ♟  |  ♟  |
  +-----+-----+-----+-----+-----+-----+-----+-----+
6 |     |  ♛  |  ♟  |     |     |     |     |     |
  +-----+-----+-----+-----+-----+-----+-----+-----+
5 |     |     |     |     |     |     |     |     |
  +-----+-----+-----+-----+-----+-----+-----+-----+
4 |     |     |  ♙  |  ♙  |  ♞  |  ♗  |     |     |
  +-----+-----+-----+-----+-----+-----+-----+-----+
3 |     |     |     |     |     |     |     |     |
  +-----+-----+-----+-----+-----+-----+-----+-----+
2 |  ♙  |  ♙  |  ♕  |     |  ♙  |  ♙  |  ♙  |  ♙  |
  +-----+-----+-----+-----+-----+-----+-----+-----+
1 |  ♖  |  ♘  |     |     |  ♔  |  ♗  |  ♘  |  ♖  |
  +-----+-----+-----+-----+-----+-----+-----+-----+
Noir : 
     a     b     c     d     e     f     g     h    
  +-----+-----+-----+-----+-----+-----+-----+-----+
8 |  ♜  |  ♞  |  ♝  |     |  ♚  |  ♝  |     |  ♜  |
  +-----+-----+-----+-----+-----+-----+-----+-----+
7 |  ♟  |  ♟  |     |     |  ♟  |  ♟  |  ♟  |  ♟  |
  +-----+-----+-----+-----+-----+-----+-----+-----+
6 |     |  ♛  |  ♟  |     |     |     |     |     |
  +-----+-----+-----+-----+-----+-----+-----+-----+
5 |     |     |     |  ♟  |     |     |     |     |
  +-----+-----+-----+-----+-----+-----+-----+-----+
4 |     |     |  ♙  |  ♙  |  ♞  |  ♗  |     |     |
  +-----+-----+-----+-----+-----+-----+-----+-----+
3 |     |     |     |     |     |     |     |     |
  +-----+-----+-----+-----+-----+-----+-----+-----+
2 |  ♙  |  ♙  |  ♕  |     |  ♙  |  ♙  |  ♙  |  ♙  |
  +-----+-----+-----+-----+-----+-----+-----+-----+
1 |  ♖  |  ♘  |     |     |  ♔  |  ♗  |  ♘  |  ♖  |
  +-----+-----+-----+-----+-----+-----+-----+-----+
Blanc : 
     a     b     c     d     e     f     g     h    
  +-----+-----+-----+-----+-----+-----+-----+-----+
8 |  ♜  |  ♞  |  ♝  |     |  ♚  |  ♝  |     |  ♜  |
  +-----+-----+-----+-----+-----+-----+-----+-----+
7 |  ♟  |  ♟  |     |     |  ♟  |  ♟  |  ♟  |  ♟  |
  +-----+-----+-----+-----+-----+-----+-----+-----+
6 |     |  ♛  |  ♟  |     |     |     |     |     |
  +-----+-----+-----+-----+-----+-----+-----+-----+
5 |     |     |     |  ♟  |     |     |     |     |
  +-----+-----+-----+-----+-----+-----+-----+-----+
4 |     |     |  ♙  |  ♙  |  ♞  |  ♗  |     |     |
  +-----+-----+-----+-----+-----+-----+-----+-----+
3 |     |     |     |     |     |  ♙  |     |     |
  +-----+-----+-----+-----+-----+-----+-----+-----+
2 |  ♙  |  ♙  |  ♕  |     |  ♙  |     |  ♙  |  ♙  |
  +-----+-----+-----+-----+-----+-----+-----+-----+
1 |  ♖  |  ♘  |     |     |  ♔  |  ♗  |  ♘  |  ♖  |
  +-----+-----+-----+-----+-----+-----+-----+-----+
Noir : 
     a     b     c     d     e     f     g     h    
  +-----+-----+-----+-----+-----+-----+-----+-----+
8 |  ♜  |  ♞  |  ♝  |     |  ♚  |  ♝  |     |  ♜  |
  +-----+-----+-----+-----+-----+-----+-----+-----+
7 |  ♟  |  ♟  |     |     |     |  ♟  |  ♟  |  ♟  |
  +-----+-----+-----+-----+-----+-----+-----+-----+
6 |     |  ♛  |  ♟  |     |     |     |     |     |
  +-----+-----+-----+-----+-----+-----+-----+-----+
5 |     |     |     |  ♟  |  ♟  |     |     |     |
  +-----+-----+-----+-----+-----+-----+-----+-----+
4 |     |     |  ♙  |  ♙  |  ♞  |  ♗  |     |     |
  +-----+-----+-----+-----+-----+-----+-----+-----+
3 |     |     |     |     |     |  ♙  |     |     |
  +-----+-----+-----+-----+-----+-----+-----+-----+
2 |  ♙  |  ♙  |  ♕  |     |  ♙  |     |  ♙  |  ♙  |
  +-----+-----+-----+-----+-----+-----+-----+-----+
1 |  ♖  |  ♘  |     |     |  ♔  |  ♗  |  ♘  |  ♖  |
  +-----+-----+-----+-----+-----+-----+-----+-----+
Blanc : 
     a     b     c     d     e     f     g     h    
  +-----+-----+-----+-----+-----+-----+-----+-----+
8 |  ♜  |  ♞  |  ♝  |     |  ♚  |  ♝  |     |  ♜  |
  +-----+-----+-----+-----+-----+-----+-----+-----+
7 |  ♟  |  ♟  |     |     |     |  ♟  |  ♟  |  ♟  |
  +-----+-----+-----+-----+-----+-----+-----+-----+
6 |     |  ♛  |  ♟  |     |     |     |     |     |
  +-----+-----+-----+-----+-----+-----+-----+-----+
5 |     |     |     |  ♟  |  ♗  |     |     |     |
  +-----+-----+-----+-----+-----+-----+-----+-----+
4 |     |     |  ♙  |  ♙  |  ♞  |     |     |     |
  +-----+-----+-----+-----+-----+-----+-----+-----+
3 |     |     |     |     |     |  ♙  |     |     |
  +-----+-----+-----+-----+-----+-----+-----+-----+
2 |  ♙  |  ♙  |  ♕  |     |  ♙  |     |  ♙  |  ♙  |
  +-----+-----+-----+-----+-----+-----+-----+-----+
1 |  ♖  |  ♘  |     |     |  ♔  |  ♗  |  ♘  |  ♖  |
  +-----+-----+-----+-----+-----+-----+-----+-----+
Noir : 
     a     b     c     d     e     f     g     h    
  +-----+-----+-----+-----+-----+-----+-----+-----+
8 |  ♜  |  ♞  |  ♝  |     |  ♚  |  ♝  |     |  ♜  |
  +-----+-----+-----+-----+-----+-----+-----+-----+
7 |  ♟  |  ♟  |     |     |     |  ♟  |  ♟  |  ♟  |
  +-----+-----+-----+-----+-----+-----+-----+-----+
6 |     |     |  ♟  |     |     |     |     |     |
  +-----+-----+-----+-----+-----+-----+-----+-----+
5 |  ♛  |     |     |  ♟  |  ♗  |     |     |     |
  +-----+-----+-----+-----+-----+-----+-----+-----+
4 |     |     |  ♙  |  ♙  |  ♞  |     |     |     |
  +-----+-----+-----+-----+-----+-----+-----+-----+
3 |     |     |     |     |     |  ♙  |     |     |
  +-----+-----+-----+-----+-----+-----+-----+-----+
2 |  ♙  |  ♙  |  ♕  |     |  ♙  |     |  ♙  |  ♙  |
  +-----+-----+-----+-----+-----+-----+-----+-----+
1 |  ♖  |  ♘  |     |     |  ♔  |  ♗  |  ♘  |  ♖  |
  +-----+-----+-----+-----+-----+-----+-----+-----+
Blanc : Le roi ne peut pas se deplacer
La piece en 0 1 peut se deplacer en 1 3
vous êtes en echec : 
     a     b     c     d     e     f     g     h    
  +-----+-----+-----+-----+-----+-----+-----+-----+
8 |  ♜  |  ♞  |  ♝  |     |  ♚  |  ♝  |     |  ♜  |
  +-----+-----+-----+-----+-----+-----+-----+-----+
7 |  ♟  |  ♟  |     |     |     |  ♟  |  ♟  |  ♟  |
  +-----+-----+-----+-----+-----+-----+-----+-----+
6 |     |     |  ♟  |     |     |     |     |     |
  +-----+-----+-----+-----+-----+-----+-----+-----+
5 |  ♛  |     |     |  ♟  |  ♗  |     |     |     |
  +-----+-----+-----+-----+-----+-----+-----+-----+
4 |     |     |  ♙  |  ♙  |  ♞  |     |     |     |
  +-----+-----+-----+-----+-----+-----+-----+-----+
3 |     |     |  ♘  |     |     |  ♙  |     |     |
  +-----+-----+-----+-----+-----+-----+-----+-----+
2 |  ♙  |  ♙  |  ♕  |     |  ♙  |     |  ♙  |  ♙  |
  +-----+-----+-----+-----+-----+-----+-----+-----+
1 |  ♖  |     |     |     |  ♔  |  ♗  |  ♘  |  ♖  |
  +-----+-----+-----+-----+-----+-----+-----+-----+
Noir : 
     a     b     c     d     e     f     g     h    
  +-----+-----+-----+-----+-----+-----+-----+-----+
8 |  ♜  |  ♞  |  ♝  |     |  ♚  |  ♝  |     |  ♜  |
  +-----+-----+-----+-----+-----+-----+-----+-----+
7 |  ♟  |  ♟  |     |     |     |  ♟  |  ♟  |  ♟  |
  +-----+-----+-----+-----+-----+-----+-----+-----+
6 |     |     |  ♟  |     |     |     |     |     |
  +-----+-----+-----+-----+-----+-----+-----+-----+
5 |  ♛  |     |     |  ♟  |  ♗  |     |     |     |
  +-----+-----+-----+-----+-----+-----+-----+-----+
4 |     |     |  ♙  |  ♙  |     |     |     |     |
  +-----+-----+-----+-----+-----+-----+-----+-----+
3 |     |     |  ♞  |     |     |  ♙  |     |     |
  +-----+-----+-----+-----+-----+-----+-----+-----+
2 |  ♙  |  ♙  |  ♕  |     |  ♙  |     |  ♙  |  ♙  |
  +-----+-----+-----+-----+-----+-----+-----+-----+
1 |  ♖  |     |     |     |  ♔  |  ♗  |  ♘  |  ♖  |
  +-----+-----+-----+-----+-----+-----+-----+-----+
Blanc : 
     a     b     c     d     e     f     g     h    
  +-----+-----+-----+-----+-----+-----+-----+-----+
8 |  ♜  |  ♞  |  ♝  |     |  ♚  |  ♝  |     |  ♜  |
  +-----+-----+-----+-----+-----+-----+-----+-----+
7 |  ♟  |  ♟  |     |     |     |  ♟  |  ♟  |  ♟  |
  +-----+-----+-----+-----+-----+-----+-----+-----+
6 |     |     |  ♟  |     |     |     |     |     |
  +-----+-----+-----+-----+-----+-----+-----+-----+
5 |  ♛  |     |     |  ♟  |  ♗  |     |     |     |
  +-----+-----+-----+-----+-----+-----+-----+-----+
4 |     |     |  ♙  |  ♙  |     |     |     |     |
  +-----+-----+-----+-----+-----+-----+-----+-----+
3 |     |     |  ♙  |     |     |  ♙  |     |     |
  +-----+-----+-----+-----+-----+-----+-----+-----+
2 |  ♙  |     |  ♕  |     |  ♙  |     |  ♙  |  ♙  |
  +-----+-----+-----+-----+-----+-----+-----+-----+
1 |  ♖  |     |     |     |  ♔  |  ♗  |  ♘  |  ♖  |
  +-----+-----+-----+-----+-----+-----+-----+-----+
Noir : 
     a     b     c     d     e     f     g     h    
  +-----+-----+-----+-----+-----+-----+-----+-----+
8 |  ♜  |  ♞  |  ♝  |     |  ♚  |  ♝  |     |  ♜  |
  +-----+-----+-----+-----+-----+-----+-----+-----+
7 |  ♟  |  ♟  |     |     |     |  ♟  |  ♟  |  ♟  |
  +-----+-----+-----+-----+-----+-----+-----+-----+
6 |     |     |  ♟  |     |     |     |     |     |
  +-----+-----+-----+-----+-----+-----+-----+-----+
5 |  ♛  |     |     |     |  ♗  |     |     |     |
  +-----+-----+-----+-----+-----+-----+-----+-----+
4 |     |     |  ♟  |  ♙  |     |     |     |     |
  +-----+-----+-----+-----+-----+-----+-----+-----+
3 |     |     |  ♙  |     |     |  ♙  |     |     |
  +-----+-----+-----+-----+-----+-----+-----+-----+
2 |  ♙  |     |  ♕  |     |  ♙  |     |  ♙  |  ♙  |
  +-----+-----+-----+-----+-----+-----+-----+-----+
1 |  ♖  |     |     |     |  ♔  |  ♗  |  ♘  |  ♖  |
  +-----+-----+-----+-----+-----+-----+-----+-----+
Blanc : 
     a     b     c     d     e     f     g     h    
  +-----+-----+-----+-----+-----+-----+-----+-----+
8 |  ♜  |  ♞  |  ♝  |     |  ♚  |  ♝  |     |  ♜  |
  +-----+-----+-----+-----+-----+-----+-----+-----+
7 |  ♟  |  ♟  |     |     |     |  ♟  |  ♟  |  ♟  |
  +-----+-----+-----+-----+-----+-----+-----+-----+
6 |     |     |  ♟  |     |     |     |     |     |
  +-----+-----+-----+-----+-----+-----+-----+-----+
5 |  ♛  |     |     |     |  ♗  |     |     |     |
  +-----+-----+-----+-----+-----+-----+-----+-----+
4 |     |     |  ♟  |  ♙  |  ♙  |     |     |     |
  +-----+-----+-----+-----+-----+-----+-----+-----+
3 |     |     |  ♙  |     |     |  ♙  |     |     |
  +-----+-----+-----+-----+-----+-----+-----+-----+
2 |  ♙  |     |  ♕  |     |     |     |  ♙  |  ♙  |
  +-----+-----+-----+-----+-----+-----+-----+-----+
1 |  ♖  |     |     |     |  ♔  |  ♗  |  ♘  |  ♖  |
  +-----+-----+-----+-----+-----+-----+-----+-----+
Noir : 
     a     b     c     d     e     f     g     h    
  +-----+-----+-----+-----+-----+-----+-----+-----+
8 |  ♜  |  ♞  |  ♝  |     |  ♚  |  ♝  |     |  ♜  |
  +-----+-----+-----+-----+-----+-----+-----+-----+
7 |  ♟  |     |     |     |     |  ♟  |  ♟  |  ♟  |
  +-----+-----+-----+-----+-----+-----+-----+-----+
6 |     |     |  ♟  |     |     |     |     |     |
  +-----+-----+-----+-----+-----+-----+-----+-----+
5 |  ♛  |  ♟  |     |     |  ♗  |     |     |     |
  +-----+-----+-----+-----+-----+-----+-----+-----+
4 |     |     |  ♟  |  ♙  |  ♙  |     |     |     |
  +-----+-----+-----+-----+-----+-----+-----+-----+
3 |     |     |  ♙  |     |     |  ♙  |     |     |
  +-----+-----+-----+-----+-----+-----+-----+-----+
2 |  ♙  |     |  ♕  |     |     |     |  ♙  |  ♙  |
  +-----+-----+-----+-----+-----+-----+-----+-----+
1 |  ♖  |     |     |     |  ♔  |  ♗  |  ♘  |  ♖  |
  +-----+-----+-----+-----+-----+-----+-----+-----+
Blanc : 
     a     b     c     d     e     f     g     h    
  +-----+-----+-----+-----+-----+-----+-----+-----+
8 |  ♜  |  ♞  |  ♝  |     |  ♚  |  ♝  |     |  ♜  |
  +-----+-----+-----+-----+-----+-----+-----+-----+
7 |  ♟  |     |     |     |     |  ♟  |  ♟  |  ♟  |
  +-----+-----+-----+-----+-----+-----+-----+-----+
6 |     |     |  ♟  |     |     |     |     |     |
  +-----+-----+-----+-----+-----+-----+-----+-----+
5 |  ♛  |  ♟  |     |     |  ♗  |     |     |     |
  +-----+-----+-----+-----+-----+-----+-----+-----+
4 |     |     |  ♟  |  ♙  |  ♙  |     |     |     |
  +-----+-----+-----+-----+-----+-----+-----+-----+
3 |     |     |  ♙  |     |     |  ♙  |     |     |
  +-----+-----+-----+-----+-----+-----+-----+-----+
2 |  ♙  |     |  ♕  |     |  ♘  |     |  ♙  |  ♙  |
  +-----+-----+-----+-----+-----+-----+-----+-----+
1 |  ♖  |     |     |     |  ♔  |  ♗  |     |  ♖  |
  +-----+-----+-----+-----+-----+-----+-----+-----+
Noir : 
     a     b     c     d     e     f     g     h    
  +-----+-----+-----+-----+-----+-----+-----+-----+
8 |  ♜  |  ♞  |  ♝  |     |  ♚  |  ♝  |     |  ♜  |
  +-----+-----+-----+-----+-----+-----+-----+-----+
7 |  ♟  |     |     |     |     |  ♟  |  ♟  |  ♟  |
  +-----+-----+-----+-----+-----+-----+-----+-----+
6 |     |     |  ♟  |     |     |     |     |     |
  +-----+-----+-----+-----+-----+-----+-----+-----+
5 |  ♛  |     |     |     |  ♗  |     |     |     |
  +-----+-----+-----+-----+-----+-----+-----+-----+
4 |     |  ♟  |  ♟  |  ♙  |  ♙  |     |     |     |
  +-----+-----+-----+-----+-----+-----+-----+-----+
3 |     |     |  ♙  |     |     |  ♙  |     |     |
  +-----+-----+-----+-----+-----+-----+-----+-----+
2 |  ♙  |     |  ♕  |     |  ♘  |     |  ♙  |  ♙  |
  +-----+-----+-----+-----+-----+-----+-----+-----+
1 |  ♖  |     |     |     |  ♔  |  ♗  |     |  ♖  |
  +-----+-----+-----+-----+-----+-----+-----+-----+
Blanc : 
     a     b     c     d     e     f     g     h    
  +-----+-----+-----+-----+-----+-----+-----+-----+
8 |  ♜  |  ♞  |  ♝  |     |  ♚  |  ♝  |     |  ♜  |
  +-----+-----+-----+-----+-----+-----+-----+-----+
7 |  ♟  |     |     |     |     |  ♟  |  ♟  |  ♟  |
  +-----+-----+-----+-----+-----+-----+-----+-----+
6 |     |     |  ♟  |     |     |     |     |     |
  +-----+-----+-----+-----+-----+-----+-----+-----+
5 |  ♛  |     |     |     |     |     |     |     |
  +-----+-----+-----+-----+-----+-----+-----+-----+
4 |     |  ♟  |  ♟  |  ♙  |  ♙  |  ♗  |     |     |
  +-----+-----+-----+-----+-----+-----+-----+-----+
3 |     |     |  ♙  |     |     |  ♙  |     |     |
  +-----+-----+-----+-----+-----+-----+-----+-----+
2 |  ♙  |     |  ♕  |     |  ♘  |     |  ♙  |  ♙  |
  +-----+-----+-----+-----+-----+-----+-----+-----+
1 |  ♖  |     |     |     |  ♔  |  ♗  |     |  ♖  |
  +-----+-----+-----+-----+-----+-----+-----+-----+
Noir : 
     a     b     c     d     e     f     g     h    
  +-----+-----+-----+-----+-----+-----+-----+-----+
8 |  ♜  |     |  ♝  |     |  ♚  |  ♝  |     |  ♜  |
  +-----+-----+-----+-----+-----+-----+-----+-----+
7 |  ♟  |     |     |     |     |  ♟  |  ♟  |  ♟  |
  +-----+-----+-----+-----+-----+-----+-----+-----+
6 |  ♞  |     |  ♟  |     |     |     |     |     |
  +-----+-----+-----+-----+-----+-----+-----+-----+
5 |  ♛  |     |     |     |     |     |     |     |
  +-----+-----+-----+-----+-----+-----+-----+-----+
4 |     |  ♟  |  ♟  |  ♙  |  ♙  |  ♗  |     |     |
  +-----+-----+-----+-----+-----+-----+-----+-----+
3 |     |     |  ♙  |     |     |  ♙  |     |     |
  +-----+-----+-----+-----+-----+-----+-----+-----+
2 |  ♙  |     |  ♕  |     |  ♘  |     |  ♙  |  ♙  |
  +-----+-----+-----+-----+-----+-----+-----+-----+
1 |  ♖  |     |     |     |  ♔  |  ♗  |     |  ♖  |
  +-----+-----+-----+-----+-----+-----+-----+-----+
Blanc : 
     a     b     c     d     e     f     g     h    
  +-----+-----+-----+-----+-----+-----+-----+-----+
8 |  ♜  |     |  ♝  |     |  ♚  |  ♝  |     |  ♜  |
  +-----+-----+-----+-----+-----+-----+-----+-----+
7 |  ♟  |     |     |     |     |  ♟  |  ♟  |  ♟  |
  +-----+-----+-----+-----+-----+-----+-----+-----+
6 |  ♞  |     |  ♟  |     |     |     |     |     |
  +-----+-----+-----+-----+-----+-----+-----+-----+
5 |  ♛  |     |     |     |     |     |     |     |
  +-----+-----+-----+-----+-----+-----+-----+-----+
4 |     |  ♟  |  ♟  |  ♙  |  ♙  |  ♗  |     |     |
  +-----+-----+-----+-----+-----+-----+-----+-----+
3 |     |     |  ♙  |     |     |  ♙  |     |     |
  +-----+-----+-----+-----+-----+-----+-----+-----+
2 |  ♙  |     |  ♕  |     |  ♘  |  ♔  |  ♙  |  ♙  |
  +-----+-----+-----+-----+-----+-----+-----+-----+
1 |  ♖  |     |     |     |     |  ♗  |     |  ♖  |
  +-----+-----+-----+-----+-----+-----+-----+-----+
Noir : 
     a     b     c     d     e     f     g     h    
  +-----+-----+-----+-----+-----+-----+-----+-----+
8 |  ♜  |     |  ♝  |     |  ♚  |     |     |  ♜  |
  +-----+-----+-----+-----+-----+-----+-----+-----+
7 |  ♟  |     |     |     |  ♝  |  ♟  |  ♟  |  ♟  |
  +-----+-----+-----+-----+-----+-----+-----+-----+
6 |  ♞  |     |  ♟  |     |     |     |     |     |
  +-----+-----+-----+-----+-----+-----+-----+-----+
5 |  ♛  |     |     |     |     |     |     |     |
  +-----+-----+-----+-----+-----+-----+-----+-----+
4 |     |  ♟  |  ♟  |  ♙  |  ♙  |  ♗  |     |     |
  +-----+-----+-----+-----+-----+-----+-----+-----+
3 |     |     |  ♙  |     |     |  ♙  |     |     |
  +-----+-----+-----+-----+-----+-----+-----+-----+
2 |  ♙  |     |  ♕  |     |  ♘  |  ♔  |  ♙  |  ♙  |
  +-----+-----+-----+-----+-----+-----+-----+-----+
1 |  ♖  |     |     |     |     |  ♗  |     |  ♖  |
  +-----+-----+-----+-----+-----+-----+-----+-----+
Blanc : 
     a     b     c     d     e     f     g     h    
  +-----+-----+-----+-----+-----+-----+-----+-----+
8 |  ♜  |     |  ♝  |     |  ♚  |     |     |  ♜  |
  +-----+-----+-----+-----+-----+-----+-----+-----+
7 |  ♟  |     |     |     |  ♝  |  ♟  |  ♟  |  ♟  |
  +-----+-----+-----+-----+-----+-----+-----+-----+
6 |  ♞  |     |  ♟  |     |     |     |     |     |
  +-----+-----+-----+-----+-----+-----+-----+-----+
5 |  ♛  |     |     |     |     |     |     |     |
  +-----+-----+-----+-----+-----+-----+-----+-----+
4 |     |  ♟  |  ♟  |  ♙  |  ♙  |  ♗  |     |     |
  +-----+-----+-----+-----+-----+-----+-----+-----+
3 |     |     |  ♙  |     |     |  ♙  |  ♘  |     |
  +-----+-----+-----+-----+-----+-----+-----+-----+
2 |  ♙  |     |  ♕  |     |     |  ♔  |  ♙  |  ♙  |
  +-----+-----+-----+-----+-----+-----+-----+-----+
1 |  ♖  |     |     |     |     |  ♗  |     |  ♖  |
  +-----+-----+-----+-----+-----+-----+-----+-----+
Noir : 
     a     b     c     d     e     f     g     h    
  +-----+-----+-----+-----+-----+-----+-----+-----+
8 |  ♜  |     |     |     |  ♚  |     |     |  ♜  |
  +-----+-----+-----+-----+-----+-----+-----+-----+
7 |  ♟  |     |     |     |  ♝  |  ♟  |  ♟  |  ♟  |
  +-----+-----+-----+-----+-----+-----+-----+-----+
6 |  ♞  |     |  ♟  |     |  ♝  |     |     |     |
  +-----+-----+-----+-----+-----+-----+-----+-----+
5 |  ♛  |     |     |     |     |     |     |     |
  +-----+-----+-----+-----+-----+-----+-----+-----+
4 |     |  ♟  |  ♟  |  ♙  |  ♙  |  ♗  |     |     |
  +-----+-----+-----+-----+-----+-----+-----+-----+
3 |     |     |  ♙  |     |     |  ♙  |  ♘  |     |
  +-----+-----+-----+-----+-----+-----+-----+-----+
2 |  ♙  |     |  ♕  |     |     |  ♔  |  ♙  |  ♙  |
  +-----+-----+-----+-----+-----+-----+-----+-----+
1 |  ♖  |     |     |     |     |  ♗  |     |  ♖  |
  +-----+-----+-----+-----+-----+-----+-----+-----+
Blanc : 
     a     b     c     d     e     f     g     h    
  +-----+-----+-----+-----+-----+-----+-----+-----+
8 |  ♜  |     |     |     |  ♚  |     |     |  ♜  |
  +-----+-----+-----+-----+-----+-----+-----+-----+
7 |  ♟  |     |     |     |  ♝  |  ♟  |  ♟  |  ♟  |
  +-----+-----+-----+-----+-----+-----+-----+-----+
6 |  ♞  |     |  ♟  |     |  ♝  |     |     |     |
  +-----+-----+-----+-----+-----+-----+-----+-----+
5 |  ♛  |     |     |     |     |  ♘  |     |     |
  +-----+-----+-----+-----+-----+-----+-----+-----+
4 |     |  ♟  |  ♟  |  ♙  |  ♙  |  ♗  |     |     |
  +-----+-----+-----+-----+-----+-----+-----+-----+
3 |     |     |  ♙  |     |     |  ♙  |     |     |
  +-----+-----+-----+-----+-----+-----+-----+-----+
2 |  ♙  |     |  ♕  |     |     |  ♔  |  ♙  |  ♙  |
  +-----+-----+-----+-----+-----+-----+-----+-----+
1 |  ♖  |     |     |     |     |  ♗  |     |  ♖  |
  +-----+-----+-----+-----+-----+-----+-----+-----+
Noir : 
     a     b     c     d     e     f     g     h    
  +-----+-----+-----+-----+-----+-----+-----+-----+
8 |  ♜  |     |     |     |  ♚  |     |     |  ♜  |
  +-----+-----+-----+-----+-----+-----+-----+-----+
7 |  ♟  |     |     |     |  ♝  |  ♟  |  ♟  |  ♟  |
  +-----+-----+-----+-----+-----+-----+-----+-----+
6 |  ♞  |     |  ♟  |     |     |     |     |     |
  +-----+-----+-----+-----+-----+-----+-----+-----+
5 |  ♛  |     |     |     |     |  ♝  |     |     |
  +-----+-----+-----+-----+-----+-----+-----+-----+
4 |     |  ♟  |  ♟  |  ♙  |  ♙  |  ♗  |     |     |
  +-----+-----+-----+-----+-----+-----+-----+-----+
3 |     |     |  ♙  |     |     |  ♙  |     |     |
  +-----+-----+-----+-----+-----+-----+-----+-----+
2 |  ♙  |     |  ♕  |     |     |  ♔  |  ♙  |  ♙  |
  +-----+-----+-----+-----+-----+-----+-----+-----+
1 |  ♖  |     |     |     |     |  ♗  |     |  ♖  |
  +-----+-----+-----+-----+-----+-----+-----+-----+
Blanc : 
     a     b     c     d     e     f     g     h    
  +-----+-----+-----+-----+-----+-----+-----+-----+
8 |  ♜  |     |     |     |  ♚  |     |     |  ♜  |
  +-----+-----+-----+-----+-----+-----+-----+-----+
7 |  ♟  |     |     |     |  ♝  |  ♟  |  ♟  |  ♟  |
  +-----+-----+-----+-----+-----+-----+-----+-----+
6 |  ♞  |     |  ♟  |     |     |     |     |     |
  +-----+-----+-----+-----+-----+-----+-----+-----+
5 |  ♛  |     |     |     |     |  ♙  |     |     |
  +-----+-----+-----+-----+-----+-----+-----+-----+
4 |     |  ♟  |  ♟  |  ♙  |     |  ♗  |     |     |
  +-----+-----+-----+-----+-----+-----+-----+-----+
3 |     |     |  ♙  |     |     |  ♙  |     |     |
  +-----+-----+-----+-----+-----+-----+-----+-----+
2 |  ♙  |     |  ♕  |     |     |  ♔  |  ♙  |  ♙  |
  +-----+-----+-----+-----+-----+-----+-----+-----+
1 |  ♖  |     |     |     |     |  ♗  |     |  ♖  |
  +-----+-----+-----+-----+-----+-----+-----+-----+
Noir : 
     a     b     c     d     e     f     g     h    
  +-----+-----+-----+-----+-----+-----+-----+-----+
8 |  ♜  |     |     |     |     |  ♜  |  ♚  |     |
  +-----+-----+-----+-----+-----+-----+-----+-----+
7 |  ♟  |     |     |     |  ♝  |  ♟  |  ♟  |  ♟  |
  +-----+-----+-----+-----+-----+-----+-----+-----+
6 |  ♞  |     |  ♟  |     |     |     |     |     |
  +-----+-----+-----+-----+-----+-----+-----+-----+
5 |  ♛  |     |     |     |     |  ♙  |     |     |
  +-----+-----+-----+-----+-----+-----+-----+-----+
4 |     |  ♟  |  ♟  |  ♙  |     |  ♗  |     |     |
  +-----+-----+-----+-----+-----+-----+-----+-----+
3 |     |     |  ♙  |     |     |  ♙  |     |     |
  +-----+-----+-----+-----+-----+-----+-----+-----+
2 |  ♙  |     |  ♕  |     |     |  ♔  |  ♙  |  ♙  |
  +-----+-----+-----+-----+-----+-----+-----+-----+
1 |  ♖  |     |     |     |     |  ♗  |     |  ♖  |
  +-----+-----+-----+-----+-----+-----+-----+-----+
Blanc : 
     a     b     c     d     e     f     g     h    
  +-----+-----+-----+-----+-----+-----+-----+-----+
8 |  ♜  |     |     |     |     |  ♜  |  ♚  |     |
  +-----+-----+-----+-----+-----+-----+-----+-----+
7 |  ♟  |     |     |     |  ♝  |  ♟  |  ♟  |  ♟  |
  +-----+-----+-----+-----+-----+-----+-----+-----+
6 |  ♞  |     |  ♟  |     |     |     |     |     |
  +-----+-----+-----+-----+-----+-----+-----+-----+
5 |  ♛  |     |     |     |     |  ♙  |     |     |
  +-----+-----+-----+-----+-----+-----+-----+-----+
4 |     |  ♟  |  ♗  |  ♙  |     |  ♗  |     |     |
  +-----+-----+-----+-----+-----+-----+-----+-----+
3 |     |     |  ♙  |     |     |  ♙  |     |     |
  +-----+-----+-----+-----+-----+-----+-----+-----+
2 |  ♙  |     |  ♕  |     |     |  ♔  |  ♙  |  ♙  |
  +-----+-----+-----+-----+-----+-----+-----+-----+
1 |  ♖  |     |     |     |     |     |     |  ♖  |
  +-----+-----+-----+-----+-----+-----+-----+-----+
Noir : 
     a     b     c     d     e     f     g     h    
  +-----+-----+-----+-----+-----+-----+-----+-----+
8 |  ♜  |     |     |     |     |  ♜  |  ♚  |     |
  +-----+-----+-----+-----+-----+-----+-----+-----+
7 |  ♟  |     |     |     |     |  ♟  |  ♟  |  ♟  |
  +-----+-----+-----+-----+-----+-----+-----+-----+
6 |  ♞  |     |  ♟  |     |     |  ♝  |     |     |
  +-----+-----+-----+-----+-----+-----+-----+-----+
5 |  ♛  |     |     |     |     |  ♙  |     |     |
  +-----+-----+-----+-----+-----+-----+-----+-----+
4 |     |  ♟  |  ♗  |  ♙  |     |  ♗  |     |     |
  +-----+-----+-----+-----+-----+-----+-----+-----+
3 |     |     |  ♙  |     |     |  ♙  |     |     |
  +-----+-----+-----+-----+-----+-----+-----+-----+
2 |  ♙  |     |  ♕  |     |     |  ♔  |  ♙  |  ♙  |
  +-----+-----+-----+-----+-----+-----+-----+-----+
1 |  ♖  |     |     |     |     |     |     |  ♖  |
  +-----+-----+-----+-----+-----+-----+-----+-----+
Blanc : 
     a     b     c     d     e     f     g     h    
  +-----+-----+-----+-----+-----+-----+-----+-----+
8 |  ♜  |     |     |     |     |  ♜  |  ♚  |     |
  +-----+-----+-----+-----+-----+-----+-----+-----+
7 |  ♟  |     |     |     |     |  ♟  |  ♟  |  ♟  |
  +-----+-----+-----+-----+-----+-----+-----+-----+
6 |  ♞  |     |  ♟  |     |     |  ♝  |     |     |
  +-----+-----+-----+-----+-----+-----+-----+-----+
5 |  ♛  |     |     |     |     |  ♙  |     |     |
  +-----+-----+-----+-----+-----+-----+-----+-----+
4 |     |  ♟  |  ♗  |  ♙  |     |  ♗  |     |     |
  +-----+-----+-----+-----+-----+-----+-----+-----+
3 |     |     |  ♙  |     |     |  ♙  |     |     |
  +-----+-----+-----+-----+-----+-----+-----+-----+
2 |  ♙  |     |  ♕  |     |     |  ♔  |  ♙  |  ♙  |
  +-----+-----+-----+-----+-----+-----+-----+-----+
1 |  ♖  |     |     |     |  ♖  |     |     |     |
  +-----+-----+-----+-----+-----+-----+-----+-----+
Noir : 
     a     b     c     d     e     f     g     h    
  +-----+-----+-----+-----+-----+-----+-----+-----+
8 |  ♜  |     |     |     |     |  ♜  |  ♚  |     |
  +-----+-----+-----+-----+-----+-----+-----+-----+
7 |  ♟  |     |     |     |     |  ♟  |  ♟  |  ♟  |
  +-----+-----+-----+-----+-----+-----+-----+-----+
6 |  ♞  |     |  ♟  |     |     |  ♝  |     |     |
  +-----+-----+-----+-----+-----+-----+-----+-----+
5 |  ♛  |     |     |     |     |  ♙  |     |     |
  +-----+-----+-----+-----+-----+-----+-----+-----+
4 |     |     |  ♗  |  ♙  |     |  ♗  |     |     |
  +-----+-----+-----+-----+-----+-----+-----+-----+
3 |     |     |  ♟  |     |     |  ♙  |     |     |
  +-----+-----+-----+-----+-----+-----+-----+-----+
2 |  ♙  |     |  ♕  |     |     |  ♔  |  ♙  |  ♙  |
  +-----+-----+-----+-----+-----+-----+-----+-----+
1 |  ♖  |     |     |     |  ♖  |     |     |     |
  +-----+-----+-----+-----+-----+-----+-----+-----+
Blanc : 
     a     b     c     d     e     f     g     h    
  +-----+-----+-----+-----+-----+-----+-----+-----+
8 |  ♜  |     |     |     |     |  ♜  |  ♚  |     |
  +-----+-----+-----+-----+-----+-----+-----+-----+
7 |  ♟  |     |     |     |     |  ♟  |  ♟  |  ♟  |
  +-----+-----+-----+-----+-----+-----+-----+-----+
6 |  ♞  |     |  ♟  |     |     |  ♝  |     |     |
  +-----+-----+-----+-----+-----+-----+-----+-----+
5 |  ♛  |     |     |     |  ♗  |  ♙  |     |     |
  +-----+-----+-----+-----+-----+-----+-----+-----+
4 |     |     |  ♗  |  ♙  |     |     |     |     |
  +-----+-----+-----+-----+-----+-----+-----+-----+
3 |     |     |  ♟  |     |     |  ♙  |     |     |
  +-----+-----+-----+-----+-----+-----+-----+-----+
2 |  ♙  |     |  ♕  |     |     |  ♔  |  ♙  |  ♙  |
  +-----+-----+-----+-----+-----+-----+-----+-----+
1 |  ♖  |     |     |     |  ♖  |     |     |     |
  +-----+-----+-----+-----+-----+-----+-----+-----+
Noir : 
     a     b     c     d     e     f     g     h    
  +-----+-----+-----+-----+-----+-----+-----+-----+
8 |  ♜  |     |     |     |     |  ♜  |  ♚  |     |
  +-----+-----+-----+-----+-----+-----+-----+-----+
7 |  ♟  |     |     |     |     |  ♟  |  ♟  |  ♟  |
  +-----+-----+-----+-----+-----+-----+-----+-----+
6 |  ♞  |     |  ♟  |     |     |     |     |     |
  +-----+-----+-----+-----+-----+-----+-----+-----+
5 |  ♛  |     |     |     |  ♝  |  ♙  |     |     |
  +-----+-----+-----+-----+-----+-----+-----+-----+
4 |     |     |  ♗  |  ♙  |     |     |     |     |
  +-----+-----+-----+-----+-----+-----+-----+-----+
3 |     |     |  ♟  |     |     |  ♙  |     |     |
  +-----+-----+-----+-----+-----+-----+-----+-----+
2 |  ♙  |     |  ♕  |     |     |  ♔  |  ♙  |  ♙  |
  +-----+-----+-----+-----+-----+-----+-----+-----+
1 |  ♖  |     |     |     |  ♖  |     |     |     |
  +-----+-----+-----+-----+-----+-----+-----+-----+
Blanc : 
     a     b     c     d     e     f     g     h    
  +-----+-----+-----+-----+-----+-----+-----+-----+
8 |  ♜  |     |     |     |     |  ♜  |  ♚  |     |
  +-----+-----+-----+-----+-----+-----+-----+-----+
7 |  ♟  |     |     |     |     |  ♟  |  ♟  |  ♟  |
  +-----+-----+-----+-----+-----+-----+-----+-----+
6 |  ♞  |     |  ♟  |     |     |     |     |     |
  +-----+-----+-----+-----+-----+-----+-----+-----+
5 |  ♛  |     |     |     |  ♖  |  ♙  |     |     |
  +-----+-----+-----+-----+-----+-----+-----+-----+
4 |     |     |  ♗  |  ♙  |     |     |     |     |
  +-----+-----+-----+-----+-----+-----+-----+-----+
3 |     |     |  ♟  |     |     |  ♙  |     |     |
  +-----+-----+-----+-----+-----+-----+-----+-----+
2 |  ♙  |     |  ♕  |     |     |  ♔  |  ♙  |  ♙  |
  +-----+-----+-----+-----+-----+-----+-----+-----+
1 |  ♖  |     |     |     |     |     |     |     |
  +-----+-----+-----+-----+-----+-----+-----+-----+
Noir : 
     a     b     c     d     e     f     g     h    
  +-----+-----+-----+-----+-----+-----+-----+-----+
8 |  ♜  |     |     |     |     |  ♜  |  ♚  |     |
  +-----+-----+-----+-----+-----+-----+-----+-----+
7 |  ♟  |     |     |     |     |  ♟  |  ♟  |  ♟  |
  +-----+-----+-----+-----+-----+-----+-----+-----+
6 |  ♞  |     |  ♟  |     |     |     |     |     |
  +-----+-----+-----+-----+-----+-----+-----+-----+
5 |     |     |     |     |  ♖  |  ♙  |     |     |
  +-----+-----+-----+-----+-----+-----+-----+-----+
4 |     |     |  ♗  |  ♙  |     |     |     |     |
  +-----+-----+-----+-----+-----+-----+-----+-----+
3 |  ♛  |     |  ♟  |     |     |  ♙  |     |     |
  +-----+-----+-----+-----+-----+-----+-----+-----+
2 |  ♙  |     |  ♕  |     |     |  ♔  |  ♙  |  ♙  |
  +-----+-----+-----+-----+-----+-----+-----+-----+
1 |  ♖  |     |     |     |     |     |     |     |
  +-----+-----+-----+-----+-----+-----+-----+-----+
Blanc : 
     a     b     c     d     e     f     g     h    
  +-----+-----+-----+-----+-----+-----+-----+-----+
8 |  ♜  |     |     |     |     |  ♜  |  ♚  |     |
  +-----+-----+-----+-----+-----+-----+-----+-----+
7 |  ♟  |     |     |     |     |  ♟  |  ♟  |  ♟  |
  +-----+-----+-----+-----+-----+-----+-----+-----+
6 |  ♞  |     |  ♟  |     |     |     |     |     |
  +-----+-----+-----+-----+-----+-----+-----+-----+
5 |     |     |     |     |  ♖  |  ♙  |     |     |
  +-----+-----+-----+-----+-----+-----+-----+-----+
4 |     |     |  ♗  |  ♙  |     |     |     |     |
  +-----+-----+-----+-----+-----+-----+-----+-----+
3 |  ♛  |     |  ♟  |     |     |  ♙  |     |     |
  +-----+-----+-----+-----+-----+-----+-----+-----+
2 |  ♙  |     |  ♕  |     |     |  ♔  |  ♙  |  ♙  |
  +-----+-----+-----+-----+-----+-----+-----+-----+
1 |     |     |  ♖  |     |     |     |     |     |
  +-----+-----+-----+-----+-----+-----+-----+-----+
Noir : 
     a     b     c     d     e     f     g     h    
  +-----+-----+-----+-----+-----+-----+-----+-----+
8 |  ♜  |     |     |     |     |  ♜  |  ♚  |     |
  +-----+-----+-----+-----+-----+-----+-----+-----+
7 |  ♟  |     |  ♞  |     |     |  ♟  |  ♟  |  ♟  |
  +-----+-----+-----+-----+-----+-----+-----+-----+
6 |     |     |  ♟  |     |     |     |     |     |
  +-----+-----+-----+-----+-----+-----+-----+-----+
5 |     |     |     |     |  ♖  |  ♙  |     |     |
  +-----+-----+-----+-----+-----+-----+-----+-----+
4 |     |     |  ♗  |  ♙  |     |     |     |     |
  +-----+-----+-----+-----+-----+-----+-----+-----+
3 |  ♛  |     |  ♟  |     |     |  ♙  |     |     |
  +-----+-----+-----+-----+-----+-----+-----+-----+
2 |  ♙  |     |  ♕  |     |     |  ♔  |  ♙  |  ♙  |
  +-----+-----+-----+-----+-----+-----+-----+-----+
1 |     |     |  ♖  |     |     |     |     |     |
  +-----+-----+-----+-----+-----+-----+-----+-----+
Blanc : 
     a     b     c     d     e     f     g     h    
  +-----+-----+-----+-----+-----+-----+-----+-----+
8 |  ♜  |     |     |     |     |  ♜  |  ♚  |     |
  +-----+-----+-----+-----+-----+-----+-----+-----+
7 |  ♟  |     |  ♞  |     |     |  ♟  |  ♟  |  ♟  |
  +-----+-----+-----+-----+-----+-----+-----+-----+
6 |     |     |  ♟  |     |     |     |     |     |
  +-----+-----+-----+-----+-----+-----+-----+-----+
5 |     |     |     |     |  ♖  |  ♙  |     |     |
  +-----+-----+-----+-----+-----+-----+-----+-----+
4 |     |     |  ♗  |  ♙  |     |     |     |     |
  +-----+-----+-----+-----+-----+-----+-----+-----+
3 |  ♛  |     |  ♕  |     |     |  ♙  |     |     |
  +-----+-----+-----+-----+-----+-----+-----+-----+
2 |  ♙  |     |     |     |     |  ♔  |  ♙  |  ♙  |
  +-----+-----+-----+-----+-----+-----+-----+-----+
1 |     |     |  ♖  |     |     |     |     |     |
  +-----+-----+-----+-----+-----+-----+-----+-----+
Noir : 
     a     b     c     d     e     f     g     h    
  +-----+-----+-----+-----+-----+-----+-----+-----+
8 |  ♜  |     |     |     |     |  ♜  |  ♚  |     |
  +-----+-----+-----+-----+-----+-----+-----+-----+
7 |  ♟  |     |  ♞  |     |     |  ♟  |  ♟  |  ♟  |
  +-----+-----+-----+-----+-----+-----+-----+-----+
6 |     |     |  ♟  |  ♛  |     |     |     |     |
  +-----+-----+-----+-----+-----+-----+-----+-----+
5 |     |     |     |     |  ♖  |  ♙  |     |     |
  +-----+-----+-----+-----+-----+-----+-----+-----+
4 |     |     |  ♗  |  ♙  |     |     |     |     |
  +-----+-----+-----+-----+-----+-----+-----+-----+
3 |     |     |  ♕  |     |     |  ♙  |     |     |
  +-----+-----+-----+-----+-----+-----+-----+-----+
2 |  ♙  |     |     |     |     |  ♔  |  ♙  |  ♙  |
  +-----+-----+-----+-----+-----+-----+-----+-----+
1 |     |     |  ♖  |     |     |     |     |     |
  +-----+-----+-----+-----+-----+-----+-----+-----+
Blanc : 
     a     b     c     d     e     f     g     h    
  +-----+-----+-----+-----+-----+-----+-----+-----+
8 |  ♜  |     |     |     |     |  ♜  |  ♚  |     |
  +-----+-----+-----+-----+-----+-----+-----+-----+
7 |  ♟  |     |  ♞  |     |     |  ♟  |  ♟  |  ♟  |
  +-----+-----+-----+-----+-----+-----+-----+-----+
6 |     |     |  ♟  |  ♛  |     |     |     |     |
  +-----+-----+-----+-----+-----+-----+-----+-----+
5 |     |     |     |     |  ♖  |  ♙  |     |     |
  +-----+-----+-----+-----+-----+-----+-----+-----+
4 |     |     |  ♗  |  ♙  |     |     |     |     |
  +-----+-----+-----+-----+-----+-----+-----+-----+
3 |     |     |  ♕  |     |     |  ♙  |     |     |
  +-----+-----+-----+-----+-----+-----+-----+-----+
2 |  ♙  |     |     |     |     |     |  ♙  |  ♙  |
  +-----+-----+-----+-----+-----+-----+-----+-----+
1 |     |     |  ♖  |     |     |     |  ♔  |     |
  +-----+-----+-----+-----+-----+-----+-----+-----+
Noir : 
     a     b     c     d     e     f     g     h    
  +-----+-----+-----+-----+-----+-----+-----+-----+
8 |     |     |     |  ♜  |     |  ♜  |  ♚  |     |
  +-----+-----+-----+-----+-----+-----+-----+-----+
7 |  ♟  |     |  ♞  |     |     |  ♟  |  ♟  |  ♟  |
  +-----+-----+-----+-----+-----+-----+-----+-----+
6 |     |     |  ♟  |  ♛  |     |     |     |     |
  +-----+-----+-----+-----+-----+-----+-----+-----+
5 |     |     |     |     |  ♖  |  ♙  |     |     |
  +-----+-----+-----+-----+-----+-----+-----+-----+
4 |     |     |  ♗  |  ♙  |     |     |     |     |
  +-----+-----+-----+-----+-----+-----+-----+-----+
3 |     |     |  ♕  |     |     |  ♙  |     |     |
  +-----+-----+-----+-----+-----+-----+-----+-----+
2 |  ♙  |     |     |     |     |     |  ♙  |  ♙  |
  +-----+-----+-----+-----+-----+-----+-----+-----+
1 |     |     |  ♖  |     |     |     |  ♔  |     |
  +-----+-----+-----+-----+-----+-----+-----+-----+
Blanc : 
     a     b     c     d     e     f     g     h    
  +-----+-----+-----+-----+-----+-----+-----+-----+
8 |     |     |     |  ♜  |     |  ♜  |  ♚  |     |
  +-----+-----+-----+-----+-----+-----+-----+-----+
7 |  ♟  |     |  ♞  |     |     |  ♟  |  ♟  |  ♟  |
  +-----+-----+-----+-----+-----+-----+-----+-----+
6 |     |     |  ♟  |  ♛  |     |     |     |     |
  +-----+-----+-----+-----+-----+-----+-----+-----+
5 |     |     |     |     |  ♖  |  ♙  |     |     |
  +-----+-----+-----+-----+-----+-----+-----+-----+
4 |  ♙  |     |  ♗  |  ♙  |     |     |     |     |
  +-----+-----+-----+-----+-----+-----+-----+-----+
3 |     |     |  ♕  |     |     |  ♙  |     |     |
  +-----+-----+-----+-----+-----+-----+-----+-----+
2 |     |     |     |     |     |     |  ♙  |  ♙  |
  +-----+-----+-----+-----+-----+-----+-----+-----+
1 |     |     |  ♖  |     |     |     |  ♔  |     |
  +-----+-----+-----+-----+-----+-----+-----+-----+
Noir : 
     a     b     c     d     e     f     g     h    
  +-----+-----+-----+-----+-----+-----+-----+-----+
8 |     |     |     |  ♜  |     |  ♜  |  ♚  |     |
  +-----+-----+-----+-----+-----+-----+-----+-----+
7 |  ♟  |     |     |     |     |  ♟  |  ♟  |  ♟  |
  +-----+-----+-----+-----+-----+-----+-----+-----+
6 |     |     |  ♟  |  ♛  |     |     |     |     |
  +-----+-----+-----+-----+-----+-----+-----+-----+
5 |     |     |     |  ♞  |  ♖  |  ♙  |     |     |
  +-----+-----+-----+-----+-----+-----+-----+-----+
4 |  ♙  |     |  ♗  |  ♙  |     |     |     |     |
  +-----+-----+-----+-----+-----+-----+-----+-----+
3 |     |     |  ♕  |     |     |  ♙  |     |     |
  +-----+-----+-----+-----+-----+-----+-----+-----+
2 |     |     |     |     |     |     |  ♙  |  ♙  |
  +-----+-----+-----+-----+-----+-----+-----+-----+
1 |     |     |  ♖  |     |     |     |  ♔  |     |
  +-----+-----+-----+-----+-----+-----+-----+-----+
Blanc : 
     a     b     c     d     e     f     g     h    
  +-----+-----+-----+-----+-----+-----+-----+-----+
8 |     |     |     |  ♜  |     |  ♜  |  ♚  |     |
  +-----+-----+-----+-----+-----+-----+-----+-----+
7 |  ♟  |     |     |     |     |  ♟  |  ♟  |  ♟  |
  +-----+-----+-----+-----+-----+-----+-----+-----+
6 |     |     |  ♟  |  ♛  |     |     |     |     |
  +-----+-----+-----+-----+-----+-----+-----+-----+
5 |     |     |     |  ♗  |  ♖  |  ♙  |     |     |
  +-----+-----+-----+-----+-----+-----+-----+-----+
4 |  ♙  |     |     |  ♙  |     |     |     |     |
  +-----+-----+-----+-----+-----+-----+-----+-----+
3 |     |     |  ♕  |     |     |  ♙  |     |     |
  +-----+-----+-----+-----+-----+-----+-----+-----+
2 |     |     |     |     |     |     |  ♙  |  ♙  |
  +-----+-----+-----+-----+-----+-----+-----+-----+
1 |     |     |  ♖  |     |     |     |  ♔  |     |
  +-----+-----+-----+-----+-----+-----+-----+-----+
Noir : 
     a     b     c     d     e     f     g     h    
  +-----+-----+-----+-----+-----+-----+-----+-----+
8 |     |     |     |  ♜  |     |  ♜  |  ♚  |     |
  +-----+-----+-----+-----+-----+-----+-----+-----+
7 |  ♟  |     |     |     |     |  ♟  |  ♟  |  ♟  |
  +-----+-----+-----+-----+-----+-----+-----+-----+
6 |     |     |     |  ♛  |     |     |     |     |
  +-----+-----+-----+-----+-----+-----+-----+-----+
5 |     |     |     |  ♟  |  ♖  |  ♙  |     |     |
  +-----+-----+-----+-----+-----+-----+-----+-----+
4 |  ♙  |     |     |  ♙  |     |     |     |     |
  +-----+-----+-----+-----+-----+-----+-----+-----+
3 |     |     |  ♕  |     |     |  ♙  |     |     |
  +-----+-----+-----+-----+-----+-----+-----+-----+
2 |     |     |     |     |     |     |  ♙  |  ♙  |
  +-----+-----+-----+-----+-----+-----+-----+-----+
1 |     |     |  ♖  |     |     |     |  ♔  |     |
  +-----+-----+-----+-----+-----+-----+-----+-----+
Blanc : 
     a     b     c     d     e     f     g     h    
  +-----+-----+-----+-----+-----+-----+-----+-----+
8 |     |     |     |  ♜  |     |  ♜  |  ♚  |     |
  +-----+-----+-----+-----+-----+-----+-----+-----+
7 |  ♟  |     |     |     |     |  ♟  |  ♟  |  ♟  |
  +-----+-----+-----+-----+-----+-----+-----+-----+
6 |     |     |     |  ♛  |     |     |     |     |
  +-----+-----+-----+-----+-----+-----+-----+-----+
5 |     |     |  ♕  |  ♟  |  ♖  |  ♙  |     |     |
  +-----+-----+-----+-----+-----+-----+-----+-----+
4 |  ♙  |     |     |  ♙  |     |     |     |     |
  +-----+-----+-----+-----+-----+-----+-----+-----+
3 |     |     |     |     |     |  ♙  |     |     |
  +-----+-----+-----+-----+-----+-----+-----+-----+
2 |     |     |     |     |     |     |  ♙  |  ♙  |
  +-----+-----+-----+-----+-----+-----+-----+-----+
1 |     |     |  ♖  |     |     |     |  ♔  |     |
  +-----+-----+-----+-----+-----+-----+-----+-----+
Noir : 
     a     b     c     d     e     f     g     h    
  +-----+-----+-----+-----+-----+-----+-----+-----+
8 |     |     |     |  ♜  |     |  ♜  |  ♚  |     |
  +-----+-----+-----+-----+-----+-----+-----+-----+
7 |  ♟  |     |     |     |     |  ♟  |  ♟  |  ♟  |
  +-----+-----+-----+-----+-----+-----+-----+-----+
6 |  ♛  |     |     |     |     |     |     |     |
  +-----+-----+-----+-----+-----+-----+-----+-----+
5 |     |     |  ♕  |  ♟  |  ♖  |  ♙  |     |     |
  +-----+-----+-----+-----+-----+-----+-----+-----+
4 |  ♙  |     |     |  ♙  |     |     |     |     |
  +-----+-----+-----+-----+-----+-----+-----+-----+
3 |     |     |     |     |     |  ♙  |     |     |
  +-----+-----+-----+-----+-----+-----+-----+-----+
2 |     |     |     |     |     |     |  ♙  |  ♙  |
  +-----+-----+-----+-----+-----+-----+-----+-----+
1 |     |     |  ♖  |     |     |     |  ♔  |     |
  +-----+-----+-----+-----+-----+-----+-----+-----+
Blanc : 
     a     b     c     d     e     f     g     h    
  +-----+-----+-----+-----+-----+-----+-----+-----+
8 |     |     |     |  ♜  |     |  ♜  |  ♚  |     |
  +-----+-----+-----+-----+-----+-----+-----+-----+
7 |  ♟  |     |     |     |     |  ♟  |  ♟  |  ♟  |
  +-----+-----+-----+-----+-----+-----+-----+-----+
6 |  ♛  |     |     |     |     |     |     |     |
  +-----+-----+-----+-----+-----+-----+-----+-----+
5 |     |  ♕  |     |  ♟  |  ♖  |  ♙  |     |     |
  +-----+-----+-----+-----+-----+-----+-----+-----+
4 |  ♙  |     |     |  ♙  |     |     |     |     |
  +-----+-----+-----+-----+-----+-----+-----+-----+
3 |     |     |     |     |     |  ♙  |     |     |
  +-----+-----+-----+-----+-----+-----+-----+-----+
2 |     |     |     |     |     |     |  ♙  |  ♙  |
  +-----+-----+-----+-----+-----+-----+-----+-----+
1 |     |     |  ♖  |     |     |     |  ♔  |     |
  +-----+-----+-----+-----+-----+-----+-----+-----+
Noir : 
     a     b     c     d     e     f     g     h    
  +-----+-----+-----+-----+-----+-----+-----+-----+
8 |     |     |     |  ♜  |     |  ♜  |  ♚  |     |
  +-----+-----+-----+-----+-----+-----+-----+-----+
7 |  ♟  |     |     |     |     |  ♟  |  ♟  |  ♟  |
  +-----+-----+-----+-----+-----+-----+-----+-----+
6 |     |  ♛  |     |     |     |     |     |     |
  +-----+-----+-----+-----+-----+-----+-----+-----+
5 |     |  ♕  |     |  ♟  |  ♖  |  ♙  |     |     |
  +-----+-----+-----+-----+-----+-----+-----+-----+
4 |  ♙  |     |     |  ♙  |     |     |     |     |
  +-----+-----+-----+-----+-----+-----+-----+-----+
3 |     |     |     |     |     |  ♙  |     |     |
  +-----+-----+-----+-----+-----+-----+-----+-----+
2 |     |     |     |     |     |     |  ♙  |  ♙  |
  +-----+-----+-----+-----+-----+-----+-----+-----+
1 |     |     |  ♖  |     |     |     |  ♔  |     |
  +-----+-----+-----+-----+-----+-----+-----+-----+
Blanc : 
     a     b     c     d     e     f     g     h    
  +-----+-----+-----+-----+-----+-----+-----+-----+
8 |     |     |     |  ♜  |     |  ♜  |  ♚  |     |
  +-----+-----+-----+-----+-----+-----+-----+-----+
7 |  ♟  |     |     |     |     |  ♟  |  ♟  |  ♟  |
  +-----+-----+-----+-----+-----+-----+-----+-----+
6 |     |  ♛  |     |     |     |     |     |     |
  +-----+-----+-----+-----+-----+-----+-----+-----+
5 |     |  ♕  |     |  ♟  |  ♖  |  ♙  |     |     |
  +-----+-----+-----+-----+-----+-----+-----+-----+
4 |  ♙  |     |     |  ♙  |     |     |     |     |
  +-----+-----+-----+-----+-----+-----+-----+-----+
3 |     |     |     |     |     |  ♙  |     |     |
  +-----+-----+-----+-----+-----+-----+-----+-----+
2 |     |     |     |     |     |     |  ♙  |  ♙  |
  +-----+-----+-----+-----+-----+-----+-----+-----+
1 |     |     |     |  ♖  |     |     |  ♔  |     |
  +-----+-----+-----+-----+-----+-----+-----+-----+
Noir : 
     a     b     c     d     e     f     g     h    
  +-----+-----+-----+-----+-----+-----+-----+-----+
8 |     |     |     |  ♜  |     |  ♜  |  ♚  |     |
  +-----+-----+-----+-----+-----+-----+-----+-----+
7 |  ♟  |     |     |     |     |  ♟  |  ♟  |  ♟  |
  +-----+-----+-----+-----+-----+-----+-----+-----+
6 |     |     |     |  ♛  |     |     |     |     |
  +-----+-----+-----+-----+-----+-----+-----+-----+
5 |     |  ♕  |     |  ♟  |  ♖  |  ♙  |     |     |
  +-----+-----+-----+-----+-----+-----+-----+-----+
4 |  ♙  |     |     |  ♙  |     |     |     |     |
  +-----+-----+-----+-----+-----+-----+-----+-----+
3 |     |     |     |     |     |  ♙  |     |     |
  +-----+-----+-----+-----+-----+-----+-----+-----+
2 |     |     |     |     |     |     |  ♙  |  ♙  |
  +-----+-----+-----+-----+-----+-----+-----+-----+
1 |     |     |     |  ♖  |     |     |  ♔  |     |
  +-----+-----+-----+-----+-----+-----+-----+-----+
Blanc : 
     a     b     c     d     e     f     g     h    
  +-----+-----+-----+-----+-----+-----+-----+-----+
8 |     |     |     |  ♜  |     |  ♜  |  ♚  |     |
  +-----+-----+-----+-----+-----+-----+-----+-----+
7 |  ♟  |     |     |     |     |  ♟  |  ♟  |  ♟  |
  +-----+-----+-----+-----+-----+-----+-----+-----+
6 |     |     |     |  ♛  |     |     |     |     |
  +-----+-----+-----+-----+-----+-----+-----+-----+
5 |     |  ♕  |     |  ♟  |  ♖  |  ♙  |     |     |
  +-----+-----+-----+-----+-----+-----+-----+-----+
4 |  ♙  |     |     |  ♙  |     |     |     |     |
  +-----+-----+-----+-----+-----+-----+-----+-----+
3 |     |     |     |     |     |  ♙  |     |     |
  +-----+-----+-----+-----+-----+-----+-----+-----+
2 |     |     |     |     |     |     |  ♙  |  ♙  |
  +-----+-----+-----+-----+-----+-----+-----+-----+
1 |     |     |     |     |  ♖  |     |  ♔  |     |
  +-----+-----+-----+-----+-----+-----+-----+-----+
Noir : 
     a     b     c     d     e     f     g     h    
  +-----+-----+-----+-----+-----+-----+-----+-----+
8 |     |     |     |  ♜  |     |  ♜  |  ♚  |     |
  +-----+-----+-----+-----+-----+-----+-----+-----+
7 |  ♟  |     |     |     |     |  ♟  |  ♟  |  ♟  |
  +-----+-----+-----+-----+-----+-----+-----+-----+
6 |     |     |     |     |     |     |     |     |
  +-----+-----+-----+-----+-----+-----+-----+-----+
5 |     |  ♕  |     |  ♟  |  ♖  |  ♙  |     |     |
  +-----+-----+-----+-----+-----+-----+-----+-----+
4 |  ♙  |     |     |  ♙  |     |     |     |     |
  +-----+-----+-----+-----+-----+-----+-----+-----+
3 |  ♛  |     |     |     |     |  ♙  |     |     |
  +-----+-----+-----+-----+-----+-----+-----+-----+
2 |     |     |     |     |     |     |  ♙  |  ♙  |
  +-----+-----+-----+-----+-----+-----+-----+-----+
1 |     |     |     |     |  ♖  |     |  ♔  |     |
  +-----+-----+-----+-----+-----+-----+-----+-----+
Blanc : 
     a     b     c     d     e     f     g     h    
  +-----+-----+-----+-----+-----+-----+-----+-----+
8 |     |     |     |  ♜  |     |  ♜  |  ♚  |     |
  +-----+-----+-----+-----+-----+-----+-----+-----+
7 |  ♟  |     |     |     |     |  ♟  |  ♟  |  ♟  |
  +-----+-----+-----+-----+-----+-----+-----+-----+
6 |     |     |     |     |     |     |     |     |
  +-----+-----+-----+-----+-----+-----+-----+-----+
5 |  ♕  |     |     |  ♟  |  ♖  |  ♙  |     |     |
  +-----+-----+-----+-----+-----+-----+-----+-----+
4 |  ♙  |     |     |  ♙  |     |     |     |     |
  +-----+-----+-----+-----+-----+-----+-----+-----+
3 |  ♛  |     |     |     |     |  ♙  |     |     |
  +-----+-----+-----+-----+-----+-----+-----+-----+
2 |     |     |     |     |     |     |  ♙  |  ♙  |
  +-----+-----+-----+-----+-----+-----+-----+-----+
1 |     |     |     |     |  ♖  |     |  ♔  |     |
  +-----+-----+-----+-----+-----+-----+-----+-----+
Noir : 
     a     b     c     d     e     f     g     h    
  +-----+-----+-----+-----+-----+-----+-----+-----+
8 |     |     |     |     |     |  ♜  |  ♚  |     |
  +-----+-----+-----+-----+-----+-----+-----+-----+
7 |  ♟  |     |     |  ♜  |     |  ♟  |  ♟  |  ♟  |
  +-----+-----+-----+-----+-----+-----+-----+-----+
6 |     |     |     |     |     |     |     |     |
  +-----+-----+-----+-----+-----+-----+-----+-----+
5 |  ♕  |     |     |  ♟  |  ♖  |  ♙  |     |     |
  +-----+-----+-----+-----+-----+-----+-----+-----+
4 |  ♙  |     |     |  ♙  |     |     |     |     |
  +-----+-----+-----+-----+-----+-----+-----+-----+
3 |  ♛  |     |     |     |     |  ♙  |     |     |
  +-----+-----+-----+-----+-----+-----+-----+-----+
2 |     |     |     |     |     |     |  ♙  |  ♙  |
  +-----+-----+-----+-----+-----+-----+-----+-----+
1 |     |     |     |     |  ♖  |     |  ♔  |     |
  +-----+-----+-----+-----+-----+-----+-----+-----+
Blanc : 
     a     b     c     d     e     f     g     h    
  +-----+-----+-----+-----+-----+-----+-----+-----+
8 |     |     |     |     |     |  ♜  |  ♚  |     |
  +-----+-----+-----+-----+-----+-----+-----+-----+
7 |  ♟  |     |     |  ♜  |     |  ♟  |  ♟  |  ♟  |
  +-----+-----+-----+-----+-----+-----+-----+-----+
6 |     |     |     |     |     |     |     |     |
  +-----+-----+-----+-----+-----+-----+-----+-----+
5 |     |  ♕  |     |  ♟  |  ♖  |  ♙  |     |     |
  +-----+-----+-----+-----+-----+-----+-----+-----+
4 |  ♙  |     |     |  ♙  |     |     |     |     |
  +-----+-----+-----+-----+-----+-----+-----+-----+
3 |  ♛  |     |     |     |     |  ♙  |     |     |
  +-----+-----+-----+-----+-----+-----+-----+-----+
2 |     |     |     |     |     |     |  ♙  |  ♙  |
  +-----+-----+-----+-----+-----+-----+-----+-----+
1 |     |     |     |     |  ♖  |     |  ♔  |     |
  +-----+-----+-----+-----+-----+-----+-----+-----+
Noir : 
     a     b     c     d     e     f     g     h    
  +-----+-----+-----+-----+-----+-----+-----+-----+
8 |     |     |     |     |     |  ♜  |  ♚  |     |
  +-----+-----+-----+-----+-----+-----+-----+-----+
7 |  ♟  |     |     |  ♜  |     |  ♟  |  ♟  |  ♟  |
  +-----+-----+-----+-----+-----+-----+-----+-----+
6 |     |     |     |  ♛  |     |     |     |     |
  +-----+-----+-----+-----+-----+-----+-----+-----+
5 |     |  ♕  |     |  ♟  |  ♖  |  ♙  |     |     |
  +-----+-----+-----+-----+-----+-----+-----+-----+
4 |  ♙  |     |     |  ♙  |     |     |     |     |
  +-----+-----+-----+-----+-----+-----+-----+-----+
3 |     |     |     |     |     |  ♙  |     |     |
  +-----+-----+-----+-----+-----+-----+-----+-----+
2 |     |     |     |     |     |     |  ♙  |  ♙  |
  +-----+-----+-----+-----+-----+-----+-----+-----+
1 |     |     |     |     |  ♖  |     |  ♔  |     |
  +-----+-----+-----+-----+-----+-----+-----+-----+
Blanc : 
     a     b     c     d     e     f     g     h    
  +-----+-----+-----+-----+-----+-----+-----+-----+
8 |     |     |     |     |     |  ♜  |  ♚  |     |
  +-----+-----+-----+-----+-----+-----+-----+-----+
7 |  ♟  |     |     |  ♜  |     |  ♟  |  ♟  |  ♟  |
  +-----+-----+-----+-----+-----+-----+-----+-----+
6 |     |     |     |  ♛  |     |     |     |     |
  +-----+-----+-----+-----+-----+-----+-----+-----+
5 |     |  ♕  |     |  ♟  |  ♖  |  ♙  |     |     |
  +-----+-----+-----+-----+-----+-----+-----+-----+
4 |  ♙  |     |     |  ♙  |     |     |     |     |
  +-----+-----+-----+-----+-----+-----+-----+-----+
3 |     |     |     |     |     |  ♙  |     |     |
  +-----+-----+-----+-----+-----+-----+-----+-----+
2 |     |     |     |     |     |     |  ♙  |  ♙  |
  +-----+-----+-----+-----+-----+-----+-----+-----+
1 |     |     |  ♖  |     |     |     |  ♔  |     |
  +-----+-----+-----+-----+-----+-----+-----+-----+
Noir : 
     a     b     c     d     e     f     g     h    
  +-----+-----+-----+-----+-----+-----+-----+-----+
8 |     |     |     |     |     |  ♜  |  ♚  |     |
  +-----+-----+-----+-----+-----+-----+-----+-----+
7 |  ♟  |     |     |  ♜  |     |  ♟  |  ♟  |     |
  +-----+-----+-----+-----+-----+-----+-----+-----+
6 |     |     |     |  ♛  |     |     |     |  ♟  |
  +-----+-----+-----+-----+-----+-----+-----+-----+
5 |     |  ♕  |     |  ♟  |  ♖  |  ♙  |     |     |
  +-----+-----+-----+-----+-----+-----+-----+-----+
4 |  ♙  |     |     |  ♙  |     |     |     |     |
  +-----+-----+-----+-----+-----+-----+-----+-----+
3 |     |     |     |     |     |  ♙  |     |     |
  +-----+-----+-----+-----+-----+-----+-----+-----+
2 |     |     |     |     |     |     |  ♙  |  ♙  |
  +-----+-----+-----+-----+-----+-----+-----+-----+
1 |     |     |  ♖  |     |     |     |  ♔  |     |
  +-----+-----+-----+-----+-----+-----+-----+-----+
Blanc : 
     a     b     c     d     e     f     g     h    
  +-----+-----+-----+-----+-----+-----+-----+-----+
8 |     |     |     |     |     |  ♜  |  ♚  |     |
  +-----+-----+-----+-----+-----+-----+-----+-----+
7 |  ♟  |     |     |  ♜  |     |  ♟  |  ♟  |     |
  +-----+-----+-----+-----+-----+-----+-----+-----+
6 |     |     |     |  ♛  |     |     |     |  ♟  |
  +-----+-----+-----+-----+-----+-----+-----+-----+
5 |     |     |  ♕  |  ♟  |  ♖  |  ♙  |     |     |
  +-----+-----+-----+-----+-----+-----+-----+-----+
4 |  ♙  |     |     |  ♙  |     |     |     |     |
  +-----+-----+-----+-----+-----+-----+-----+-----+
3 |     |     |     |     |     |  ♙  |     |     |
  +-----+-----+-----+-----+-----+-----+-----+-----+
2 |     |     |     |     |     |     |  ♙  |  ♙  |
  +-----+-----+-----+-----+-----+-----+-----+-----+
1 |     |     |  ♖  |     |     |     |  ♔  |     |
  +-----+-----+-----+-----+-----+-----+-----+-----+
Noir : 
     a     b     c     d     e     f     g     h    
  +-----+-----+-----+-----+-----+-----+-----+-----+
8 |     |     |     |     |     |  ♜  |  ♚  |     |
  +-----+-----+-----+-----+-----+-----+-----+-----+
7 |  ♟  |     |     |  ♜  |     |  ♟  |  ♟  |     |
  +-----+-----+-----+-----+-----+-----+-----+-----+
6 |  ♛  |     |     |     |     |     |     |  ♟  |
  +-----+-----+-----+-----+-----+-----+-----+-----+
5 |     |     |  ♕  |  ♟  |  ♖  |  ♙  |     |     |
  +-----+-----+-----+-----+-----+-----+-----+-----+
4 |  ♙  |     |     |  ♙  |     |     |     |     |
  +-----+-----+-----+-----+-----+-----+-----+-----+
3 |     |     |     |     |     |  ♙  |     |     |
  +-----+-----+-----+-----+-----+-----+-----+-----+
2 |     |     |     |     |     |     |  ♙  |  ♙  |
  +-----+-----+-----+-----+-----+-----+-----+-----+
1 |     |     |  ♖  |     |     |     |  ♔  |     |
  +-----+-----+-----+-----+-----+-----+-----+-----+
Blanc : 
     a     b     c     d     e     f     g     h    
  +-----+-----+-----+-----+-----+-----+-----+-----+
8 |     |     |     |     |     |  ♜  |  ♚  |     |
  +-----+-----+-----+-----+-----+-----+-----+-----+
7 |  ♟  |     |     |  ♜  |     |  ♟  |  ♟  |     |
  +-----+-----+-----+-----+-----+-----+-----+-----+
6 |  ♛  |     |     |     |     |     |     |  ♟  |
  +-----+-----+-----+-----+-----+-----+-----+-----+
5 |     |  ♕  |     |  ♟  |  ♖  |  ♙  |     |     |
  +-----+-----+-----+-----+-----+-----+-----+-----+
4 |  ♙  |     |     |  ♙  |     |     |     |     |
  +-----+-----+-----+-----+-----+-----+-----+-----+
3 |     |     |     |     |     |  ♙  |     |     |
  +-----+-----+-----+-----+-----+-----+-----+-----+
2 |     |     |     |     |     |     |  ♙  |  ♙  |
  +-----+-----+-----+-----+-----+-----+-----+-----+
1 |     |     |  ♖  |     |     |     |  ♔  |     |
  +-----+-----+-----+-----+-----+-----+-----+-----+
Noir : 
     a     b     c     d     e     f     g     h    
  +-----+-----+-----+-----+-----+-----+-----+-----+
8 |     |     |     |     |     |  ♜  |  ♚  |     |
  +-----+-----+-----+-----+-----+-----+-----+-----+
7 |  ♟  |     |     |  ♜  |     |  ♟  |  ♟  |     |
  +-----+-----+-----+-----+-----+-----+-----+-----+
6 |     |     |     |  ♛  |     |     |     |  ♟  |
  +-----+-----+-----+-----+-----+-----+-----+-----+
5 |     |  ♕  |     |  ♟  |  ♖  |  ♙  |     |     |
  +-----+-----+-----+-----+-----+-----+-----+-----+
4 |  ♙  |     |     |  ♙  |     |     |     |     |
  +-----+-----+-----+-----+-----+-----+-----+-----+
3 |     |     |     |     |     |  ♙  |     |     |
  +-----+-----+-----+-----+-----+-----+-----+-----+
2 |     |     |     |     |     |     |  ♙  |  ♙  |
  +-----+-----+-----+-----+-----+-----+-----+-----+
1 |     |     |  ♖  |     |     |     |  ♔  |     |
  +-----+-----+-----+-----+-----+-----+-----+-----+
Blanc : 
     a     b     c     d     e     f     g     h    
  +-----+-----+-----+-----+-----+-----+-----+-----+
8 |     |     |     |     |     |  ♜  |  ♚  |     |
  +-----+-----+-----+-----+-----+-----+-----+-----+
7 |  ♟  |     |     |  ♜  |     |  ♟  |  ♟  |     |
  +-----+-----+-----+-----+-----+-----+-----+-----+
6 |     |     |     |  ♛  |     |     |     |  ♟  |
  +-----+-----+-----+-----+-----+-----+-----+-----+
5 |     |  ♕  |     |  ♟  |  ♖  |  ♙  |     |     |
  +-----+-----+-----+-----+-----+-----+-----+-----+
4 |  ♙  |     |     |  ♙  |     |     |     |  ♙  |
  +-----+-----+-----+-----+-----+-----+-----+-----+
3 |     |     |     |     |     |  ♙  |     |     |
  +-----+-----+-----+-----+-----+-----+-----+-----+
2 |     |     |     |     |     |     |  ♙  |     |
  +-----+-----+-----+-----+-----+-----+-----+-----+
1 |     |     |  ♖  |     |     |     |  ♔  |     |
  +-----+-----+-----+-----+-----+-----+-----+-----+
Noir : 
     a     b     c     d     e     f     g     h    
  +-----+-----+-----+-----+-----+-----+-----+-----+
8 |     |     |     |  ♜  |     |     |  ♚  |     |
  +-----+-----+-----+-----+-----+-----+-----+-----+
7 |  ♟  |     |     |  ♜  |     |  ♟  |  ♟  |     |
  +-----+-----+-----+-----+-----+-----+-----+-----+
6 |     |     |     |  ♛  |     |     |     |  ♟  |
  +-----+-----+-----+-----+-----+-----+-----+-----+
5 |     |  ♕  |     |  ♟  |  ♖  |  ♙  |     |     |
  +-----+-----+-----+-----+-----+-----+-----+-----+
4 |  ♙  |     |     |  ♙  |     |     |     |  ♙  |
  +-----+-----+-----+-----+-----+-----+-----+-----+
3 |     |     |     |     |     |  ♙  |     |     |
  +-----+-----+-----+-----+-----+-----+-----+-----+
2 |     |     |     |     |     |     |  ♙  |     |
  +-----+-----+-----+-----+-----+-----+-----+-----+
1 |     |     |  ♖  |     |     |     |  ♔  |     |
  +-----+-----+-----+-----+-----+-----+-----+-----+
Blanc : 
     a     b     c     d     e     f     g     h    
  +-----+-----+-----+-----+-----+-----+-----+-----+
8 |     |     |     |  ♜  |     |     |  ♚  |     |
  +-----+-----+-----+-----+-----+-----+-----+-----+
7 |  ♟  |     |     |  ♜  |     |  ♟  |  ♟  |     |
  +-----+-----+-----+-----+-----+-----+-----+-----+
6 |     |     |     |  ♛  |     |     |     |  ♟  |
  +-----+-----+-----+-----+-----+-----+-----+-----+
5 |     |  ♕  |  ♖  |  ♟  |  ♖  |  ♙  |     |     |
  +-----+-----+-----+-----+-----+-----+-----+-----+
4 |  ♙  |     |     |  ♙  |     |     |     |  ♙  |
  +-----+-----+-----+-----+-----+-----+-----+-----+
3 |     |     |     |     |     |  ♙  |     |     |
  +-----+-----+-----+-----+-----+-----+-----+-----+
2 |     |     |     |     |     |     |  ♙  |     |
  +-----+-----+-----+-----+-----+-----+-----+-----+
1 |     |     |     |     |     |     |  ♔  |     |
  +-----+-----+-----+-----+-----+-----+-----+-----+
Noir : 
     a     b     c     d     e     f     g     h    
  +-----+-----+-----+-----+-----+-----+-----+-----+
8 |     |     |     |  ♜  |     |     |  ♚  |     |
  +-----+-----+-----+-----+-----+-----+-----+-----+
7 |  ♟  |     |     |  ♜  |     |  ♟  |  ♟  |     |
  +-----+-----+-----+-----+-----+-----+-----+-----+
6 |     |  ♛  |     |     |     |     |     |  ♟  |
  +-----+-----+-----+-----+-----+-----+-----+-----+
5 |     |  ♕  |  ♖  |  ♟  |  ♖  |  ♙  |     |     |
  +-----+-----+-----+-----+-----+-----+-----+-----+
4 |  ♙  |     |     |  ♙  |     |     |     |  ♙  |
  +-----+-----+-----+-----+-----+-----+-----+-----+
3 |     |     |     |     |     |  ♙  |     |     |
  +-----+-----+-----+-----+-----+-----+-----+-----+
2 |     |     |     |     |     |     |  ♙  |     |
  +-----+-----+-----+-----+-----+-----+-----+-----+
1 |     |     |     |     |     |     |  ♔  |     |
  +-----+-----+-----+-----+-----+-----+-----+-----+
Blanc : 
     a     b     c     d     e     f     g     h    
  +-----+-----+-----+-----+-----+-----+-----+-----+
8 |     |     |     |  ♜  |     |     |  ♚  |     |
  +-----+-----+-----+-----+-----+-----+-----+-----+
7 |  ♟  |     |     |  ♜  |     |  ♟  |  ♟  |     |
  +-----+-----+-----+-----+-----+-----+-----+-----+
6 |     |  ♛  |     |     |     |     |     |  ♟  |
  +-----+-----+-----+-----+-----+-----+-----+-----+
5 |     |  ♕  |  ♖  |  ♟  |  ♖  |  ♙  |     |     |
  +-----+-----+-----+-----+-----+-----+-----+-----+
4 |  ♙  |     |     |  ♙  |     |     |     |  ♙  |
  +-----+-----+-----+-----+-----+-----+-----+-----+
3 |     |     |     |     |     |  ♙  |     |     |
  +-----+-----+-----+-----+-----+-----+-----+-----+
2 |     |     |     |     |     |     |  ♙  |  ♔  |
  +-----+-----+-----+-----+-----+-----+-----+-----+
1 |     |     |     |     |     |     |     |     |
  +-----+-----+-----+-----+-----+-----+-----+-----+
Noir : 
     a     b     c     d     e     f     g     h    
  +-----+-----+-----+-----+-----+-----+-----+-----+
8 |     |     |     |  ♜  |     |     |  ♚  |     |
  +-----+-----+-----+-----+-----+-----+-----+-----+
7 |  ♟  |     |     |  ♜  |     |  ♟  |  ♟  |     |
  +-----+-----+-----+-----+-----+-----+-----+-----+
6 |     |     |     |     |     |  ♛  |     |  ♟  |
  +-----+-----+-----+-----+-----+-----+-----+-----+
5 |     |  ♕  |  ♖  |  ♟  |  ♖  |  ♙  |     |     |
  +-----+-----+-----+-----+-----+-----+-----+-----+
4 |  ♙  |     |     |  ♙  |     |     |     |  ♙  |
  +-----+-----+-----+-----+-----+-----+-----+-----+
3 |     |     |     |     |     |  ♙  |     |     |
  +-----+-----+-----+-----+-----+-----+-----+-----+
2 |     |     |     |     |     |     |  ♙  |  ♔  |
  +-----+-----+-----+-----+-----+-----+-----+-----+
1 |     |     |     |     |     |     |     |     |
  +-----+-----+-----+-----+-----+-----+-----+-----+
Blanc : 
     a     b     c     d     e     f     g     h    
  +-----+-----+-----+-----+-----+-----+-----+-----+
8 |     |     |     |  ♜  |     |     |  ♚  |     |
  +-----+-----+-----+-----+-----+-----+-----+-----+
7 |  ♟  |     |     |  ♜  |     |  ♟  |  ♟  |     |
  +-----+-----+-----+-----+-----+-----+-----+-----+
6 |     |     |     |     |     |  ♛  |     |  ♟  |
  +-----+-----+-----+-----+-----+-----+-----+-----+
5 |     |  ♕  |  ♖  |  ♟  |  ♖  |  ♙  |     |     |
  +-----+-----+-----+-----+-----+-----+-----+-----+
4 |  ♙  |     |     |  ♙  |     |     |     |  ♙  |
  +-----+-----+-----+-----+-----+-----+-----+-----+
3 |     |     |     |     |     |  ♙  |  ♔  |     |
  +-----+-----+-----+-----+-----+-----+-----+-----+
2 |     |     |     |     |     |     |  ♙  |     |
  +-----+-----+-----+-----+-----+-----+-----+-----+
1 |     |     |     |     |     |     |     |     |
  +-----+-----+-----+-----+-----+-----+-----+-----+
Noir : 
     a     b     c     d     e     f     g     h    
  +-----+-----+-----+-----+-----+-----+-----+-----+
8 |     |     |     |  ♜  |     |     |  ♚  |     |
  +-----+-----+-----+-----+-----+-----+-----+-----+
7 |     |     |     |  ♜  |     |  ♟  |  ♟  |     |
  +-----+-----+-----+-----+-----+-----+-----+-----+
6 |  ♟  |     |     |     |     |  ♛  |     |  ♟  |
  +-----+-----+-----+-----+-----+-----+-----+-----+
5 |     |  ♕  |  ♖  |  ♟  |  ♖  |  ♙  |     |     |
  +-----+-----+-----+-----+-----+-----+-----+-----+
4 |  ♙  |     |     |  ♙  |     |     |     |  ♙  |
  +-----+-----+-----+-----+-----+-----+-----+-----+
3 |     |     |     |     |     |  ♙  |  ♔  |     |
  +-----+-----+-----+-----+-----+-----+-----+-----+
2 |     |     |     |     |     |     |  ♙  |     |
  +-----+-----+-----+-----+-----+-----+-----+-----+
1 |     |     |     |     |     |     |     |     |
  +-----+-----+-----+-----+-----+-----+-----+-----+
Blanc : 
     a     b     c     d     e     f     g     h    
  +-----+-----+-----+-----+-----+-----+-----+-----+
8 |     |     |     |  ♜  |     |     |  ♚  |     |
  +-----+-----+-----+-----+-----+-----+-----+-----+
7 |     |     |     |  ♜  |     |  ♟  |  ♟  |     |
  +-----+-----+-----+-----+-----+-----+-----+-----+
6 |  ♟  |     |  ♕  |     |     |  ♛  |     |  ♟  |
  +-----+-----+-----+-----+-----+-----+-----+-----+
5 |     |     |  ♖  |  ♟  |  ♖  |  ♙  |     |     |
  +-----+-----+-----+-----+-----+-----+-----+-----+
4 |  ♙  |     |     |  ♙  |     |     |     |  ♙  |
  +-----+-----+-----+-----+-----+-----+-----+-----+
3 |     |     |     |     |     |  ♙  |  ♔  |     |
  +-----+-----+-----+-----+-----+-----+-----+-----+
2 |     |     |     |     |     |     |  ♙  |     |
  +-----+-----+-----+-----+-----+-----+-----+-----+
1 |     |     |     |     |     |     |     |     |
  +-----+-----+-----+-----+-----+-----+-----+-----+
Noir : 
     a     b     c     d     e     f     g     h    
  +-----+-----+-----+-----+-----+-----+-----+-----+
8 |     |     |     |  ♜  |     |     |  ♚  |     |
  +-----+-----+-----+-----+-----+-----+-----+-----+
7 |     |     |     |     |     |  ♟  |  ♟  |     |
  +-----+-----+-----+-----+-----+-----+-----+-----+
6 |  ♟  |     |  ♕  |  ♜  |     |  ♛  |     |  ♟  |
  +-----+-----+-----+-----+-----+-----+-----+-----+
5 |     |     |  ♖  |  ♟  |  ♖  |  ♙  |     |     |
  +-----+-----+-----+-----+-----+-----+-----+-----+
4 |  ♙  |     |     |  ♙  |     |     |     |  ♙  |
  +-----+-----+-----+-----+-----+-----+-----+-----+
3 |     |     |     |     |     |  ♙  |  ♔  |     |
  +-----+-----+-----+-----+-----+-----+-----+-----+
2 |     |     |     |     |     |     |  ♙  |     |
  +-----+-----+-----+-----+-----+-----+-----+-----+
1 |     |     |     |     |     |     |     |     |
  +-----+-----+-----+-----+-----+-----+-----+-----+
Blanc : 
     a     b     c     d     e     f     g     h    
  +-----+-----+-----+-----+-----+-----+-----+-----+
8 |     |     |     |  ♜  |     |     |  ♚  |     |
  +-----+-----+-----+-----+-----+-----+-----+-----+
7 |     |     |  ♕  |     |     |  ♟  |  ♟  |     |
  +-----+-----+-----+-----+-----+-----+-----+-----+
6 |  ♟  |     |     |  ♜  |     |  ♛  |     |  ♟  |
  +-----+-----+-----+-----+-----+-----+-----+-----+
5 |     |     |  ♖  |  ♟  |  ♖  |  ♙  |     |     |
  +-----+-----+-----+-----+-----+-----+-----+-----+
4 |  ♙  |     |     |  ♙  |     |     |     |  ♙  |
  +-----+-----+-----+-----+-----+-----+-----+-----+
3 |     |     |     |     |     |  ♙  |  ♔  |     |
  +-----+-----+-----+-----+-----+-----+-----+-----+
2 |     |     |     |     |     |     |  ♙  |     |
  +-----+-----+-----+-----+-----+-----+-----+-----+
1 |     |     |     |     |     |     |     |     |
  +-----+-----+-----+-----+-----+-----+-----+-----+
Noir : 
     a     b     c     d     e     f     g     h    
  +-----+-----+-----+-----+-----+-----+-----+-----+
8 |     |     |     |  ♜  |     |     |  ♚  |     |
  +-----+-----+-----+-----+-----+-----+-----+-----+
7 |     |     |  ♕  |  ♜  |     |  ♟  |  ♟  |     |
  +-----+-----+-----+-----+-----+-----+-----+-----+
6 |  ♟  |     |     |     |     |  ♛  |     |  ♟  |
  +-----+-----+-----+-----+-----+-----+-----+-----+
5 |     |     |  ♖  |  ♟  |  ♖  |  ♙  |     |     |
  +-----+-----+-----+-----+-----+-----+-----+-----+
4 |  ♙  |     |     |  ♙  |     |     |     |  ♙  |
  +-----+-----+-----+-----+-----+-----+-----+-----+
3 |     |     |     |     |     |  ♙  |  ♔  |     |
  +-----+-----+-----+-----+-----+-----+-----+-----+
2 |     |     |     |     |     |     |  ♙  |     |
  +-----+-----+-----+-----+-----+-----+-----+-----+
1 |     |     |     |     |     |     |     |     |
  +-----+-----+-----+-----+-----+-----+-----+-----+
Blanc : 
     a     b     c     d     e     f     g     h    
  +-----+-----+-----+-----+-----+-----+-----+-----+
8 |     |     |     |  ♜  |     |     |  ♚  |     |
  +-----+-----+-----+-----+-----+-----+-----+-----+
7 |     |     |     |  ♜  |     |  ♟  |  ♟  |     |
  +-----+-----+-----+-----+-----+-----+-----+-----+
6 |  ♟  |     |  ♕  |     |     |  ♛  |     |  ♟  |
  +-----+-----+-----+-----+-----+-----+-----+-----+
5 |     |     |  ♖  |  ♟  |  ♖  |  ♙  |     |     |
  +-----+-----+-----+-----+-----+-----+-----+-----+
4 |  ♙  |     |     |  ♙  |     |     |     |  ♙  |
  +-----+-----+-----+-----+-----+-----+-----+-----+
3 |     |     |     |     |     |  ♙  |  ♔  |     |
  +-----+-----+-----+-----+-----+-----+-----+-----+
2 |     |     |     |     |     |     |  ♙  |     |
  +-----+-----+-----+-----+-----+-----+-----+-----+
1 |     |     |     |     |     |     |     |     |
  +-----+-----+-----+-----+-----+-----+-----+-----+
Noir : 
     a     b     c     d     e     f     g     h    
  +-----+-----+-----+-----+-----+-----+-----+-----+
8 |     |     |     |  ♜  |     |     |  ♚  |     |
  +-----+-----+-----+-----+-----+-----+-----+-----+
7 |     |     |     |     |     |  ♟  |  ♟  |     |
  +-----+-----+-----+-----+-----+-----+-----+-----+
6 |  ♟  |     |  ♕  |  ♜  |     |  ♛  |     |  ♟  |
  +-----+-----+-----+-----+-----+-----+-----+-----+
5 |     |     |  ♖  |  ♟  |  ♖  |  ♙  |     |     |
  +-----+-----+-----+-----+-----+-----+-----+-----+
4 |  ♙  |     |     |  ♙  |     |     |     |  ♙  |
  +-----+-----+-----+-----+-----+-----+-----+-----+
3 |     |     |     |     |     |  ♙  |  ♔  |     |
  +-----+-----+-----+-----+-----+-----+-----+-----+
2 |     |     |     |     |     |     |  ♙  |     |
  +-----+-----+-----+-----+-----+-----+-----+-----+
1 |     |     |     |     |     |     |     |     |
  +-----+-----+-----+-----+-----+-----+-----+-----+
Blanc : 
     a     b     c     d     e     f     g     h    
  +-----+-----+-----+-----+-----+-----+-----+-----+
8 |     |     |     |  ♜  |     |     |  ♚  |     |
  +-----+-----+-----+-----+-----+-----+-----+-----+
7 |     |  ♕  |     |     |     |  ♟  |  ♟  |     |
  +-----+-----+-----+-----+-----+-----+-----+-----+
6 |  ♟  |     |     |  ♜  |     |  ♛  |     |  ♟  |
  +-----+-----+-----+-----+-----+-----+-----+-----+
5 |     |     |  ♖  |  ♟  |  ♖  |  ♙  |     |     |
  +-----+-----+-----+-----+-----+-----+-----+-----+
4 |  ♙  |     |     |  ♙  |     |     |     |  ♙  |
  +-----+-----+-----+-----+-----+-----+-----+-----+
3 |     |     |     |     |     |  ♙  |  ♔  |     |
  +-----+-----+-----+-----+-----+-----+-----+-----+
2 |     |     |     |     |     |     |  ♙  |     |
  +-----+-----+-----+-----+-----+-----+-----+-----+
1 |     |     |     |     |     |     |     |     |
  +-----+-----+-----+-----+-----+-----+-----+-----+
Noir : 
     a     b     c     d     e     f     g     h    
  +-----+-----+-----+-----+-----+-----+-----+-----+
8 |     |     |     |  ♜  |     |     |  ♚  |     |
  +-----+-----+-----+-----+-----+-----+-----+-----+
7 |     |  ♕  |     |  ♜  |     |  ♟  |  ♟  |     |
  +-----+-----+-----+-----+-----+-----+-----+-----+
6 |  ♟  |     |     |     |     |  ♛  |     |  ♟  |
  +-----+-----+-----+-----+-----+-----+-----+-----+
5 |     |     |  ♖  |  ♟  |  ♖  |  ♙  |     |     |
  +-----+-----+-----+-----+-----+-----+-----+-----+
4 |  ♙  |     |     |  ♙  |     |     |     |  ♙  |
  +-----+-----+-----+-----+-----+-----+-----+-----+
3 |     |     |     |     |     |  ♙  |  ♔  |     |
  +-----+-----+-----+-----+-----+-----+-----+-----+
2 |     |     |     |     |     |     |  ♙  |     |
  +-----+-----+-----+-----+-----+-----+-----+-----+
1 |     |     |     |     |     |     |     |     |
  +-----+-----+-----+-----+-----+-----+-----+-----+
Blanc : 
     a     b     c     d     e     f     g     h    
  +-----+-----+-----+-----+-----+-----+-----+-----+
8 |     |     |     |  ♜  |     |     |  ♚  |     |
  +-----+-----+-----+-----+-----+-----+-----+-----+
7 |     |     |     |  ♜  |     |  ♟  |  ♟  |     |
  +-----+-----+-----+-----+-----+-----+-----+-----+
6 |  ♟  |     |     |     |     |  ♛  |     |  ♟  |
  +-----+-----+-----+-----+-----+-----+-----+-----+
5 |     |     |  ♖  |  ♟  |  ♖  |  ♙  |     |     |
  +-----+-----+-----+-----+-----+-----+-----+-----+
4 |  ♙  |     |     |  ♙  |     |     |     |  ♙  |
  +-----+-----+-----+-----+-----+-----+-----+-----+
3 |     |  ♕  |     |     |     |  ♙  |  ♔  |     |
  +-----+-----+-----+-----+-----+-----+-----+-----+
2 |     |     |     |     |     |     |  ♙  |     |
  +-----+-----+-----+-----+-----+-----+-----+-----+
1 |     |     |     |     |     |     |     |     |
  +-----+-----+-----+-----+-----+-----+-----+-----+
Noir : 
     a     b     c     d     e     f     g     h    
  +-----+-----+-----+-----+-----+-----+-----+-----+
8 |     |     |     |  ♜  |     |     |  ♚  |     |
  +-----+-----+-----+-----+-----+-----+-----+-----+
7 |     |     |     |  ♜  |     |  ♟  |  ♟  |     |
  +-----+-----+-----+-----+-----+-----+-----+-----+
6 |  ♟  |     |     |  ♛  |     |     |     |  ♟  |
  +-----+-----+-----+-----+-----+-----+-----+-----+
5 |     |     |  ♖  |  ♟  |  ♖  |  ♙  |     |     |
  +-----+-----+-----+-----+-----+-----+-----+-----+
4 |  ♙  |     |     |  ♙  |     |     |     |  ♙  |
  +-----+-----+-----+-----+-----+-----+-----+-----+
3 |     |  ♕  |     |     |     |  ♙  |  ♔  |     |
  +-----+-----+-----+-----+-----+-----+-----+-----+
2 |     |     |     |     |     |     |  ♙  |     |
  +-----+-----+-----+-----+-----+-----+-----+-----+
1 |     |     |     |     |     |     |     |     |
  +-----+-----+-----+-----+-----+-----+-----+-----+
Blanc : 
     a     b     c     d     e     f     g     h    
  +-----+-----+-----+-----+-----+-----+-----+-----+
8 |     |     |     |  ♜  |     |     |  ♚  |     |
  +-----+-----+-----+-----+-----+-----+-----+-----+
7 |     |     |     |  ♜  |     |  ♟  |  ♟  |     |
  +-----+-----+-----+-----+-----+-----+-----+-----+
6 |  ♟  |     |     |  ♛  |     |     |     |  ♟  |
  +-----+-----+-----+-----+-----+-----+-----+-----+
5 |     |     |  ♖  |  ♟  |  ♖  |  ♙  |     |     |
  +-----+-----+-----+-----+-----+-----+-----+-----+
4 |  ♙  |     |     |  ♙  |     |     |     |  ♙  |
  +-----+-----+-----+-----+-----+-----+-----+-----+
3 |     |  ♕  |     |     |     |  ♙  |     |  ♔  |
  +-----+-----+-----+-----+-----+-----+-----+-----+
2 |     |     |     |     |     |     |  ♙  |     |
  +-----+-----+-----+-----+-----+-----+-----+-----+
1 |     |     |     |     |     |     |     |     |
  +-----+-----+-----+-----+-----+-----+-----+-----+
Noir : 
     a     b     c     d     e     f     g     h    
  +-----+-----+-----+-----+-----+-----+-----+-----+
8 |     |     |     |  ♜  |     |     |     |     |
  +-----+-----+-----+-----+-----+-----+-----+-----+
7 |     |     |     |  ♜  |     |  ♟  |  ♟  |  ♚  |
  +-----+-----+-----+-----+-----+-----+-----+-----+
6 |  ♟  |     |     |  ♛  |     |     |     |  ♟  |
  +-----+-----+-----+-----+-----+-----+-----+-----+
5 |     |     |  ♖  |  ♟  |  ♖  |  ♙  |     |     |
  +-----+-----+-----+-----+-----+-----+-----+-----+
4 |  ♙  |     |     |  ♙  |     |     |     |  ♙  |
  +-----+-----+-----+-----+-----+-----+-----+-----+
3 |     |  ♕  |     |     |     |  ♙  |     |  ♔  |
  +-----+-----+-----+-----+-----+-----+-----+-----+
2 |     |     |     |     |     |     |  ♙  |     |
  +-----+-----+-----+-----+-----+-----+-----+-----+
1 |     |     |     |     |     |     |     |     |
  +-----+-----+-----+-----+-----+-----+-----+-----+
Blanc : 
     a     b     c     d     e     f     g     h    
  +-----+-----+-----+-----+-----+-----+-----+-----+
8 |     |     |     |  ♜  |     |     |     |     |
  +-----+-----+-----+-----+-----+-----+-----+-----+
7 |     |     |     |  ♜  |     |  ♟  |  ♟  |  ♚  |
  +-----+-----+-----+-----+-----+-----+-----+-----+
6 |  ♟  |     |     |  ♛  |     |     |     |  ♟  |
  +-----+-----+-----+-----+-----+-----+-----+-----+
5 |     |     |  ♖  |  ♟  |  ♖  |  ♙  |     |     |
  +-----+-----+-----+-----+-----+-----+-----+-----+
4 |  ♙  |     |     |  ♙  |     |     |     |  ♙  |
  +-----+-----+-----+-----+-----+-----+-----+-----+
3 |     |  ♕  |     |     |     |  ♙  |  ♙  |  ♔  |
  +-----+-----+-----+-----+-----+-----+-----+-----+
2 |     |     |     |     |     |     |     |     |
  +-----+-----+-----+-----+-----+-----+-----+-----+
1 |     |     |     |     |     |     |     |     |
  +-----+-----+-----+-----+-----+-----+-----+-----+
Noir : 
     a     b     c     d     e     f     g     h    
  +-----+-----+-----+-----+-----+-----+-----+-----+
8 |     |     |     |  ♜  |     |     |  ♚  |     |
  +-----+-----+-----+-----+-----+-----+-----+-----+
7 |     |     |     |  ♜  |     |  ♟  |  ♟  |     |
  +-----+-----+-----+-----+-----+-----+-----+-----+
6 |  ♟  |     |     |  ♛  |     |     |     |  ♟  |
  +-----+-----+-----+-----+-----+-----+-----+-----+
5 |     |     |  ♖  |  ♟  |  ♖  |  ♙  |     |     |
  +-----+-----+-----+-----+-----+-----+-----+-----+
4 |  ♙  |     |     |  ♙  |     |     |     |  ♙  |
  +-----+-----+-----+-----+-----+-----+-----+-----+
3 |     |  ♕  |     |     |     |  ♙  |  ♙  |  ♔  |
  +-----+-----+-----+-----+-----+-----+-----+-----+
2 |     |     |     |     |     |     |     |     |
  +-----+-----+-----+-----+-----+-----+-----+-----+
1 |     |     |     |     |     |     |     |     |
  +-----+-----+-----+-----+-----+-----+-----+-----+
Blanc : 
     a     b     c     d     e     f     g     h    
  +-----+-----+-----+-----+-----+-----+-----+-----+
8 |     |     |     |  ♜  |     |     |  ♚  |     |
  +-----+-----+-----+-----+-----+-----+-----+-----+
7 |     |     |     |  ♜  |     |  ♟  |  ♟  |     |
  +-----+-----+-----+-----+-----+-----+-----+-----+
6 |  ♟  |     |     |  ♛  |     |     |     |  ♟  |
  +-----+-----+-----+-----+-----+-----+-----+-----+
5 |     |     |  ♖  |  ♟  |  ♖  |  ♙  |     |  ♙  |
  +-----+-----+-----+-----+-----+-----+-----+-----+
4 |  ♙  |     |     |  ♙  |     |     |     |     |
  +-----+-----+-----+-----+-----+-----+-----+-----+
3 |     |  ♕  |     |     |     |  ♙  |  ♙  |  ♔  |
  +-----+-----+-----+-----+-----+-----+-----+-----+
2 |     |     |     |     |     |     |     |     |
  +-----+-----+-----+-----+-----+-----+-----+-----+
1 |     |     |     |     |     |     |     |     |
  +-----+-----+-----+-----+-----+-----+-----+-----+
Noir : 
     a     b     c     d     e     f     g     h    
  +-----+-----+-----+-----+-----+-----+-----+-----+
8 |     |     |     |  ♜  |     |     |     |  ♚  |
  +-----+-----+-----+-----+-----+-----+-----+-----+
7 |     |     |     |  ♜  |     |  ♟  |  ♟  |     |
  +-----+-----+-----+-----+-----+-----+-----+-----+
6 |  ♟  |     |     |  ♛  |     |     |     |  ♟  |
  +-----+-----+-----+-----+-----+-----+-----+-----+
5 |     |     |  ♖  |  ♟  |  ♖  |  ♙  |     |  ♙  |
  +-----+-----+-----+-----+-----+-----+-----+-----+
4 |  ♙  |     |     |  ♙  |     |     |     |     |
  +-----+-----+-----+-----+-----+-----+-----+-----+
3 |     |  ♕  |     |     |     |  ♙  |  ♙  |  ♔  |
  +-----+-----+-----+-----+-----+-----+-----+-----+
2 |     |     |     |     |     |     |     |     |
  +-----+-----+-----+-----+-----+-----+-----+-----+
1 |     |     |     |     |     |     |     |     |
  +-----+-----+-----+-----+-----+-----+-----+-----+
Blanc : 
     a     b     c     d     e     f     g     h    
  +-----+-----+-----+-----+-----+-----+-----+-----+
8 |     |     |     |  ♜  |     |     |     |  ♚  |
  +-----+-----+-----+-----+-----+-----+-----+-----+
7 |     |     |     |  ♜  |     |  ♟  |  ♟  |     |
  +-----+-----+-----+-----+-----+-----+-----+-----+
6 |  ♟  |     |     |  ♛  |     |     |     |  ♟  |
  +-----+-----+-----+-----+-----+-----+-----+-----+
5 |     |     |  ♖  |  ♟  |  ♖  |  ♙  |     |  ♙  |
  +-----+-----+-----+-----+-----+-----+-----+-----+
4 |  ♙  |     |     |  ♙  |     |     |     |     |
  +-----+-----+-----+-----+-----+-----+-----+-----+
3 |     |  ♕  |     |     |     |  ♙  |  ♙  |     |
  +-----+-----+-----+-----+-----+-----+-----+-----+
2 |     |     |     |     |     |     |  ♔  |     |
  +-----+-----+-----+-----+-----+-----+-----+-----+
1 |     |     |     |     |     |     |     |     |
  +-----+-----+-----+-----+-----+-----+-----+-----+
Noir : 
     a     b     c     d     e     f     g     h    
  +-----+-----+-----+-----+-----+-----+-----+-----+
8 |     |     |     |  ♜  |     |     |     |     |
  +-----+-----+-----+-----+-----+-----+-----+-----+
7 |     |     |     |  ♜  |     |  ♟  |  ♟  |  ♚  |
  +-----+-----+-----+-----+-----+-----+-----+-----+
6 |  ♟  |     |     |  ♛  |     |     |     |  ♟  |
  +-----+-----+-----+-----+-----+-----+-----+-----+
5 |     |     |  ♖  |  ♟  |  ♖  |  ♙  |     |  ♙  |
  +-----+-----+-----+-----+-----+-----+-----+-----+
4 |  ♙  |     |     |  ♙  |     |     |     |     |
  +-----+-----+-----+-----+-----+-----+-----+-----+
3 |     |  ♕  |     |     |     |  ♙  |  ♙  |     |
  +-----+-----+-----+-----+-----+-----+-----+-----+
2 |     |     |     |     |     |     |  ♔  |     |
  +-----+-----+-----+-----+-----+-----+-----+-----+
1 |     |     |     |     |     |     |     |     |
  +-----+-----+-----+-----+-----+-----+-----+-----+
Blanc : 
     a     b     c     d     e     f     g     h    
  +-----+-----+-----+-----+-----+-----+-----+-----+
8 |     |     |     |  ♜  |     |     |     |     |
  +-----+-----+-----+-----+-----+-----+-----+-----+
7 |     |     |     |  ♜  |     |  ♟  |  ♟  |  ♚  |
  +-----+-----+-----+-----+-----+-----+-----+-----+
6 |  ♟  |     |     |  ♛  |     |     |     |  ♟  |
  +-----+-----+-----+-----+-----+-----+-----+-----+
5 |     |     |  ♖  |  ♟  |  ♖  |  ♙  |     |  ♙  |
  +-----+-----+-----+-----+-----+-----+-----+-----+
4 |  ♙  |     |     |  ♙  |     |     |     |     |
  +-----+-----+-----+-----+-----+-----+-----+-----+
3 |     |  ♕  |     |     |     |  ♙  |  ♙  |     |
  +-----+-----+-----+-----+-----+-----+-----+-----+
2 |     |     |     |     |     |     |     |  ♔  |
  +-----+-----+-----+-----+-----+-----+-----+-----+
1 |     |     |     |     |     |     |     |     |
  +-----+-----+-----+-----+-----+-----+-----+-----+
Noir : 
     a     b     c     d     e     f     g     h    
  +-----+-----+-----+-----+-----+-----+-----+-----+
8 |     |     |     |  ♜  |     |     |  ♚  |     |
  +-----+-----+-----+-----+-----+-----+-----+-----+
7 |     |     |     |  ♜  |     |  ♟  |  ♟  |     |
  +-----+-----+-----+-----+-----+-----+-----+-----+
6 |  ♟  |     |     |  ♛  |     |     |     |  ♟  |
  +-----+-----+-----+-----+-----+-----+-----+-----+
5 |     |     |  ♖  |  ♟  |  ♖  |  ♙  |     |  ♙  |
  +-----+-----+-----+-----+-----+-----+-----+-----+
4 |  ♙  |     |     |  ♙  |     |     |     |     |
  +-----+-----+-----+-----+-----+-----+-----+-----+
3 |     |  ♕  |     |     |     |  ♙  |  ♙  |     |
  +-----+-----+-----+-----+-----+-----+-----+-----+
2 |     |     |     |     |     |     |     |  ♔  |
  +-----+-----+-----+-----+-----+-----+-----+-----+
1 |     |     |     |     |     |     |     |     |
  +-----+-----+-----+-----+-----+-----+-----+-----+
Blanc : 
     a     b     c     d     e     f     g     h    
  +-----+-----+-----+-----+-----+-----+-----+-----+
8 |     |     |     |  ♜  |     |     |  ♚  |     |
  +-----+-----+-----+-----+-----+-----+-----+-----+
7 |     |     |     |  ♜  |     |  ♟  |  ♟  |     |
  +-----+-----+-----+-----+-----+-----+-----+-----+
6 |  ♟  |     |     |  ♛  |     |     |     |  ♟  |
  +-----+-----+-----+-----+-----+-----+-----+-----+
5 |     |     |  ♖  |  ♟  |  ♖  |  ♙  |     |  ♙  |
  +-----+-----+-----+-----+-----+-----+-----+-----+
4 |  ♙  |     |     |  ♙  |     |     |     |     |
  +-----+-----+-----+-----+-----+-----+-----+-----+
3 |     |  ♕  |     |     |     |  ♙  |  ♙  |  ♔  |
  +-----+-----+-----+-----+-----+-----+-----+-----+
2 |     |     |     |     |     |     |     |     |
  +-----+-----+-----+-----+-----+-----+-----+-----+
1 |     |     |     |     |     |     |     |     |
  +-----+-----+-----+-----+-----+-----+-----+-----+
Noir : 
     a     b     c     d     e     f     g     h    
  +-----+-----+-----+-----+-----+-----+-----+-----+
8 |     |     |     |  ♜  |     |     |     |  ♚  |
  +-----+-----+-----+-----+-----+-----+-----+-----+
7 |     |     |     |  ♜  |     |  ♟  |  ♟  |     |
  +-----+-----+-----+-----+-----+-----+-----+-----+
6 |  ♟  |     |     |  ♛  |     |     |     |  ♟  |
  +-----+-----+-----+-----+-----+-----+-----+-----+
5 |     |     |  ♖  |  ♟  |  ♖  |  ♙  |     |  ♙  |
  +-----+-----+-----+-----+-----+-----+-----+-----+
4 |  ♙  |     |     |  ♙  |     |     |     |     |
  +-----+-----+-----+-----+-----+-----+-----+-----+
3 |     |  ♕  |     |     |     |  ♙  |  ♙  |  ♔  |
  +-----+-----+-----+-----+-----+-----+-----+-----+
2 |     |     |     |     |     |     |     |     |
  +-----+-----+-----+-----+-----+-----+-----+-----+
1 |     |     |     |     |     |     |     |     |
  +-----+-----+-----+-----+-----+-----+-----+-----+
Blanc : 
     a     b     c     d     e     f     g     h    
  +-----+-----+-----+-----+-----+-----+-----+-----+
8 |     |     |     |  ♜  |     |     |     |  ♚  |
  +-----+-----+-----+-----+-----+-----+-----+-----+
7 |     |     |     |  ♜  |     |  ♟  |  ♟  |     |
  +-----+-----+-----+-----+-----+-----+-----+-----+
6 |  ♟  |     |     |  ♛  |     |     |     |  ♟  |
  +-----+-----+-----+-----+-----+-----+-----+-----+
5 |     |     |  ♖  |  ♟  |  ♖  |  ♙  |     |  ♙  |
  +-----+-----+-----+-----+-----+-----+-----+-----+
4 |  ♙  |     |     |  ♙  |     |     |     |     |
  +-----+-----+-----+-----+-----+-----+-----+-----+
3 |     |  ♕  |     |     |     |  ♙  |  ♙  |     |
  +-----+-----+-----+-----+-----+-----+-----+-----+
2 |     |     |     |     |     |     |     |  ♔  |
  +-----+-----+-----+-----+-----+-----+-----+-----+
1 |     |     |     |     |     |     |     |     |
  +-----+-----+-----+-----+-----+-----+-----+-----+
Noir : 
     a     b     c     d     e     f     g     h    
  +-----+-----+-----+-----+-----+-----+-----+-----+
8 |     |     |     |  ♜  |     |     |  ♚  |     |
  +-----+-----+-----+-----+-----+-----+-----+-----+
7 |     |     |     |  ♜  |     |  ♟  |  ♟  |     |
  +-----+-----+-----+-----+-----+-----+-----+-----+
6 |  ♟  |     |     |  ♛  |     |     |     |  ♟  |
  +-----+-----+-----+-----+-----+-----+-----+-----+
5 |     |     |  ♖  |  ♟  |  ♖  |  ♙  |     |  ♙  |
  +-----+-----+-----+-----+-----+-----+-----+-----+
4 |  ♙  |     |     |  ♙  |     |     |     |     |
  +-----+-----+-----+-----+-----+-----+-----+-----+
3 |     |  ♕  |     |     |     |  ♙  |  ♙  |     |
  +-----+-----+-----+-----+-----+-----+-----+-----+
2 |     |     |     |     |     |     |     |  ♔  |
  +-----+-----+-----+-----+-----+-----+-----+-----+
1 |     |     |     |     |     |     |     |     |
  +-----+-----+-----+-----+-----+-----+-----+-----+
Blanc : 
     a     b     c     d     e     f     g     h    
  +-----+-----+-----+-----+-----+-----+-----+-----+
8 |     |     |     |  ♜  |     |     |  ♚  |     |
  +-----+-----+-----+-----+-----+-----+-----+-----+
7 |     |     |     |  ♜  |     |  ♟  |  ♟  |     |
  +-----+-----+-----+-----+-----+-----+-----+-----+
6 |  ♟  |     |     |  ♛  |     |     |     |  ♟  |
  +-----+-----+-----+-----+-----+-----+-----+-----+
5 |     |     |  ♖  |  ♟  |  ♖  |  ♙  |     |  ♙  |
  +-----+-----+-----+-----+-----+-----+-----+-----+
4 |  ♙  |     |     |  ♙  |     |     |     |     |
  +-----+-----+-----+-----+-----+-----+-----+-----+
3 |     |  ♕  |     |     |     |  ♙  |  ♙  |     |
  +-----+-----+-----+-----+-----+-----+-----+-----+
2 |     |     |     |     |     |     |  ♔  |     |
  +-----+-----+-----+-----+-----+-----+-----+-----+
1 |     |     |     |     |     |     |     |     |
  +-----+-----+-----+-----+-----+-----+-----+-----+
Noir : 
     a     b     c     d     e     f     g     h    
  +-----+-----+-----+-----+-----+-----+-----+-----+
8 |     |     |     |  ♜  |     |     |     |     |
  +-----+-----+-----+-----+-----+-----+-----+-----+
7 |     |     |     |  ♜  |     |  ♟  |  ♟  |  ♚  |
  +-----+-----+-----+-----+-----+-----+-----+-----+
6 |  ♟  |     |     |  ♛  |     |     |     |  ♟  |
  +-----+-----+-----+-----+-----+-----+-----+-----+
5 |     |     |  ♖  |  ♟  |  ♖  |  ♙  |     |  ♙  |
  +-----+-----+-----+-----+-----+-----+-----+-----+
4 |  ♙  |     |     |  ♙  |     |     |     |     |
  +-----+-----+-----+-----+-----+-----+-----+-----+
3 |     |  ♕  |     |     |     |  ♙  |  ♙  |     |
  +-----+-----+-----+-----+-----+-----+-----+-----+
2 |     |     |     |     |     |     |  ♔  |     |
  +-----+-----+-----+-----+-----+-----+-----+-----+
1 |     |     |     |     |     |     |     |     |
  +-----+-----+-----+-----+-----+-----+-----+-----+
Blanc : 
     a     b     c     d     e     f     g     h    
  +-----+-----+-----+-----+-----+-----+-----+-----+
8 |     |     |     |  ♜  |     |     |     |     |
  +-----+-----+-----+-----+-----+-----+-----+-----+
7 |     |     |     |  ♜  |     |  ♟  |  ♟  |  ♚  |
  +-----+-----+-----+-----+-----+-----+-----+-----+
6 |  ♟  |     |     |  ♛  |     |     |     |  ♟  |
  +-----+-----+-----+-----+-----+-----+-----+-----+
5 |  ♙  |     |  ♖  |  ♟  |  ♖  |  ♙  |     |  ♙  |
  +-----+-----+-----+-----+-----+-----+-----+-----+
4 |     |     |     |  ♙  |     |     |     |     |
  +-----+-----+-----+-----+-----+-----+-----+-----+
3 |     |  ♕  |     |     |     |  ♙  |  ♙  |     |
  +-----+-----+-----+-----+-----+-----+-----+-----+
2 |     |     |     |     |     |     |  ♔  |     |
  +-----+-----+-----+-----+-----+-----+-----+-----+
1 |     |     |     |     |     |     |     |     |
  +-----+-----+-----+-----+-----+-----+-----+-----+
Noir : 
     a     b     c     d     e     f     g     h    
  +-----+-----+-----+-----+-----+-----+-----+-----+
8 |     |     |     |  ♜  |     |     |  ♚  |     |
  +-----+-----+-----+-----+-----+-----+-----+-----+
7 |     |     |     |  ♜  |     |  ♟  |  ♟  |     |
  +-----+-----+-----+-----+-----+-----+-----+-----+
6 |  ♟  |     |     |  ♛  |     |     |     |  ♟  |
  +-----+-----+-----+-----+-----+-----+-----+-----+
5 |  ♙  |     |  ♖  |  ♟  |  ♖  |  ♙  |     |  ♙  |
  +-----+-----+-----+-----+-----+-----+-----+-----+
4 |     |     |     |  ♙  |     |     |     |     |
  +-----+-----+-----+-----+-----+-----+-----+-----+
3 |     |  ♕  |     |     |     |  ♙  |  ♙  |     |
  +-----+-----+-----+-----+-----+-----+-----+-----+
2 |     |     |     |     |     |     |  ♔  |     |
  +-----+-----+-----+-----+-----+-----+-----+-----+
1 |     |     |     |     |     |     |     |     |
  +-----+-----+-----+-----+-----+-----+-----+-----+
Blanc : 
     a     b     c     d     e     f     g     h    
  +-----+-----+-----+-----+-----+-----+-----+-----+
8 |     |     |     |  ♜  |     |     |  ♚  |     |
  +-----+-----+-----+-----+-----+-----+-----+-----+
7 |     |     |     |  ♜  |     |  ♟  |  ♟  |     |
  +-----+-----+-----+-----+-----+-----+-----+-----+
6 |  ♟  |     |     |  ♛  |     |     |     |  ♟  |
  +-----+-----+-----+-----+-----+-----+-----+-----+
5 |  ♙  |     |  ♖  |  ♟  |  ♖  |  ♙  |     |  ♙  |
  +-----+-----+-----+-----+-----+-----+-----+-----+
4 |     |     |     |  ♙  |     |     |     |     |
  +-----+-----+-----+-----+-----+-----+-----+-----+
3 |     |     |     |     |     |  ♙  |  ♙  |     |
  +-----+-----+-----+-----+-----+-----+-----+-----+
2 |  ♕  |     |     |     |     |     |  ♔  |     |
  +-----+-----+-----+-----+-----+-----+-----+-----+
1 |     |     |     |     |     |     |     |     |
  +-----+-----+-----+-----+-----+-----+-----+-----+
Noir : 
     a     b     c     d     e     f     g     h    
  +-----+-----+-----+-----+-----+-----+-----+-----+
8 |     |     |     |  ♜  |     |     |     |     |
  +-----+-----+-----+-----+-----+-----+-----+-----+
7 |     |     |     |  ♜  |     |  ♟  |  ♟  |  ♚  |
  +-----+-----+-----+-----+-----+-----+-----+-----+
6 |  ♟  |     |     |  ♛  |     |     |     |  ♟  |
  +-----+-----+-----+-----+-----+-----+-----+-----+
5 |  ♙  |     |  ♖  |  ♟  |  ♖  |  ♙  |     |  ♙  |
  +-----+-----+-----+-----+-----+-----+-----+-----+
4 |     |     |     |  ♙  |     |     |     |     |
  +-----+-----+-----+-----+-----+-----+-----+-----+
3 |     |     |     |     |     |  ♙  |  ♙  |     |
  +-----+-----+-----+-----+-----+-----+-----+-----+
2 |  ♕  |     |     |     |     |     |  ♔  |     |
  +-----+-----+-----+-----+-----+-----+-----+-----+
1 |     |     |     |     |     |     |     |     |
  +-----+-----+-----+-----+-----+-----+-----+-----+
Blanc : 
     a     b     c     d     e     f     g     h    
  +-----+-----+-----+-----+-----+-----+-----+-----+
8 |     |     |     |  ♜  |     |     |     |     |
  +-----+-----+-----+-----+-----+-----+-----+-----+
7 |     |     |     |  ♜  |     |  ♟  |  ♟  |  ♚  |
  +-----+-----+-----+-----+-----+-----+-----+-----+
6 |  ♟  |     |     |  ♛  |     |     |     |  ♟  |
  +-----+-----+-----+-----+-----+-----+-----+-----+
5 |  ♙  |     |  ♖  |  ♟  |  ♖  |  ♙  |     |  ♙  |
  +-----+-----+-----+-----+-----+-----+-----+-----+
4 |     |     |     |  ♙  |     |     |     |     |
  +-----+-----+-----+-----+-----+-----+-----+-----+
3 |     |     |     |     |     |  ♙  |  ♙  |  ♔  |
  +-----+-----+-----+-----+-----+-----+-----+-----+
2 |  ♕  |     |     |     |     |     |     |     |
  +-----+-----+-----+-----+-----+-----+-----+-----+
1 |     |     |     |     |     |     |     |     |
  +-----+-----+-----+-----+-----+-----+-----+-----+
Noir : 
     a     b     c     d     e     f     g     h    
  +-----+-----+-----+-----+-----+-----+-----+-----+
8 |     |     |     |  ♜  |     |     |  ♚  |     |
  +-----+-----+-----+-----+-----+-----+-----+-----+
7 |     |     |     |  ♜  |     |  ♟  |  ♟  |     |
  +-----+-----+-----+-----+-----+-----+-----+-----+
6 |  ♟  |     |     |  ♛  |     |     |     |  ♟  |
  +-----+-----+-----+-----+-----+-----+-----+-----+
5 |  ♙  |     |  ♖  |  ♟  |  ♖  |  ♙  |     |  ♙  |
  +-----+-----+-----+-----+-----+-----+-----+-----+
4 |     |     |     |  ♙  |     |     |     |     |
  +-----+-----+-----+-----+-----+-----+-----+-----+
3 |     |     |     |     |     |  ♙  |  ♙  |  ♔  |
  +-----+-----+-----+-----+-----+-----+-----+-----+
2 |  ♕  |     |     |     |     |     |     |     |
  +-----+-----+-----+-----+-----+-----+-----+-----+
1 |     |     |     |     |     |     |     |     |
  +-----+-----+-----+-----+-----+-----+-----+-----+
Blanc : 
     a     b     c     d     e     f     g     h    
  +-----+-----+-----+-----+-----+-----+-----+-----+
8 |     |     |     |  ♜  |     |     |  ♚  |     |
  +-----+-----+-----+-----+-----+-----+-----+-----+
7 |     |     |     |  ♜  |     |  ♟  |  ♟  |     |
  +-----+-----+-----+-----+-----+-----+-----+-----+
6 |  ♟  |     |     |  ♛  |     |     |     |  ♟  |
  +-----+-----+-----+-----+-----+-----+-----+-----+
5 |  ♙  |     |  ♖  |  ♟  |  ♖  |  ♙  |     |  ♙  |
  +-----+-----+-----+-----+-----+-----+-----+-----+
4 |     |     |     |  ♙  |     |     |     |     |
  +-----+-----+-----+-----+-----+-----+-----+-----+
3 |     |     |     |     |     |  ♙  |  ♙  |     |
  +-----+-----+-----+-----+-----+-----+-----+-----+
2 |  ♕  |     |     |     |     |     |     |  ♔  |
  +-----+-----+-----+-----+-----+-----+-----+-----+
1 |     |     |     |     |     |     |     |     |
  +-----+-----+-----+-----+-----+-----+-----+-----+
Noir : 
     a     b     c     d     e     f     g     h    
  +-----+-----+-----+-----+-----+-----+-----+-----+
8 |     |     |     |  ♜  |     |     |     |     |
  +-----+-----+-----+-----+-----+-----+-----+-----+
7 |     |     |     |  ♜  |     |  ♟  |  ♟  |  ♚  |
  +-----+-----+-----+-----+-----+-----+-----+-----+
6 |  ♟  |     |     |  ♛  |     |     |     |  ♟  |
  +-----+-----+-----+-----+-----+-----+-----+-----+
5 |  ♙  |     |  ♖  |  ♟  |  ♖  |  ♙  |     |  ♙  |
  +-----+-----+-----+-----+-----+-----+-----+-----+
4 |     |     |     |  ♙  |     |     |     |     |
  +-----+-----+-----+-----+-----+-----+-----+-----+
3 |     |     |     |     |     |  ♙  |  ♙  |     |
  +-----+-----+-----+-----+-----+-----+-----+-----+
2 |  ♕  |     |     |     |     |     |     |  ♔  |
  +-----+-----+-----+-----+-----+-----+-----+-----+
1 |     |     |     |     |     |     |     |     |
  +-----+-----+-----+-----+-----+-----+-----+-----+
Blanc : 
     a     b     c     d     e     f     g     h    
  +-----+-----+-----+-----+-----+-----+-----+-----+
8 |     |     |     |  ♜  |     |     |     |     |
  +-----+-----+-----+-----+-----+-----+-----+-----+
7 |     |     |     |  ♜  |     |  ♟  |  ♟  |  ♚  |
  +-----+-----+-----+-----+-----+-----+-----+-----+
6 |  ♟  |     |     |  ♛  |     |     |     |  ♟  |
  +-----+-----+-----+-----+-----+-----+-----+-----+
5 |  ♙  |     |  ♖  |  ♟  |  ♖  |  ♙  |     |  ♙  |
  +-----+-----+-----+-----+-----+-----+-----+-----+
4 |     |     |     |  ♙  |     |     |     |     |
  +-----+-----+-----+-----+-----+-----+-----+-----+
3 |     |     |     |     |     |  ♙  |  ♙  |     |
  +-----+-----+-----+-----+-----+-----+-----+-----+
2 |  ♕  |     |     |     |     |     |  ♔  |     |
  +-----+-----+-----+-----+-----+-----+-----+-----+
1 |     |     |     |     |     |     |     |     |
  +-----+-----+-----+-----+-----+-----+-----+-----+
Noir : 
     a     b     c     d     e     f     g     h    
  +-----+-----+-----+-----+-----+-----+-----+-----+
8 |     |     |     |  ♜  |     |     |  ♚  |     |
  +-----+-----+-----+-----+-----+-----+-----+-----+
7 |     |     |     |  ♜  |     |  ♟  |  ♟  |     |
  +-----+-----+-----+-----+-----+-----+-----+-----+
6 |  ♟  |     |     |  ♛  |     |     |     |  ♟  |
  +-----+-----+-----+-----+-----+-----+-----+-----+
5 |  ♙  |     |  ♖  |  ♟  |  ♖  |  ♙  |     |  ♙  |
  +-----+-----+-----+-----+-----+-----+-----+-----+
4 |     |     |     |  ♙  |     |     |     |     |
  +-----+-----+-----+-----+-----+-----+-----+-----+
3 |     |     |     |     |     |  ♙  |  ♙  |     |
  +-----+-----+-----+-----+-----+-----+-----+-----+
2 |  ♕  |     |     |     |     |     |  ♔  |     |
  +-----+-----+-----+-----+-----+-----+-----+-----+
1 |     |     |     |     |     |     |     |     |
  +-----+-----+-----+-----+-----+-----+-----+-----+
Blanc : 
     a     b     c     d     e     f     g     h    
  +-----+-----+-----+-----+-----+-----+-----+-----+
8 |     |     |     |  ♜  |     |     |  ♚  |     |
  +-----+-----+-----+-----+-----+-----+-----+-----+
7 |     |     |     |  ♜  |     |  ♟  |  ♟  |     |
  +-----+-----+-----+-----+-----+-----+-----+-----+
6 |  ♟  |     |     |  ♛  |     |     |     |  ♟  |
  +-----+-----+-----+-----+-----+-----+-----+-----+
5 |  ♙  |     |  ♖  |  ♟  |  ♖  |  ♙  |     |  ♙  |
  +-----+-----+-----+-----+-----+-----+-----+-----+
4 |     |     |     |  ♙  |     |     |     |     |
  +-----+-----+-----+-----+-----+-----+-----+-----+
3 |     |     |     |     |     |  ♙  |  ♙  |     |
  +-----+-----+-----+-----+-----+-----+-----+-----+
2 |  ♕  |     |     |     |     |     |     |  ♔  |
  +-----+-----+-----+-----+-----+-----+-----+-----+
1 |     |     |     |     |     |     |     |     |
  +-----+-----+-----+-----+-----+-----+-----+-----+
Noir : 
     a     b     c     d     e     f     g     h    
  +-----+-----+-----+-----+-----+-----+-----+-----+
8 |     |     |     |  ♜  |     |     |     |     |
  +-----+-----+-----+-----+-----+-----+-----+-----+
7 |     |     |     |  ♜  |     |  ♟  |  ♟  |  ♚  |
  +-----+-----+-----+-----+-----+-----+-----+-----+
6 |  ♟  |     |     |  ♛  |     |     |     |  ♟  |
  +-----+-----+-----+-----+-----+-----+-----+-----+
5 |  ♙  |     |  ♖  |  ♟  |  ♖  |  ♙  |     |  ♙  |
  +-----+-----+-----+-----+-----+-----+-----+-----+
4 |     |     |     |  ♙  |     |     |     |     |
  +-----+-----+-----+-----+-----+-----+-----+-----+
3 |     |     |     |     |     |  ♙  |  ♙  |     |
  +-----+-----+-----+-----+-----+-----+-----+-----+
2 |  ♕  |     |     |     |     |     |     |  ♔  |
  +-----+-----+-----+-----+-----+-----+-----+-----+
1 |     |     |     |     |     |     |     |     |
  +-----+-----+-----+-----+-----+-----+-----+-----+
Blanc : 
     a     b     c     d     e     f     g     h    
  +-----+-----+-----+-----+-----+-----+-----+-----+
8 |     |     |     |  ♜  |     |     |     |     |
  +-----+-----+-----+-----+-----+-----+-----+-----+
7 |     |     |     |  ♜  |     |  ♟  |  ♟  |  ♚  |
  +-----+-----+-----+-----+-----+-----+-----+-----+
6 |  ♟  |     |     |  ♛  |     |     |     |  ♟  |
  +-----+-----+-----+-----+-----+-----+-----+-----+
5 |  ♙  |     |  ♖  |  ♟  |  ♖  |  ♙  |     |  ♙  |
  +-----+-----+-----+-----+-----+-----+-----+-----+
4 |     |     |     |  ♙  |     |     |     |     |
  +-----+-----+-----+-----+-----+-----+-----+-----+
3 |     |     |     |     |     |  ♙  |  ♙  |  ♔  |
  +-----+-----+-----+-----+-----+-----+-----+-----+
2 |  ♕  |     |     |     |     |     |     |     |
  +-----+-----+-----+-----+-----+-----+-----+-----+
1 |     |     |     |     |     |     |     |     |
  +-----+-----+-----+-----+-----+-----+-----+-----+
Noir : 
     a     b     c     d     e     f     g     h    
  +-----+-----+-----+-----+-----+-----+-----+-----+
8 |     |     |     |  ♜  |     |     |  ♚  |     |
  +-----+-----+-----+-----+-----+-----+-----+-----+
7 |     |     |     |  ♜  |     |  ♟  |  ♟  |     |
  +-----+-----+-----+-----+-----+-----+-----+-----+
6 |  ♟  |     |     |  ♛  |     |     |     |  ♟  |
  +-----+-----+-----+-----+-----+-----+-----+-----+
5 |  ♙  |     |  ♖  |  ♟  |  ♖  |  ♙  |     |  ♙  |
  +-----+-----+-----+-----+-----+-----+-----+-----+
4 |     |     |     |  ♙  |     |     |     |     |
  +-----+-----+-----+-----+-----+-----+-----+-----+
3 |     |     |     |     |     |  ♙  |  ♙  |  ♔  |
  +-----+-----+-----+-----+-----+-----+-----+-----+
2 |  ♕  |     |     |     |     |     |     |     |
  +-----+-----+-----+-----+-----+-----+-----+-----+
1 |     |     |     |     |     |     |     |     |
  +-----+-----+-----+-----+-----+-----+-----+-----+
Blanc : 
     a     b     c     d     e     f     g     h    
  +-----+-----+-----+-----+-----+-----+-----+-----+
8 |     |     |     |  ♜  |     |     |  ♚  |     |
  +-----+-----+-----+-----+-----+-----+-----+-----+
7 |     |     |     |  ♜  |     |  ♟  |  ♟  |     |
  +-----+-----+-----+-----+-----+-----+-----+-----+
6 |  ♟  |     |     |  ♛  |     |     |     |  ♟  |
  +-----+-----+-----+-----+-----+-----+-----+-----+
5 |  ♙  |     |  ♖  |  ♟  |  ♖  |  ♙  |     |  ♙  |
  +-----+-----+-----+-----+-----+-----+-----+-----+
4 |     |     |     |  ♙  |     |     |     |     |
  +-----+-----+-----+-----+-----+-----+-----+-----+
3 |     |  ♕  |     |     |     |  ♙  |  ♙  |  ♔  |
  +-----+-----+-----+-----+-----+-----+-----+-----+
2 |     |     |     |     |     |     |     |     |
  +-----+-----+-----+-----+-----+-----+-----+-----+
1 |     |     |     |     |     |     |     |     |
  +-----+-----+-----+-----+-----+-----+-----+-----+
Noir : 
     a     b     c     d     e     f     g     h    
  +-----+-----+-----+-----+-----+-----+-----+-----+
8 |     |     |     |  ♜  |     |     |     |     |
  +-----+-----+-----+-----+-----+-----+-----+-----+
7 |     |     |     |  ♜  |     |  ♟  |  ♟  |  ♚  |
  +-----+-----+-----+-----+-----+-----+-----+-----+
6 |  ♟  |     |     |  ♛  |     |     |     |  ♟  |
  +-----+-----+-----+-----+-----+-----+-----+-----+
5 |  ♙  |     |  ♖  |  ♟  |  ♖  |  ♙  |     |  ♙  |
  +-----+-----+-----+-----+-----+-----+-----+-----+
4 |     |     |     |  ♙  |     |     |     |     |
  +-----+-----+-----+-----+-----+-----+-----+-----+
3 |     |  ♕  |     |     |     |  ♙  |  ♙  |  ♔  |
  +-----+-----+-----+-----+-----+-----+-----+-----+
2 |     |     |     |     |     |     |     |     |
  +-----+-----+-----+-----+-----+-----+-----+-----+
1 |     |     |     |     |     |     |     |     |
  +-----+-----+-----+-----+-----+-----+-----+-----+
Blanc : 
     a     b     c     d     e     f     g     h    
  +-----+-----+-----+-----+-----+-----+-----+-----+
8 |     |     |     |  ♜  |     |     |     |     |
  +-----+-----+-----+-----+-----+-----+-----+-----+
7 |     |     |     |  ♜  |     |  ♟  |  ♟  |  ♚  |
  +-----+-----+-----+-----+-----+-----+-----+-----+
6 |  ♟  |     |     |  ♛  |     |     |     |  ♟  |
  +-----+-----+-----+-----+-----+-----+-----+-----+
5 |  ♙  |     |  ♖  |  ♟  |  ♖  |  ♙  |     |  ♙  |
  +-----+-----+-----+-----+-----+-----+-----+-----+
4 |     |     |     |  ♙  |     |     |     |     |
  +-----+-----+-----+-----+-----+-----+-----+-----+
3 |     |  ♕  |     |     |     |  ♙  |  ♙  |     |
  +-----+-----+-----+-----+-----+-----+-----+-----+
2 |     |     |     |     |     |     |     |  ♔  |
  +-----+-----+-----+-----+-----+-----+-----+-----+
1 |     |     |     |     |     |     |     |     |
  +-----+-----+-----+-----+-----+-----+-----+-----+
Noir : 
     a     b     c     d     e     f     g     h    
  +-----+-----+-----+-----+-----+-----+-----+-----+
8 |     |     |     |  ♜  |     |     |  ♚  |     |
  +-----+-----+-----+-----+-----+-----+-----+-----+
7 |     |     |     |  ♜  |     |  ♟  |  ♟  |     |
  +-----+-----+-----+-----+-----+-----+-----+-----+
6 |  ♟  |     |     |  ♛  |     |     |     |  ♟  |
  +-----+-----+-----+-----+-----+-----+-----+-----+
5 |  ♙  |     |  ♖  |  ♟  |  ♖  |  ♙  |     |  ♙  |
  +-----+-----+-----+-----+-----+-----+-----+-----+
4 |     |     |     |  ♙  |     |     |     |     |
  +-----+-----+-----+-----+-----+-----+-----+-----+
3 |     |  ♕  |     |     |     |  ♙  |  ♙  |     |
  +-----+-----+-----+-----+-----+-----+-----+-----+
2 |     |     |     |     |     |     |     |  ♔  |
  +-----+-----+-----+-----+-----+-----+-----+-----+
1 |     |     |     |     |     |     |     |     |
  +-----+-----+-----+-----+-----+-----+-----+-----+
Blanc : 
     a     b     c     d     e     f     g     h    
  +-----+-----+-----+-----+-----+-----+-----+-----+
8 |     |     |     |  ♜  |     |     |  ♚  |     |
  +-----+-----+-----+-----+-----+-----+-----+-----+
7 |     |     |     |  ♜  |     |  ♟  |  ♟  |     |
  +-----+-----+-----+-----+-----+-----+-----+-----+
6 |  ♟  |     |     |  ♛  |     |     |     |  ♟  |
  +-----+-----+-----+-----+-----+-----+-----+-----+
5 |  ♙  |     |  ♖  |  ♟  |  ♖  |  ♙  |     |  ♙  |
  +-----+-----+-----+-----+-----+-----+-----+-----+
4 |     |     |     |  ♙  |     |     |     |     |
  +-----+-----+-----+-----+-----+-----+-----+-----+
3 |     |  ♕  |     |     |     |  ♙  |  ♙  |  ♔  |
  +-----+-----+-----+-----+-----+-----+-----+-----+
2 |     |     |     |     |     |     |     |     |
  +-----+-----+-----+-----+-----+-----+-----+-----+
1 |     |     |     |     |     |     |     |     |
  +-----+-----+-----+-----+-----+-----+-----+-----+
Noir : 
     a     b     c     d     e     f     g     h    
  +-----+-----+-----+-----+-----+-----+-----+-----+
8 |     |     |     |  ♜  |     |     |  ♚  |     |
  +-----+-----+-----+-----+-----+-----+-----+-----+
7 |     |     |     |  ♜  |     |  ♟  |  ♟  |     |
  +-----+-----+-----+-----+-----+-----+-----+-----+
6 |  ♟  |     |     |     |     |  ♛  |     |  ♟  |
  +-----+-----+-----+-----+-----+-----+-----+-----+
5 |  ♙  |     |  ♖  |  ♟  |  ♖  |  ♙  |     |  ♙  |
  +-----+-----+-----+-----+-----+-----+-----+-----+
4 |     |     |     |  ♙  |     |     |     |     |
  +-----+-----+-----+-----+-----+-----+-----+-----+
3 |     |  ♕  |     |     |     |  ♙  |  ♙  |  ♔  |
  +-----+-----+-----+-----+-----+-----+-----+-----+
2 |     |     |     |     |     |     |     |     |
  +-----+-----+-----+-----+-----+-----+-----+-----+
1 |     |     |     |     |     |     |     |     |
  +-----+-----+-----+-----+-----+-----+-----+-----+
Blanc : 
     a     b     c     d     e     f     g     h    
  +-----+-----+-----+-----+-----+-----+-----+-----+
8 |     |     |     |  ♜  |     |     |  ♚  |     |
  +-----+-----+-----+-----+-----+-----+-----+-----+
7 |     |     |     |  ♜  |     |  ♟  |  ♟  |     |
  +-----+-----+-----+-----+-----+-----+-----+-----+
6 |  ♟  |     |     |     |     |  ♛  |     |  ♟  |
  +-----+-----+-----+-----+-----+-----+-----+-----+
5 |  ♙  |     |     |  ♖  |  ♖  |  ♙  |     |  ♙  |
  +-----+-----+-----+-----+-----+-----+-----+-----+
4 |     |     |     |  ♙  |     |     |     |     |
  +-----+-----+-----+-----+-----+-----+-----+-----+
3 |     |  ♕  |     |     |     |  ♙  |  ♙  |  ♔  |
  +-----+-----+-----+-----+-----+-----+-----+-----+
2 |     |     |     |     |     |     |     |     |
  +-----+-----+-----+-----+-----+-----+-----+-----+
1 |     |     |     |     |     |     |     |     |
  +-----+-----+-----+-----+-----+-----+-----+-----+
Noir : 
     a     b     c     d     e     f     g     h    
  +-----+-----+-----+-----+-----+-----+-----+-----+
8 |     |     |     |  ♜  |     |     |  ♚  |     |
  +-----+-----+-----+-----+-----+-----+-----+-----+
7 |     |     |     |  ♜  |     |  ♟  |  ♟  |     |
  +-----+-----+-----+-----+-----+-----+-----+-----+
6 |  ♟  |     |  ♛  |     |     |     |     |  ♟  |
  +-----+-----+-----+-----+-----+-----+-----+-----+
5 |  ♙  |     |     |  ♖  |  ♖  |  ♙  |     |  ♙  |
  +-----+-----+-----+-----+-----+-----+-----+-----+
4 |     |     |     |  ♙  |     |     |     |     |
  +-----+-----+-----+-----+-----+-----+-----+-----+
3 |     |  ♕  |     |     |     |  ♙  |  ♙  |  ♔  |
  +-----+-----+-----+-----+-----+-----+-----+-----+
2 |     |     |     |     |     |     |     |     |
  +-----+-----+-----+-----+-----+-----+-----+-----+
1 |     |     |     |     |     |     |     |     |
  +-----+-----+-----+-----+-----+-----+-----+-----+
Blanc : 
     a     b     c     d     e     f     g     h    
  +-----+-----+-----+-----+-----+-----+-----+-----+
8 |     |     |     |  ♜  |     |     |  ♚  |     |
  +-----+-----+-----+-----+-----+-----+-----+-----+
7 |     |     |     |  ♖  |     |  ♟  |  ♟  |     |
  +-----+-----+-----+-----+-----+-----+-----+-----+
6 |  ♟  |     |  ♛  |     |     |     |     |  ♟  |
  +-----+-----+-----+-----+-----+-----+-----+-----+
5 |  ♙  |     |     |     |  ♖  |  ♙  |     |  ♙  |
  +-----+-----+-----+-----+-----+-----+-----+-----+
4 |     |     |     |  ♙  |     |     |     |     |
  +-----+-----+-----+-----+-----+-----+-----+-----+
3 |     |  ♕  |     |     |     |  ♙  |  ♙  |  ♔  |
  +-----+-----+-----+-----+-----+-----+-----+-----+
2 |     |     |     |     |     |     |     |     |
  +-----+-----+-----+-----+-----+-----+-----+-----+
1 |     |     |     |     |     |     |     |     |
  +-----+-----+-----+-----+-----+-----+-----+-----+
Noir : 
     a     b     c     d     e     f     g     h    
  +-----+-----+-----+-----+-----+-----+-----+-----+
8 |     |     |     |  ♜  |     |     |  ♚  |     |
  +-----+-----+-----+-----+-----+-----+-----+-----+
7 |     |     |     |  ♛  |     |  ♟  |  ♟  |     |
  +-----+-----+-----+-----+-----+-----+-----+-----+
6 |  ♟  |     |     |     |     |     |     |  ♟  |
  +-----+-----+-----+-----+-----+-----+-----+-----+
5 |  ♙  |     |     |     |  ♖  |  ♙  |     |  ♙  |
  +-----+-----+-----+-----+-----+-----+-----+-----+
4 |     |     |     |  ♙  |     |     |     |     |
  +-----+-----+-----+-----+-----+-----+-----+-----+
3 |     |  ♕  |     |     |     |  ♙  |  ♙  |  ♔  |
  +-----+-----+-----+-----+-----+-----+-----+-----+
2 |     |     |     |     |     |     |     |     |
  +-----+-----+-----+-----+-----+-----+-----+-----+
1 |     |     |     |     |     |     |     |     |
  +-----+-----+-----+-----+-----+-----+-----+-----+
Blanc : 
     a     b     c     d     e     f     g     h    
  +-----+-----+-----+-----+-----+-----+-----+-----+
8 |     |     |     |  ♜  |     |     |  ♚  |     |
  +-----+-----+-----+-----+-----+-----+-----+-----+
7 |     |     |     |  ♛  |     |  ♟  |  ♟  |     |
  +-----+-----+-----+-----+-----+-----+-----+-----+
6 |  ♟  |  ♕  |     |     |     |     |     |  ♟  |
  +-----+-----+-----+-----+-----+-----+-----+-----+
5 |  ♙  |     |     |     |  ♖  |  ♙  |     |  ♙  |
  +-----+-----+-----+-----+-----+-----+-----+-----+
4 |     |     |     |  ♙  |     |     |     |     |
  +-----+-----+-----+-----+-----+-----+-----+-----+
3 |     |     |     |     |     |  ♙  |  ♙  |  ♔  |
  +-----+-----+-----+-----+-----+-----+-----+-----+
2 |     |     |     |     |     |     |     |     |
  +-----+-----+-----+-----+-----+-----+-----+-----+
1 |     |     |     |     |     |     |     |     |
  +-----+-----+-----+-----+-----+-----+-----+-----+
Noir : 
     a     b     c     d     e     f     g     h    
  +-----+-----+-----+-----+-----+-----+-----+-----+
8 |     |     |     |  ♜  |     |     |     |     |
  +-----+-----+-----+-----+-----+-----+-----+-----+
7 |     |     |     |  ♛  |     |  ♟  |  ♟  |  ♚  |
  +-----+-----+-----+-----+-----+-----+-----+-----+
6 |  ♟  |  ♕  |     |     |     |     |     |  ♟  |
  +-----+-----+-----+-----+-----+-----+-----+-----+
5 |  ♙  |     |     |     |  ♖  |  ♙  |     |  ♙  |
  +-----+-----+-----+-----+-----+-----+-----+-----+
4 |     |     |     |  ♙  |     |     |     |     |
  +-----+-----+-----+-----+-----+-----+-----+-----+
3 |     |     |     |     |     |  ♙  |  ♙  |  ♔  |
  +-----+-----+-----+-----+-----+-----+-----+-----+
2 |     |     |     |     |     |     |     |     |
  +-----+-----+-----+-----+-----+-----+-----+-----+
1 |     |     |     |     |     |     |     |     |
  +-----+-----+-----+-----+-----+-----+-----+-----+
Blanc : 
     a     b     c     d     e     f     g     h    
  +-----+-----+-----+-----+-----+-----+-----+-----+
8 |     |     |     |  ♜  |     |     |     |     |
  +-----+-----+-----+-----+-----+-----+-----+-----+
7 |     |     |     |  ♛  |     |  ♟  |  ♟  |  ♚  |
  +-----+-----+-----+-----+-----+-----+-----+-----+
6 |  ♟  |  ♕  |     |     |     |     |     |  ♟  |
  +-----+-----+-----+-----+-----+-----+-----+-----+
5 |  ♙  |     |     |     |  ♖  |  ♙  |     |  ♙  |
  +-----+-----+-----+-----+-----+-----+-----+-----+
4 |     |     |     |  ♙  |     |     |  ♙  |     |
  +-----+-----+-----+-----+-----+-----+-----+-----+
3 |     |     |     |     |     |  ♙  |     |  ♔  |
  +-----+-----+-----+-----+-----+-----+-----+-----+
2 |     |     |     |     |     |     |     |     |
  +-----+-----+-----+-----+-----+-----+-----+-----+
1 |     |     |     |     |     |     |     |     |
  +-----+-----+-----+-----+-----+-----+-----+-----+
Noir : 
     a     b     c     d     e     f     g     h    
  +-----+-----+-----+-----+-----+-----+-----+-----+
8 |     |     |     |  ♜  |     |     |     |     |
  +-----+-----+-----+-----+-----+-----+-----+-----+
7 |     |     |     |  ♛  |     |     |  ♟  |  ♚  |
  +-----+-----+-----+-----+-----+-----+-----+-----+
6 |  ♟  |  ♕  |     |     |     |  ♟  |     |  ♟  |
  +-----+-----+-----+-----+-----+-----+-----+-----+
5 |  ♙  |     |     |     |  ♖  |  ♙  |     |  ♙  |
  +-----+-----+-----+-----+-----+-----+-----+-----+
4 |     |     |     |  ♙  |     |     |  ♙  |     |
  +-----+-----+-----+-----+-----+-----+-----+-----+
3 |     |     |     |     |     |  ♙  |     |  ♔  |
  +-----+-----+-----+-----+-----+-----+-----+-----+
2 |     |     |     |     |     |     |     |     |
  +-----+-----+-----+-----+-----+-----+-----+-----+
1 |     |     |     |     |     |     |     |     |
  +-----+-----+-----+-----+-----+-----+-----+-----+
Blanc : 
     a     b     c     d     e     f     g     h    
  +-----+-----+-----+-----+-----+-----+-----+-----+
8 |     |     |     |  ♜  |     |     |     |     |
  +-----+-----+-----+-----+-----+-----+-----+-----+
7 |     |     |     |  ♛  |     |     |  ♟  |  ♚  |
  +-----+-----+-----+-----+-----+-----+-----+-----+
6 |  ♟  |  ♕  |     |     |     |  ♟  |     |  ♟  |
  +-----+-----+-----+-----+-----+-----+-----+-----+
5 |  ♙  |     |     |     |     |  ♙  |     |  ♙  |
  +-----+-----+-----+-----+-----+-----+-----+-----+
4 |     |     |     |  ♙  |  ♖  |     |  ♙  |     |
  +-----+-----+-----+-----+-----+-----+-----+-----+
3 |     |     |     |     |     |  ♙  |     |  ♔  |
  +-----+-----+-----+-----+-----+-----+-----+-----+
2 |     |     |     |     |     |     |     |     |
  +-----+-----+-----+-----+-----+-----+-----+-----+
1 |     |     |     |     |     |     |     |     |
  +-----+-----+-----+-----+-----+-----+-----+-----+
Noir : 
     a     b     c     d     e     f     g     h    
  +-----+-----+-----+-----+-----+-----+-----+-----+
8 |     |     |  ♛  |  ♜  |     |     |     |     |
  +-----+-----+-----+-----+-----+-----+-----+-----+
7 |     |     |     |     |     |     |  ♟  |  ♚  |
  +-----+-----+-----+-----+-----+-----+-----+-----+
6 |  ♟  |  ♕  |     |     |     |  ♟  |     |  ♟  |
  +-----+-----+-----+-----+-----+-----+-----+-----+
5 |  ♙  |     |     |     |     |  ♙  |     |  ♙  |
  +-----+-----+-----+-----+-----+-----+-----+-----+
4 |     |     |     |  ♙  |  ♖  |     |  ♙  |     |
  +-----+-----+-----+-----+-----+-----+-----+-----+
3 |     |     |     |     |     |  ♙  |     |  ♔  |
  +-----+-----+-----+-----+-----+-----+-----+-----+
2 |     |     |     |     |     |     |     |     |
  +-----+-----+-----+-----+-----+-----+-----+-----+
1 |     |     |     |     |     |     |     |     |
  +-----+-----+-----+-----+-----+-----+-----+-----+
Blanc : 
     a     b     c     d     e     f     g     h    
  +-----+-----+-----+-----+-----+-----+-----+-----+
8 |     |     |  ♛  |  ♜  |     |     |     |     |
  +-----+-----+-----+-----+-----+-----+-----+-----+
7 |     |     |     |     |  ♖  |     |  ♟  |  ♚  |
  +-----+-----+-----+-----+-----+-----+-----+-----+
6 |  ♟  |  ♕  |     |     |     |  ♟  |     |  ♟  |
  +-----+-----+-----+-----+-----+-----+-----+-----+
5 |  ♙  |     |     |     |     |  ♙  |     |  ♙  |
  +-----+-----+-----+-----+-----+-----+-----+-----+
4 |     |     |     |  ♙  |     |     |  ♙  |     |
  +-----+-----+-----+-----+-----+-----+-----+-----+
3 |     |     |     |     |     |  ♙  |     |  ♔  |
  +-----+-----+-----+-----+-----+-----+-----+-----+
2 |     |     |     |     |     |     |     |     |
  +-----+-----+-----+-----+-----+-----+-----+-----+
1 |     |     |     |     |     |     |     |     |
  +-----+-----+-----+-----+-----+-----+-----+-----+
Noir : 
     a     b     c     d     e     f     g     h    
  +-----+-----+-----+-----+-----+-----+-----+-----+
8 |     |  ♛  |     |  ♜  |     |     |     |     |
  +-----+-----+-----+-----+-----+-----+-----+-----+
7 |     |     |     |     |  ♖  |     |  ♟  |  ♚  |
  +-----+-----+-----+-----+-----+-----+-----+-----+
6 |  ♟  |  ♕  |     |     |     |  ♟  |     |  ♟  |
  +-----+-----+-----+-----+-----+-----+-----+-----+
5 |  ♙  |     |     |     |     |  ♙  |     |  ♙  |
  +-----+-----+-----+-----+-----+-----+-----+-----+
4 |     |     |     |  ♙  |     |     |  ♙  |     |
  +-----+-----+-----+-----+-----+-----+-----+-----+
3 |     |     |     |     |     |  ♙  |     |  ♔  |
  +-----+-----+-----+-----+-----+-----+-----+-----+
2 |     |     |     |     |     |     |     |     |
  +-----+-----+-----+-----+-----+-----+-----+-----+
1 |     |     |     |     |     |     |     |     |
  +-----+-----+-----+-----+-----+-----+-----+-----+
Blanc : 
     a     b     c     d     e     f     g     h    
  +-----+-----+-----+-----+-----+-----+-----+-----+
8 |     |  ♕  |     |  ♜  |     |     |     |     |
  +-----+-----+-----+-----+-----+-----+-----+-----+
7 |     |     |     |     |  ♖  |     |  ♟  |  ♚  |
  +-----+-----+-----+-----+-----+-----+-----+-----+
6 |  ♟  |     |     |     |     |  ♟  |     |  ♟  |
  +-----+-----+-----+-----+-----+-----+-----+-----+
5 |  ♙  |     |     |     |     |  ♙  |     |  ♙  |
  +-----+-----+-----+-----+-----+-----+-----+-----+
4 |     |     |     |  ♙  |     |     |  ♙  |     |
  +-----+-----+-----+-----+-----+-----+-----+-----+
3 |     |     |     |     |     |  ♙  |     |  ♔  |
  +-----+-----+-----+-----+-----+-----+-----+-----+
2 |     |     |     |     |     |     |     |     |
  +-----+-----+-----+-----+-----+-----+-----+-----+
1 |     |     |     |     |     |     |     |     |
  +-----+-----+-----+-----+-----+-----+-----+-----+
Noir : 
     a     b     c     d     e     f     g     h    
  +-----+-----+-----+-----+-----+-----+-----+-----+
8 |     |  ♕  |     |     |     |     |     |     |
  +-----+-----+-----+-----+-----+-----+-----+-----+
7 |     |     |     |  ♜  |  ♖  |     |  ♟  |  ♚  |
  +-----+-----+-----+-----+-----+-----+-----+-----+
6 |  ♟  |     |     |     |     |  ♟  |     |  ♟  |
  +-----+-----+-----+-----+-----+-----+-----+-----+
5 |  ♙  |     |     |     |     |  ♙  |     |  ♙  |
  +-----+-----+-----+-----+-----+-----+-----+-----+
4 |     |     |     |  ♙  |     |     |  ♙  |     |
  +-----+-----+-----+-----+-----+-----+-----+-----+
3 |     |     |     |     |     |  ♙  |     |  ♔  |
  +-----+-----+-----+-----+-----+-----+-----+-----+
2 |     |     |     |     |     |     |     |     |
  +-----+-----+-----+-----+-----+-----+-----+-----+
1 |     |     |     |     |     |     |     |     |
  +-----+-----+-----+-----+-----+-----+-----+-----+
Blanc : 
     a     b     c     d     e     f     g     h    
  +-----+-----+-----+-----+-----+-----+-----+-----+
8 |     |  ♕  |     |     |     |     |     |     |
  +-----+-----+-----+-----+-----+-----+-----+-----+
7 |     |     |     |  ♖  |     |     |  ♟  |  ♚  |
  +-----+-----+-----+-----+-----+-----+-----+-----+
6 |  ♟  |     |     |     |     |  ♟  |     |  ♟  |
  +-----+-----+-----+-----+-----+-----+-----+-----+
5 |  ♙  |     |     |     |     |  ♙  |     |  ♙  |
  +-----+-----+-----+-----+-----+-----+-----+-----+
4 |     |     |     |  ♙  |     |     |  ♙  |     |
  +-----+-----+-----+-----+-----+-----+-----+-----+
3 |     |     |     |     |     |  ♙  |     |  ♔  |
  +-----+-----+-----+-----+-----+-----+-----+-----+
2 |     |     |     |     |     |     |     |     |
  +-----+-----+-----+-----+-----+-----+-----+-----+
1 |     |     |     |     |     |     |     |     |
  +-----+-----+-----+-----+-----+-----+-----+-----+
Noir : fin de partie
,,,,,,,,,,,,,,,,,,,,,wP,,wK,,,,wP,,,wP,,wP,,,,,wP,,wP,bP,,,,,bP,,bP,,,,wR,,,bP,bK,,wQ,,,,,,, 1/2-1/2
  -> [0;32mreference position: OK[0m
  -> [0;32mreference result: OK[0m
  -> [0m(exit code=0)
